Archive member included to satisfy reference by file (symbol)

c:/toolsarm/gcc_arm/bin/../lib/gcc/arm-none-eabi/5.2.1/../../../../arm-none-eabi/lib/armv7e-m/fpu\libc.a(lib_a-exit.o)
                              c:/toolsarm/gcc_arm/bin/../lib/gcc/arm-none-eabi/5.2.1/../../../../arm-none-eabi/lib/armv7e-m/fpu/crt0.o (exit)
c:/toolsarm/gcc_arm/bin/../lib/gcc/arm-none-eabi/5.2.1/../../../../arm-none-eabi/lib/armv7e-m/fpu\libc.a(lib_a-impure.o)
                              c:/toolsarm/gcc_arm/bin/../lib/gcc/arm-none-eabi/5.2.1/../../../../arm-none-eabi/lib/armv7e-m/fpu\libc.a(lib_a-exit.o) (_global_impure_ptr)
c:/toolsarm/gcc_arm/bin/../lib/gcc/arm-none-eabi/5.2.1/../../../../arm-none-eabi/lib/armv7e-m/fpu\libc.a(lib_a-init.o)
                              c:/toolsarm/gcc_arm/bin/../lib/gcc/arm-none-eabi/5.2.1/../../../../arm-none-eabi/lib/armv7e-m/fpu/crt0.o (__libc_init_array)
c:/toolsarm/gcc_arm/bin/../lib/gcc/arm-none-eabi/5.2.1/../../../../arm-none-eabi/lib/armv7e-m/fpu\libc.a(lib_a-memset.o)
                              c:/toolsarm/gcc_arm/bin/../lib/gcc/arm-none-eabi/5.2.1/../../../../arm-none-eabi/lib/armv7e-m/fpu/crt0.o (memset)
c:/toolsarm/gcc_arm/bin/../lib/gcc/arm-none-eabi/5.2.1/../../../../arm-none-eabi/lib/armv7e-m/fpu\libc.a(lib_a-__call_atexit.o)
                              c:/toolsarm/gcc_arm/bin/../lib/gcc/arm-none-eabi/5.2.1/../../../../arm-none-eabi/lib/armv7e-m/fpu\libc.a(lib_a-exit.o) (__call_exitprocs)
c:/toolsarm/gcc_arm/bin/../lib/gcc/arm-none-eabi/5.2.1/../../../../arm-none-eabi/lib/armv7e-m/fpu\libc.a(lib_a-atexit.o)
                              c:/toolsarm/gcc_arm/bin/../lib/gcc/arm-none-eabi/5.2.1/../../../../arm-none-eabi/lib/armv7e-m/fpu\libc.a(lib_a-__call_atexit.o) (atexit)
c:/toolsarm/gcc_arm/bin/../lib/gcc/arm-none-eabi/5.2.1/../../../../arm-none-eabi/lib/armv7e-m/fpu\libc.a(lib_a-fini.o)
                              c:/toolsarm/gcc_arm/bin/../lib/gcc/arm-none-eabi/5.2.1/../../../../arm-none-eabi/lib/armv7e-m/fpu\libc.a(lib_a-__call_atexit.o) (__libc_fini_array)
c:/toolsarm/gcc_arm/bin/../lib/gcc/arm-none-eabi/5.2.1/../../../../arm-none-eabi/lib/armv7e-m/fpu\libc.a(lib_a-__atexit.o)
                              c:/toolsarm/gcc_arm/bin/../lib/gcc/arm-none-eabi/5.2.1/../../../../arm-none-eabi/lib/armv7e-m/fpu\libc.a(lib_a-atexit.o) (__register_exitproc)

Allocating common symbols
Common symbol       size              file

uwTick              0x4               ./HAL/Src/stm32f4xx_hal.o
pFlash              0x20              ./HAL/Src/stm32f4xx_hal_flash.o

Discarded input sections

 .text          0x00000000        0x0 c:/toolsarm/gcc_arm/bin/../lib/gcc/arm-none-eabi/5.2.1/armv7e-m/fpu/crti.o
 .data          0x00000000        0x0 c:/toolsarm/gcc_arm/bin/../lib/gcc/arm-none-eabi/5.2.1/armv7e-m/fpu/crti.o
 .bss           0x00000000        0x0 c:/toolsarm/gcc_arm/bin/../lib/gcc/arm-none-eabi/5.2.1/armv7e-m/fpu/crti.o
 .data          0x00000000        0x4 c:/toolsarm/gcc_arm/bin/../lib/gcc/arm-none-eabi/5.2.1/armv7e-m/fpu/crtbegin.o
 .text          0x00000000       0x74 c:/toolsarm/gcc_arm/bin/../lib/gcc/arm-none-eabi/5.2.1/../../../../arm-none-eabi/lib/armv7e-m/fpu/crt0.o
 .data          0x00000000        0x0 c:/toolsarm/gcc_arm/bin/../lib/gcc/arm-none-eabi/5.2.1/../../../../arm-none-eabi/lib/armv7e-m/fpu/crt0.o
 .bss           0x00000000        0x0 c:/toolsarm/gcc_arm/bin/../lib/gcc/arm-none-eabi/5.2.1/../../../../arm-none-eabi/lib/armv7e-m/fpu/crt0.o
 .ARM.extab     0x00000000        0x0 c:/toolsarm/gcc_arm/bin/../lib/gcc/arm-none-eabi/5.2.1/../../../../arm-none-eabi/lib/armv7e-m/fpu/crt0.o
 .ARM.exidx     0x00000000        0x8 c:/toolsarm/gcc_arm/bin/../lib/gcc/arm-none-eabi/5.2.1/../../../../arm-none-eabi/lib/armv7e-m/fpu/crt0.o
 .ARM.attributes
                0x00000000       0x20 c:/toolsarm/gcc_arm/bin/../lib/gcc/arm-none-eabi/5.2.1/../../../../arm-none-eabi/lib/armv7e-m/fpu/crt0.o
 .text          0x00000000        0x0 ./Src/gpio.o
 .data          0x00000000        0x0 ./Src/gpio.o
 .bss           0x00000000        0x0 ./Src/gpio.o
 .text          0x00000000        0x0 ./Src/main.o
 .data          0x00000000        0x0 ./Src/main.o
 .bss           0x00000000        0x0 ./Src/main.o
 .text          0x00000000        0x0 ./Src/new.o
 .data          0x00000000        0x0 ./Src/new.o
 .bss           0x00000000        0x0 ./Src/new.o
 .debug_line    0x00000000        0x0 ./Src/new.o
 .debug_str     0x00000000      0x118 ./Src/new.o
 .comment       0x00000000       0x6f ./Src/new.o
 .ARM.attributes
                0x00000000       0x39 ./Src/new.o
 .text          0x00000000        0x0 ./Src/stm32f4xx_hal_msp.o
 .data          0x00000000        0x0 ./Src/stm32f4xx_hal_msp.o
 .bss           0x00000000        0x0 ./Src/stm32f4xx_hal_msp.o
 .text          0x00000000        0x0 ./Src/stm32f4xx_it.o
 .data          0x00000000        0x0 ./Src/stm32f4xx_it.o
 .bss           0x00000000        0x0 ./Src/stm32f4xx_it.o
 .text          0x00000000        0x0 ./HAL/Src/stm32f4xx_hal.o
 .data          0x00000000        0x0 ./HAL/Src/stm32f4xx_hal.o
 .bss           0x00000000        0x0 ./HAL/Src/stm32f4xx_hal.o
 .text.HAL_MspInit
                0x00000000        0x2 ./HAL/Src/stm32f4xx_hal.o
 .text.HAL_MspDeInit
                0x00000000        0x2 ./HAL/Src/stm32f4xx_hal.o
 .text.HAL_DeInit
                0x00000000       0x2c ./HAL/Src/stm32f4xx_hal.o
 .text.HAL_SuspendTick
                0x00000000       0x10 ./HAL/Src/stm32f4xx_hal.o
 .text.HAL_ResumeTick
                0x00000000       0x10 ./HAL/Src/stm32f4xx_hal.o
 .text.HAL_GetHalVersion
                0x00000000        0x8 ./HAL/Src/stm32f4xx_hal.o
 .text.HAL_GetREVID
                0x00000000        0xc ./HAL/Src/stm32f4xx_hal.o
 .text.HAL_GetDEVID
                0x00000000       0x10 ./HAL/Src/stm32f4xx_hal.o
 .text.HAL_DBGMCU_EnableDBGSleepMode
                0x00000000       0x10 ./HAL/Src/stm32f4xx_hal.o
 .text.HAL_DBGMCU_DisableDBGSleepMode
                0x00000000       0x10 ./HAL/Src/stm32f4xx_hal.o
 .text.HAL_DBGMCU_EnableDBGStopMode
                0x00000000       0x10 ./HAL/Src/stm32f4xx_hal.o
 .text.HAL_DBGMCU_DisableDBGStopMode
                0x00000000       0x10 ./HAL/Src/stm32f4xx_hal.o
 .text.HAL_DBGMCU_EnableDBGStandbyMode
                0x00000000       0x10 ./HAL/Src/stm32f4xx_hal.o
 .text.HAL_DBGMCU_DisableDBGStandbyMode
                0x00000000       0x10 ./HAL/Src/stm32f4xx_hal.o
 .text.HAL_EnableCompensationCell
                0x00000000       0x18 ./HAL/Src/stm32f4xx_hal.o
 .text.HAL_DisableCompensationCell
                0x00000000       0x1c ./HAL/Src/stm32f4xx_hal.o
 .text          0x00000000        0x0 ./HAL/Src/stm32f4xx_hal_cortex.o
 .data          0x00000000        0x0 ./HAL/Src/stm32f4xx_hal_cortex.o
 .bss           0x00000000        0x0 ./HAL/Src/stm32f4xx_hal_cortex.o
 .text.HAL_NVIC_EnableIRQ
                0x00000000       0x2c ./HAL/Src/stm32f4xx_hal_cortex.o
 .text.HAL_NVIC_DisableIRQ
                0x00000000       0x2c ./HAL/Src/stm32f4xx_hal_cortex.o
 .text.HAL_NVIC_SystemReset
                0x00000000       0x24 ./HAL/Src/stm32f4xx_hal_cortex.o
 .text.HAL_MPU_ConfigRegion
                0x00000000      0x104 ./HAL/Src/stm32f4xx_hal_cortex.o
 .text.HAL_NVIC_GetPriorityGrouping
                0x00000000       0x10 ./HAL/Src/stm32f4xx_hal_cortex.o
 .text.HAL_NVIC_GetPriority
                0x00000000       0x78 ./HAL/Src/stm32f4xx_hal_cortex.o
 .text.HAL_NVIC_SetPendingIRQ
                0x00000000       0x30 ./HAL/Src/stm32f4xx_hal_cortex.o
 .text.HAL_NVIC_GetPendingIRQ
                0x00000000       0x30 ./HAL/Src/stm32f4xx_hal_cortex.o
 .text.HAL_NVIC_ClearPendingIRQ
                0x00000000       0x30 ./HAL/Src/stm32f4xx_hal_cortex.o
 .text.HAL_NVIC_GetActive
                0x00000000       0x30 ./HAL/Src/stm32f4xx_hal_cortex.o
 .text.HAL_SYSTICK_Callback
                0x00000000        0x2 ./HAL/Src/stm32f4xx_hal_cortex.o
 .text          0x00000000        0x0 ./HAL/Src/stm32f4xx_hal_dma.o
 .data          0x00000000        0x0 ./HAL/Src/stm32f4xx_hal_dma.o
 .bss           0x00000000        0x0 ./HAL/Src/stm32f4xx_hal_dma.o
 .text.DMA_CalcBaseAndBitshift
                0x00000000       0x2c ./HAL/Src/stm32f4xx_hal_dma.o
 .text.HAL_DMA_Init
                0x00000000      0x240 ./HAL/Src/stm32f4xx_hal_dma.o
 .text.HAL_DMA_DeInit
                0x00000000       0x4a ./HAL/Src/stm32f4xx_hal_dma.o
 .text.HAL_DMA_Start
                0x00000000       0x78 ./HAL/Src/stm32f4xx_hal_dma.o
 .text.HAL_DMA_Start_IT
                0x00000000       0xac ./HAL/Src/stm32f4xx_hal_dma.o
 .text.HAL_DMA_Abort
                0x00000000       0x86 ./HAL/Src/stm32f4xx_hal_dma.o
 .text.HAL_DMA_Abort_IT
                0x00000000       0x24 ./HAL/Src/stm32f4xx_hal_dma.o
 .text.HAL_DMA_PollForTransfer
                0x00000000      0x120 ./HAL/Src/stm32f4xx_hal_dma.o
 .text.HAL_DMA_IRQHandler
                0x00000000      0x17c ./HAL/Src/stm32f4xx_hal_dma.o
 .text.HAL_DMA_RegisterCallback
                0x00000000       0x4c ./HAL/Src/stm32f4xx_hal_dma.o
 .text.HAL_DMA_UnRegisterCallback
                0x00000000       0x5c ./HAL/Src/stm32f4xx_hal_dma.o
 .text.HAL_DMA_GetState
                0x00000000        0x6 ./HAL/Src/stm32f4xx_hal_dma.o
 .text.HAL_DMA_GetError
                0x00000000        0x4 ./HAL/Src/stm32f4xx_hal_dma.o
 .rodata.flagBitshiftOffset.6644
                0x00000000        0x8 ./HAL/Src/stm32f4xx_hal_dma.o
 .rodata.str1.1
                0x00000000       0x1f ./HAL/Src/stm32f4xx_hal_dma.o
 .debug_info    0x00000000      0xbea ./HAL/Src/stm32f4xx_hal_dma.o
 .debug_abbrev  0x00000000      0x2fd ./HAL/Src/stm32f4xx_hal_dma.o
 .debug_loc     0x00000000      0x723 ./HAL/Src/stm32f4xx_hal_dma.o
 .debug_aranges
                0x00000000       0x80 ./HAL/Src/stm32f4xx_hal_dma.o
 .debug_ranges  0x00000000       0x90 ./HAL/Src/stm32f4xx_hal_dma.o
 .debug_line    0x00000000      0x5dc ./HAL/Src/stm32f4xx_hal_dma.o
 .debug_str     0x00000000      0x7bb ./HAL/Src/stm32f4xx_hal_dma.o
 .comment       0x00000000       0x6f ./HAL/Src/stm32f4xx_hal_dma.o
 .debug_frame   0x00000000      0x158 ./HAL/Src/stm32f4xx_hal_dma.o
 .ARM.attributes
                0x00000000       0x39 ./HAL/Src/stm32f4xx_hal_dma.o
 .text          0x00000000        0x0 ./HAL/Src/stm32f4xx_hal_dma_ex.o
 .data          0x00000000        0x0 ./HAL/Src/stm32f4xx_hal_dma_ex.o
 .bss           0x00000000        0x0 ./HAL/Src/stm32f4xx_hal_dma_ex.o
 .text.HAL_DMAEx_MultiBufferStart
                0x00000000       0x84 ./HAL/Src/stm32f4xx_hal_dma_ex.o
 .text.HAL_DMAEx_MultiBufferStart_IT
                0x00000000      0x414 ./HAL/Src/stm32f4xx_hal_dma_ex.o
 .text.HAL_DMAEx_ChangeMemory
                0x00000000        0xe ./HAL/Src/stm32f4xx_hal_dma_ex.o
 .rodata.str1.1
                0x00000000       0x22 ./HAL/Src/stm32f4xx_hal_dma_ex.o
 .debug_info    0x00000000      0x5e3 ./HAL/Src/stm32f4xx_hal_dma_ex.o
 .debug_abbrev  0x00000000      0x1be ./HAL/Src/stm32f4xx_hal_dma_ex.o
 .debug_loc     0x00000000      0x2c9 ./HAL/Src/stm32f4xx_hal_dma_ex.o
 .debug_aranges
                0x00000000       0x30 ./HAL/Src/stm32f4xx_hal_dma_ex.o
 .debug_ranges  0x00000000       0x50 ./HAL/Src/stm32f4xx_hal_dma_ex.o
 .debug_line    0x00000000      0x540 ./HAL/Src/stm32f4xx_hal_dma_ex.o
 .debug_str     0x00000000      0x5a0 ./HAL/Src/stm32f4xx_hal_dma_ex.o
 .comment       0x00000000       0x6f ./HAL/Src/stm32f4xx_hal_dma_ex.o
 .debug_frame   0x00000000       0x60 ./HAL/Src/stm32f4xx_hal_dma_ex.o
 .ARM.attributes
                0x00000000       0x39 ./HAL/Src/stm32f4xx_hal_dma_ex.o
 .text          0x00000000        0x0 ./HAL/Src/stm32f4xx_hal_flash.o
 .data          0x00000000        0x0 ./HAL/Src/stm32f4xx_hal_flash.o
 .bss           0x00000000        0x0 ./HAL/Src/stm32f4xx_hal_flash.o
 .text.FLASH_SetErrorCode
                0x00000000       0x90 ./HAL/Src/stm32f4xx_hal_flash.o
 .text.FLASH_Program_Byte
                0x00000000       0x3c ./HAL/Src/stm32f4xx_hal_flash.o
 .text.FLASH_Program_HalfWord
                0x00000000       0x40 ./HAL/Src/stm32f4xx_hal_flash.o
 .text.FLASH_Program_Word
                0x00000000       0x40 ./HAL/Src/stm32f4xx_hal_flash.o
 .text.FLASH_Program_DoubleWord
                0x00000000       0x44 ./HAL/Src/stm32f4xx_hal_flash.o
 .text.HAL_FLASH_Program_IT
                0x00000000       0x88 ./HAL/Src/stm32f4xx_hal_flash.o
 .text.HAL_FLASH_EndOfOperationCallback
                0x00000000        0x2 ./HAL/Src/stm32f4xx_hal_flash.o
 .text.HAL_FLASH_OperationErrorCallback
                0x00000000        0x2 ./HAL/Src/stm32f4xx_hal_flash.o
 .text.HAL_FLASH_IRQHandler
                0x00000000       0xcc ./HAL/Src/stm32f4xx_hal_flash.o
 .text.HAL_FLASH_Unlock
                0x00000000       0x24 ./HAL/Src/stm32f4xx_hal_flash.o
 .text.HAL_FLASH_Lock
                0x00000000       0x14 ./HAL/Src/stm32f4xx_hal_flash.o
 .text.HAL_FLASH_OB_Unlock
                0x00000000       0x24 ./HAL/Src/stm32f4xx_hal_flash.o
 .text.HAL_FLASH_OB_Lock
                0x00000000       0x14 ./HAL/Src/stm32f4xx_hal_flash.o
 .text.HAL_FLASH_GetError
                0x00000000        0xc ./HAL/Src/stm32f4xx_hal_flash.o
 .text.FLASH_WaitForLastOperation
                0x00000000       0x5c ./HAL/Src/stm32f4xx_hal_flash.o
 .text.HAL_FLASH_Program
                0x00000000       0x8c ./HAL/Src/stm32f4xx_hal_flash.o
 .text.HAL_FLASH_OB_Launch
                0x00000000       0x18 ./HAL/Src/stm32f4xx_hal_flash.o
 .rodata.str1.1
                0x00000000       0x21 ./HAL/Src/stm32f4xx_hal_flash.o
 .debug_info    0x00000000      0x78c ./HAL/Src/stm32f4xx_hal_flash.o
 .debug_abbrev  0x00000000      0x268 ./HAL/Src/stm32f4xx_hal_flash.o
 .debug_loc     0x00000000      0x386 ./HAL/Src/stm32f4xx_hal_flash.o
 .debug_aranges
                0x00000000       0x98 ./HAL/Src/stm32f4xx_hal_flash.o
 .debug_ranges  0x00000000       0x88 ./HAL/Src/stm32f4xx_hal_flash.o
 .debug_line    0x00000000      0x405 ./HAL/Src/stm32f4xx_hal_flash.o
 .debug_str     0x00000000      0x568 ./HAL/Src/stm32f4xx_hal_flash.o
 .comment       0x00000000       0x6f ./HAL/Src/stm32f4xx_hal_flash.o
 .debug_frame   0x00000000      0x188 ./HAL/Src/stm32f4xx_hal_flash.o
 .ARM.attributes
                0x00000000       0x39 ./HAL/Src/stm32f4xx_hal_flash.o
 COMMON         0x00000000       0x20 ./HAL/Src/stm32f4xx_hal_flash.o
 .text          0x00000000        0x0 ./HAL/Src/stm32f4xx_hal_flash_ex.o
 .data          0x00000000        0x0 ./HAL/Src/stm32f4xx_hal_flash_ex.o
 .bss           0x00000000        0x0 ./HAL/Src/stm32f4xx_hal_flash_ex.o
 .text.FLASH_MassErase
                0x00000000       0x4c ./HAL/Src/stm32f4xx_hal_flash_ex.o
 .text.HAL_FLASHEx_OBProgram
                0x00000000      0x148 ./HAL/Src/stm32f4xx_hal_flash_ex.o
 .text.HAL_FLASHEx_OBGetConfig
                0x00000000       0x48 ./HAL/Src/stm32f4xx_hal_flash_ex.o
 .text.FLASH_Erase_Sector
                0x00000000       0x80 ./HAL/Src/stm32f4xx_hal_flash_ex.o
 .text.HAL_FLASHEx_Erase_IT
                0x00000000       0x8c ./HAL/Src/stm32f4xx_hal_flash_ex.o
 .text.FLASH_FlushCaches
                0x00000000       0x58 ./HAL/Src/stm32f4xx_hal_flash_ex.o
 .text.HAL_FLASHEx_Erase
                0x00000000       0xcc ./HAL/Src/stm32f4xx_hal_flash_ex.o
 .rodata.str1.1
                0x00000000       0x24 ./HAL/Src/stm32f4xx_hal_flash_ex.o
 .debug_info    0x00000000      0xa68 ./HAL/Src/stm32f4xx_hal_flash_ex.o
 .debug_abbrev  0x00000000      0x2bb ./HAL/Src/stm32f4xx_hal_flash_ex.o
 .debug_loc     0x00000000      0x414 ./HAL/Src/stm32f4xx_hal_flash_ex.o
 .debug_aranges
                0x00000000       0x50 ./HAL/Src/stm32f4xx_hal_flash_ex.o
 .debug_ranges  0x00000000       0xa0 ./HAL/Src/stm32f4xx_hal_flash_ex.o
 .debug_line    0x00000000      0x3cc ./HAL/Src/stm32f4xx_hal_flash_ex.o
 .debug_str     0x00000000      0x5f3 ./HAL/Src/stm32f4xx_hal_flash_ex.o
 .comment       0x00000000       0x6f ./HAL/Src/stm32f4xx_hal_flash_ex.o
 .debug_frame   0x00000000       0xc8 ./HAL/Src/stm32f4xx_hal_flash_ex.o
 .ARM.attributes
                0x00000000       0x39 ./HAL/Src/stm32f4xx_hal_flash_ex.o
 .text          0x00000000        0x0 ./HAL/Src/stm32f4xx_hal_flash_ramfunc.o
 .data          0x00000000        0x0 ./HAL/Src/stm32f4xx_hal_flash_ramfunc.o
 .bss           0x00000000        0x0 ./HAL/Src/stm32f4xx_hal_flash_ramfunc.o
 .debug_info    0x00000000       0xa0 ./HAL/Src/stm32f4xx_hal_flash_ramfunc.o
 .debug_abbrev  0x00000000       0x4b ./HAL/Src/stm32f4xx_hal_flash_ramfunc.o
 .debug_aranges
                0x00000000       0x18 ./HAL/Src/stm32f4xx_hal_flash_ramfunc.o
 .debug_line    0x00000000       0xcf ./HAL/Src/stm32f4xx_hal_flash_ramfunc.o
 .debug_str     0x00000000      0x1f1 ./HAL/Src/stm32f4xx_hal_flash_ramfunc.o
 .comment       0x00000000       0x6f ./HAL/Src/stm32f4xx_hal_flash_ramfunc.o
 .ARM.attributes
                0x00000000       0x39 ./HAL/Src/stm32f4xx_hal_flash_ramfunc.o
 .text          0x00000000        0x0 ./HAL/Src/stm32f4xx_hal_gpio.o
 .data          0x00000000        0x0 ./HAL/Src/stm32f4xx_hal_gpio.o
 .bss           0x00000000        0x0 ./HAL/Src/stm32f4xx_hal_gpio.o
 .text.HAL_GPIO_DeInit
                0x00000000      0x170 ./HAL/Src/stm32f4xx_hal_gpio.o
 .text.HAL_GPIO_ReadPin
                0x00000000       0x24 ./HAL/Src/stm32f4xx_hal_gpio.o
 .text.HAL_GPIO_LockPin
                0x00000000       0x40 ./HAL/Src/stm32f4xx_hal_gpio.o
 .text.HAL_GPIO_EXTI_Callback
                0x00000000        0x2 ./HAL/Src/stm32f4xx_hal_gpio.o
 .text.HAL_GPIO_EXTI_IRQHandler
                0x00000000       0x18 ./HAL/Src/stm32f4xx_hal_gpio.o
 .text          0x00000000        0x0 ./HAL/Src/stm32f4xx_hal_pwr.o
 .data          0x00000000        0x0 ./HAL/Src/stm32f4xx_hal_pwr.o
 .bss           0x00000000        0x0 ./HAL/Src/stm32f4xx_hal_pwr.o
 .text.HAL_PWR_DeInit
                0x00000000       0x18 ./HAL/Src/stm32f4xx_hal_pwr.o
 .text.HAL_PWR_EnableBkUpAccess
                0x00000000       0x1c ./HAL/Src/stm32f4xx_hal_pwr.o
 .text.HAL_PWR_DisableBkUpAccess
                0x00000000       0x1c ./HAL/Src/stm32f4xx_hal_pwr.o
 .text.HAL_PWR_ConfigPVD
                0x00000000       0xb0 ./HAL/Src/stm32f4xx_hal_pwr.o
 .text.HAL_PWR_EnablePVD
                0x00000000       0x1a ./HAL/Src/stm32f4xx_hal_pwr.o
 .text.HAL_PWR_DisablePVD
                0x00000000       0x1a ./HAL/Src/stm32f4xx_hal_pwr.o
 .text.HAL_PWR_EnableWakeUpPin
                0x00000000       0x28 ./HAL/Src/stm32f4xx_hal_pwr.o
 .text.HAL_PWR_DisableWakeUpPin
                0x00000000       0x28 ./HAL/Src/stm32f4xx_hal_pwr.o
 .text.HAL_PWR_EnterSLEEPMode
                0x00000000       0x44 ./HAL/Src/stm32f4xx_hal_pwr.o
 .text.HAL_PWR_EnterSTOPMode
                0x00000000       0x60 ./HAL/Src/stm32f4xx_hal_pwr.o
 .text.HAL_PWR_EnterSTANDBYMode
                0x00000000       0x20 ./HAL/Src/stm32f4xx_hal_pwr.o
 .text.HAL_PWR_PVDCallback
                0x00000000        0x2 ./HAL/Src/stm32f4xx_hal_pwr.o
 .text.HAL_PWR_PVD_IRQHandler
                0x00000000       0x1c ./HAL/Src/stm32f4xx_hal_pwr.o
 .text.HAL_PWR_EnableSleepOnExit
                0x00000000       0x10 ./HAL/Src/stm32f4xx_hal_pwr.o
 .text.HAL_PWR_DisableSleepOnExit
                0x00000000       0x10 ./HAL/Src/stm32f4xx_hal_pwr.o
 .text.HAL_PWR_EnableSEVOnPend
                0x00000000       0x10 ./HAL/Src/stm32f4xx_hal_pwr.o
 .text.HAL_PWR_DisableSEVOnPend
                0x00000000       0x10 ./HAL/Src/stm32f4xx_hal_pwr.o
 .rodata.str1.1
                0x00000000       0x1f ./HAL/Src/stm32f4xx_hal_pwr.o
 .debug_info    0x00000000      0x937 ./HAL/Src/stm32f4xx_hal_pwr.o
 .debug_abbrev  0x00000000      0x21b ./HAL/Src/stm32f4xx_hal_pwr.o
 .debug_loc     0x00000000      0x167 ./HAL/Src/stm32f4xx_hal_pwr.o
 .debug_aranges
                0x00000000       0xa0 ./HAL/Src/stm32f4xx_hal_pwr.o
 .debug_ranges  0x00000000       0x90 ./HAL/Src/stm32f4xx_hal_pwr.o
 .debug_line    0x00000000      0x3a2 ./HAL/Src/stm32f4xx_hal_pwr.o
 .debug_str     0x00000000      0x5a2 ./HAL/Src/stm32f4xx_hal_pwr.o
 .comment       0x00000000       0x6f ./HAL/Src/stm32f4xx_hal_pwr.o
 .debug_frame   0x00000000      0x154 ./HAL/Src/stm32f4xx_hal_pwr.o
 .ARM.attributes
                0x00000000       0x39 ./HAL/Src/stm32f4xx_hal_pwr.o
 .text          0x00000000        0x0 ./HAL/Src/stm32f4xx_hal_pwr_ex.o
 .data          0x00000000        0x0 ./HAL/Src/stm32f4xx_hal_pwr_ex.o
 .bss           0x00000000        0x0 ./HAL/Src/stm32f4xx_hal_pwr_ex.o
 .text.HAL_PWREx_EnableBkUpReg
                0x00000000       0x44 ./HAL/Src/stm32f4xx_hal_pwr_ex.o
 .text.HAL_PWREx_DisableBkUpReg
                0x00000000       0x44 ./HAL/Src/stm32f4xx_hal_pwr_ex.o
 .text.HAL_PWREx_EnableFlashPowerDown
                0x00000000       0x1c ./HAL/Src/stm32f4xx_hal_pwr_ex.o
 .text.HAL_PWREx_DisableFlashPowerDown
                0x00000000       0x1c ./HAL/Src/stm32f4xx_hal_pwr_ex.o
 .text.HAL_PWREx_GetVoltageRange
                0x00000000       0x10 ./HAL/Src/stm32f4xx_hal_pwr_ex.o
 .text.HAL_PWREx_ControlVoltageScaling
                0x00000000       0x74 ./HAL/Src/stm32f4xx_hal_pwr_ex.o
 .rodata.str1.1
                0x00000000       0x22 ./HAL/Src/stm32f4xx_hal_pwr_ex.o
 .debug_info    0x00000000      0x54f ./HAL/Src/stm32f4xx_hal_pwr_ex.o
 .debug_abbrev  0x00000000      0x1ec ./HAL/Src/stm32f4xx_hal_pwr_ex.o
 .debug_loc     0x00000000       0xe1 ./HAL/Src/stm32f4xx_hal_pwr_ex.o
 .debug_aranges
                0x00000000       0x48 ./HAL/Src/stm32f4xx_hal_pwr_ex.o
 .debug_ranges  0x00000000       0x68 ./HAL/Src/stm32f4xx_hal_pwr_ex.o
 .debug_line    0x00000000      0x28d ./HAL/Src/stm32f4xx_hal_pwr_ex.o
 .debug_str     0x00000000      0x45d ./HAL/Src/stm32f4xx_hal_pwr_ex.o
 .comment       0x00000000       0x6f ./HAL/Src/stm32f4xx_hal_pwr_ex.o
 .debug_frame   0x00000000       0x94 ./HAL/Src/stm32f4xx_hal_pwr_ex.o
 .ARM.attributes
                0x00000000       0x39 ./HAL/Src/stm32f4xx_hal_pwr_ex.o
 .text          0x00000000        0x0 ./HAL/Src/stm32f4xx_hal_rcc.o
 .data          0x00000000        0x0 ./HAL/Src/stm32f4xx_hal_rcc.o
 .bss           0x00000000        0x0 ./HAL/Src/stm32f4xx_hal_rcc.o
 .text.HAL_RCC_DeInit
                0x00000000        0x2 ./HAL/Src/stm32f4xx_hal_rcc.o
 .text.HAL_RCC_MCOConfig
                0x00000000       0xf4 ./HAL/Src/stm32f4xx_hal_rcc.o
 .text.HAL_RCC_EnableCSS
                0x00000000        0xc ./HAL/Src/stm32f4xx_hal_rcc.o
 .text.HAL_RCC_DisableCSS
                0x00000000        0xc ./HAL/Src/stm32f4xx_hal_rcc.o
 .text.HAL_RCC_GetPCLK1Freq
                0x00000000       0x30 ./HAL/Src/stm32f4xx_hal_rcc.o
 .text.HAL_RCC_GetPCLK2Freq
                0x00000000       0x30 ./HAL/Src/stm32f4xx_hal_rcc.o
 .text.HAL_RCC_GetOscConfig
                0x00000000       0xd0 ./HAL/Src/stm32f4xx_hal_rcc.o
 .text.HAL_RCC_GetClockConfig
                0x00000000       0x3c ./HAL/Src/stm32f4xx_hal_rcc.o
 .text.HAL_RCC_CSSCallback
                0x00000000        0x2 ./HAL/Src/stm32f4xx_hal_rcc.o
 .text.HAL_RCC_NMI_IRQHandler
                0x00000000       0x20 ./HAL/Src/stm32f4xx_hal_rcc.o
 .text          0x00000000        0x0 ./HAL/Src/stm32f4xx_hal_rcc_ex.o
 .data          0x00000000        0x0 ./HAL/Src/stm32f4xx_hal_rcc_ex.o
 .bss           0x00000000        0x0 ./HAL/Src/stm32f4xx_hal_rcc_ex.o
 .text.HAL_RCC_DeInit
                0x00000000       0x5c ./HAL/Src/stm32f4xx_hal_rcc_ex.o
 .text.HAL_RCCEx_PeriphCLKConfig
                0x00000000      0x1fc ./HAL/Src/stm32f4xx_hal_rcc_ex.o
 .text.HAL_RCCEx_GetPeriphCLKConfig
                0x00000000       0x4c ./HAL/Src/stm32f4xx_hal_rcc_ex.o
 .rodata.str1.1
                0x00000000       0x22 ./HAL/Src/stm32f4xx_hal_rcc_ex.o
 .debug_info    0x00000000      0x5e6 ./HAL/Src/stm32f4xx_hal_rcc_ex.o
 .debug_abbrev  0x00000000      0x22b ./HAL/Src/stm32f4xx_hal_rcc_ex.o
 .debug_loc     0x00000000      0x153 ./HAL/Src/stm32f4xx_hal_rcc_ex.o
 .debug_aranges
                0x00000000       0x30 ./HAL/Src/stm32f4xx_hal_rcc_ex.o
 .debug_ranges  0x00000000       0x68 ./HAL/Src/stm32f4xx_hal_rcc_ex.o
 .debug_line    0x00000000      0x317 ./HAL/Src/stm32f4xx_hal_rcc_ex.o
 .debug_str     0x00000000      0x485 ./HAL/Src/stm32f4xx_hal_rcc_ex.o
 .comment       0x00000000       0x6f ./HAL/Src/stm32f4xx_hal_rcc_ex.o
 .debug_frame   0x00000000       0x5c ./HAL/Src/stm32f4xx_hal_rcc_ex.o
 .ARM.attributes
                0x00000000       0x39 ./HAL/Src/stm32f4xx_hal_rcc_ex.o
 .text          0x00000000        0x0 ./HAL/Src/stm32f4xx_hal_tim.o
 .data          0x00000000        0x0 ./HAL/Src/stm32f4xx_hal_tim.o
 .bss           0x00000000        0x0 ./HAL/Src/stm32f4xx_hal_tim.o
 .debug_info    0x00000000       0xa0 ./HAL/Src/stm32f4xx_hal_tim.o
 .debug_abbrev  0x00000000       0x4b ./HAL/Src/stm32f4xx_hal_tim.o
 .debug_aranges
                0x00000000       0x18 ./HAL/Src/stm32f4xx_hal_tim.o
 .debug_line    0x00000000       0xcf ./HAL/Src/stm32f4xx_hal_tim.o
 .debug_str     0x00000000      0x1e7 ./HAL/Src/stm32f4xx_hal_tim.o
 .comment       0x00000000       0x6f ./HAL/Src/stm32f4xx_hal_tim.o
 .ARM.attributes
                0x00000000       0x39 ./HAL/Src/stm32f4xx_hal_tim.o
 .text          0x00000000        0x0 ./HAL/Src/stm32f4xx_hal_tim_ex.o
 .data          0x00000000        0x0 ./HAL/Src/stm32f4xx_hal_tim_ex.o
 .bss           0x00000000        0x0 ./HAL/Src/stm32f4xx_hal_tim_ex.o
 .debug_info    0x00000000       0xa0 ./HAL/Src/stm32f4xx_hal_tim_ex.o
 .debug_abbrev  0x00000000       0x4b ./HAL/Src/stm32f4xx_hal_tim_ex.o
 .debug_aranges
                0x00000000       0x18 ./HAL/Src/stm32f4xx_hal_tim_ex.o
 .debug_line    0x00000000       0xcf ./HAL/Src/stm32f4xx_hal_tim_ex.o
 .debug_str     0x00000000      0x1ea ./HAL/Src/stm32f4xx_hal_tim_ex.o
 .comment       0x00000000       0x6f ./HAL/Src/stm32f4xx_hal_tim_ex.o
 .ARM.attributes
                0x00000000       0x39 ./HAL/Src/stm32f4xx_hal_tim_ex.o
 .text          0x00000000       0x14 ./CMSIS_BOOT/startup_stm32f407xx.o
 .data          0x00000000        0x0 ./CMSIS_BOOT/startup_stm32f407xx.o
 .bss           0x00000000        0x0 ./CMSIS_BOOT/startup_stm32f407xx.o
 .text          0x00000000        0x0 ./CMSIS_BOOT/system_stm32f4xx.o
 .data          0x00000000        0x0 ./CMSIS_BOOT/system_stm32f4xx.o
 .bss           0x00000000        0x0 ./CMSIS_BOOT/system_stm32f4xx.o
 .text.SystemCoreClockUpdate
                0x00000000       0x74 ./CMSIS_BOOT/system_stm32f4xx.o
 .rodata.AHBPrescTable
                0x00000000       0x10 ./CMSIS_BOOT/system_stm32f4xx.o
 .text          0x00000000        0x0 c:/toolsarm/gcc_arm/bin/../lib/gcc/arm-none-eabi/5.2.1/armv7e-m/fpu/crtend.o
 .data          0x00000000        0x0 c:/toolsarm/gcc_arm/bin/../lib/gcc/arm-none-eabi/5.2.1/armv7e-m/fpu/crtend.o
 .bss           0x00000000        0x0 c:/toolsarm/gcc_arm/bin/../lib/gcc/arm-none-eabi/5.2.1/armv7e-m/fpu/crtend.o
 .eh_frame      0x00000000        0x4 c:/toolsarm/gcc_arm/bin/../lib/gcc/arm-none-eabi/5.2.1/armv7e-m/fpu/crtend.o
 .jcr           0x00000000        0x4 c:/toolsarm/gcc_arm/bin/../lib/gcc/arm-none-eabi/5.2.1/armv7e-m/fpu/crtend.o
 .text          0x00000000        0x0 c:/toolsarm/gcc_arm/bin/../lib/gcc/arm-none-eabi/5.2.1/armv7e-m/fpu/crtn.o
 .data          0x00000000        0x0 c:/toolsarm/gcc_arm/bin/../lib/gcc/arm-none-eabi/5.2.1/armv7e-m/fpu/crtn.o
 .bss           0x00000000        0x0 c:/toolsarm/gcc_arm/bin/../lib/gcc/arm-none-eabi/5.2.1/armv7e-m/fpu/crtn.o
 .text          0x00000000        0x0 c:/toolsarm/gcc_arm/bin/../lib/gcc/arm-none-eabi/5.2.1/../../../../arm-none-eabi/lib/armv7e-m/fpu\libc.a(lib_a-exit.o)
 .data          0x00000000        0x0 c:/toolsarm/gcc_arm/bin/../lib/gcc/arm-none-eabi/5.2.1/../../../../arm-none-eabi/lib/armv7e-m/fpu\libc.a(lib_a-exit.o)
 .bss           0x00000000        0x0 c:/toolsarm/gcc_arm/bin/../lib/gcc/arm-none-eabi/5.2.1/../../../../arm-none-eabi/lib/armv7e-m/fpu\libc.a(lib_a-exit.o)
 .text.exit     0x00000000       0x20 c:/toolsarm/gcc_arm/bin/../lib/gcc/arm-none-eabi/5.2.1/../../../../arm-none-eabi/lib/armv7e-m/fpu\libc.a(lib_a-exit.o)
 .debug_frame   0x00000000       0x28 c:/toolsarm/gcc_arm/bin/../lib/gcc/arm-none-eabi/5.2.1/../../../../arm-none-eabi/lib/armv7e-m/fpu\libc.a(lib_a-exit.o)
 .ARM.attributes
                0x00000000       0x34 c:/toolsarm/gcc_arm/bin/../lib/gcc/arm-none-eabi/5.2.1/../../../../arm-none-eabi/lib/armv7e-m/fpu\libc.a(lib_a-exit.o)
 .text          0x00000000        0x0 c:/toolsarm/gcc_arm/bin/../lib/gcc/arm-none-eabi/5.2.1/../../../../arm-none-eabi/lib/armv7e-m/fpu\libc.a(lib_a-impure.o)
 .data          0x00000000        0x0 c:/toolsarm/gcc_arm/bin/../lib/gcc/arm-none-eabi/5.2.1/../../../../arm-none-eabi/lib/armv7e-m/fpu\libc.a(lib_a-impure.o)
 .bss           0x00000000        0x0 c:/toolsarm/gcc_arm/bin/../lib/gcc/arm-none-eabi/5.2.1/../../../../arm-none-eabi/lib/armv7e-m/fpu\libc.a(lib_a-impure.o)
 .data._impure_ptr
                0x00000000        0x4 c:/toolsarm/gcc_arm/bin/../lib/gcc/arm-none-eabi/5.2.1/../../../../arm-none-eabi/lib/armv7e-m/fpu\libc.a(lib_a-impure.o)
 .ARM.attributes
                0x00000000       0x34 c:/toolsarm/gcc_arm/bin/../lib/gcc/arm-none-eabi/5.2.1/../../../../arm-none-eabi/lib/armv7e-m/fpu\libc.a(lib_a-impure.o)
 .text          0x00000000        0x0 c:/toolsarm/gcc_arm/bin/../lib/gcc/arm-none-eabi/5.2.1/../../../../arm-none-eabi/lib/armv7e-m/fpu\libc.a(lib_a-init.o)
 .data          0x00000000        0x0 c:/toolsarm/gcc_arm/bin/../lib/gcc/arm-none-eabi/5.2.1/../../../../arm-none-eabi/lib/armv7e-m/fpu\libc.a(lib_a-init.o)
 .bss           0x00000000        0x0 c:/toolsarm/gcc_arm/bin/../lib/gcc/arm-none-eabi/5.2.1/../../../../arm-none-eabi/lib/armv7e-m/fpu\libc.a(lib_a-init.o)
 .debug_frame   0x00000000       0x2c c:/toolsarm/gcc_arm/bin/../lib/gcc/arm-none-eabi/5.2.1/../../../../arm-none-eabi/lib/armv7e-m/fpu\libc.a(lib_a-init.o)
 .ARM.attributes
                0x00000000       0x34 c:/toolsarm/gcc_arm/bin/../lib/gcc/arm-none-eabi/5.2.1/../../../../arm-none-eabi/lib/armv7e-m/fpu\libc.a(lib_a-init.o)
 .text          0x00000000        0x0 c:/toolsarm/gcc_arm/bin/../lib/gcc/arm-none-eabi/5.2.1/../../../../arm-none-eabi/lib/armv7e-m/fpu\libc.a(lib_a-memset.o)
 .data          0x00000000        0x0 c:/toolsarm/gcc_arm/bin/../lib/gcc/arm-none-eabi/5.2.1/../../../../arm-none-eabi/lib/armv7e-m/fpu\libc.a(lib_a-memset.o)
 .bss           0x00000000        0x0 c:/toolsarm/gcc_arm/bin/../lib/gcc/arm-none-eabi/5.2.1/../../../../arm-none-eabi/lib/armv7e-m/fpu\libc.a(lib_a-memset.o)
 .text.memset   0x00000000       0x9c c:/toolsarm/gcc_arm/bin/../lib/gcc/arm-none-eabi/5.2.1/../../../../arm-none-eabi/lib/armv7e-m/fpu\libc.a(lib_a-memset.o)
 .debug_frame   0x00000000       0x34 c:/toolsarm/gcc_arm/bin/../lib/gcc/arm-none-eabi/5.2.1/../../../../arm-none-eabi/lib/armv7e-m/fpu\libc.a(lib_a-memset.o)
 .ARM.attributes
                0x00000000       0x34 c:/toolsarm/gcc_arm/bin/../lib/gcc/arm-none-eabi/5.2.1/../../../../arm-none-eabi/lib/armv7e-m/fpu\libc.a(lib_a-memset.o)
 .text          0x00000000        0x0 c:/toolsarm/gcc_arm/bin/../lib/gcc/arm-none-eabi/5.2.1/../../../../arm-none-eabi/lib/armv7e-m/fpu\libc.a(lib_a-__call_atexit.o)
 .data          0x00000000        0x0 c:/toolsarm/gcc_arm/bin/../lib/gcc/arm-none-eabi/5.2.1/../../../../arm-none-eabi/lib/armv7e-m/fpu\libc.a(lib_a-__call_atexit.o)
 .bss           0x00000000        0x0 c:/toolsarm/gcc_arm/bin/../lib/gcc/arm-none-eabi/5.2.1/../../../../arm-none-eabi/lib/armv7e-m/fpu\libc.a(lib_a-__call_atexit.o)
 .text.__call_exitprocs
                0x00000000       0xd8 c:/toolsarm/gcc_arm/bin/../lib/gcc/arm-none-eabi/5.2.1/../../../../arm-none-eabi/lib/armv7e-m/fpu\libc.a(lib_a-__call_atexit.o)
 .debug_frame   0x00000000       0x50 c:/toolsarm/gcc_arm/bin/../lib/gcc/arm-none-eabi/5.2.1/../../../../arm-none-eabi/lib/armv7e-m/fpu\libc.a(lib_a-__call_atexit.o)
 .ARM.attributes
                0x00000000       0x34 c:/toolsarm/gcc_arm/bin/../lib/gcc/arm-none-eabi/5.2.1/../../../../arm-none-eabi/lib/armv7e-m/fpu\libc.a(lib_a-__call_atexit.o)
 .text          0x00000000        0x0 c:/toolsarm/gcc_arm/bin/../lib/gcc/arm-none-eabi/5.2.1/../../../../arm-none-eabi/lib/armv7e-m/fpu\libc.a(lib_a-atexit.o)
 .data          0x00000000        0x0 c:/toolsarm/gcc_arm/bin/../lib/gcc/arm-none-eabi/5.2.1/../../../../arm-none-eabi/lib/armv7e-m/fpu\libc.a(lib_a-atexit.o)
 .bss           0x00000000        0x0 c:/toolsarm/gcc_arm/bin/../lib/gcc/arm-none-eabi/5.2.1/../../../../arm-none-eabi/lib/armv7e-m/fpu\libc.a(lib_a-atexit.o)
 .debug_frame   0x00000000       0x20 c:/toolsarm/gcc_arm/bin/../lib/gcc/arm-none-eabi/5.2.1/../../../../arm-none-eabi/lib/armv7e-m/fpu\libc.a(lib_a-atexit.o)
 .ARM.attributes
                0x00000000       0x34 c:/toolsarm/gcc_arm/bin/../lib/gcc/arm-none-eabi/5.2.1/../../../../arm-none-eabi/lib/armv7e-m/fpu\libc.a(lib_a-atexit.o)
 .text          0x00000000        0x0 c:/toolsarm/gcc_arm/bin/../lib/gcc/arm-none-eabi/5.2.1/../../../../arm-none-eabi/lib/armv7e-m/fpu\libc.a(lib_a-fini.o)
 .data          0x00000000        0x0 c:/toolsarm/gcc_arm/bin/../lib/gcc/arm-none-eabi/5.2.1/../../../../arm-none-eabi/lib/armv7e-m/fpu\libc.a(lib_a-fini.o)
 .bss           0x00000000        0x0 c:/toolsarm/gcc_arm/bin/../lib/gcc/arm-none-eabi/5.2.1/../../../../arm-none-eabi/lib/armv7e-m/fpu\libc.a(lib_a-fini.o)
 .debug_frame   0x00000000       0x34 c:/toolsarm/gcc_arm/bin/../lib/gcc/arm-none-eabi/5.2.1/../../../../arm-none-eabi/lib/armv7e-m/fpu\libc.a(lib_a-fini.o)
 .ARM.attributes
                0x00000000       0x34 c:/toolsarm/gcc_arm/bin/../lib/gcc/arm-none-eabi/5.2.1/../../../../arm-none-eabi/lib/armv7e-m/fpu\libc.a(lib_a-fini.o)
 .text          0x00000000        0x0 c:/toolsarm/gcc_arm/bin/../lib/gcc/arm-none-eabi/5.2.1/../../../../arm-none-eabi/lib/armv7e-m/fpu\libc.a(lib_a-__atexit.o)
 .data          0x00000000        0x0 c:/toolsarm/gcc_arm/bin/../lib/gcc/arm-none-eabi/5.2.1/../../../../arm-none-eabi/lib/armv7e-m/fpu\libc.a(lib_a-__atexit.o)
 .bss           0x00000000        0x0 c:/toolsarm/gcc_arm/bin/../lib/gcc/arm-none-eabi/5.2.1/../../../../arm-none-eabi/lib/armv7e-m/fpu\libc.a(lib_a-__atexit.o)
 .debug_frame   0x00000000       0x34 c:/toolsarm/gcc_arm/bin/../lib/gcc/arm-none-eabi/5.2.1/../../../../arm-none-eabi/lib/armv7e-m/fpu\libc.a(lib_a-__atexit.o)
 .ARM.attributes
                0x00000000       0x34 c:/toolsarm/gcc_arm/bin/../lib/gcc/arm-none-eabi/5.2.1/../../../../arm-none-eabi/lib/armv7e-m/fpu\libc.a(lib_a-__atexit.o)

Memory Configuration

Name             Origin             Length             Attributes
FLASH            0x08000000         0x00100000         xr
RAM              0x20000000         0x00020000         xrw
CCMRAM           0x10000000         0x00010000         rw
*default*        0x00000000         0xffffffff

Linker script and memory map

LOAD c:/toolsarm/gcc_arm/bin/../lib/gcc/arm-none-eabi/5.2.1/armv7e-m/fpu/crti.o
LOAD c:/toolsarm/gcc_arm/bin/../lib/gcc/arm-none-eabi/5.2.1/armv7e-m/fpu/crtbegin.o
LOAD c:/toolsarm/gcc_arm/bin/../lib/gcc/arm-none-eabi/5.2.1/../../../../arm-none-eabi/lib/armv7e-m/fpu/crt0.o
LOAD ./Src/gpio.o
LOAD ./Src/main.o
LOAD ./Src/new.o
LOAD ./Src/stm32f4xx_hal_msp.o
LOAD ./Src/stm32f4xx_it.o
LOAD ./HAL/Src/stm32f4xx_hal.o
LOAD ./HAL/Src/stm32f4xx_hal_cortex.o
LOAD ./HAL/Src/stm32f4xx_hal_dma.o
LOAD ./HAL/Src/stm32f4xx_hal_dma_ex.o
LOAD ./HAL/Src/stm32f4xx_hal_flash.o
LOAD ./HAL/Src/stm32f4xx_hal_flash_ex.o
LOAD ./HAL/Src/stm32f4xx_hal_flash_ramfunc.o
LOAD ./HAL/Src/stm32f4xx_hal_gpio.o
LOAD ./HAL/Src/stm32f4xx_hal_pwr.o
LOAD ./HAL/Src/stm32f4xx_hal_pwr_ex.o
LOAD ./HAL/Src/stm32f4xx_hal_rcc.o
LOAD ./HAL/Src/stm32f4xx_hal_rcc_ex.o
LOAD ./HAL/Src/stm32f4xx_hal_tim.o
LOAD ./HAL/Src/stm32f4xx_hal_tim_ex.o
LOAD ./CMSIS_BOOT/startup_stm32f407xx.o
LOAD ./CMSIS_BOOT/system_stm32f4xx.o
LOAD c:/toolsarm/gcc_arm/bin/../lib/gcc/arm-none-eabi/5.2.1/armv7e-m/fpu/crtend.o
LOAD c:/toolsarm/gcc_arm/bin/../lib/gcc/arm-none-eabi/5.2.1/armv7e-m/fpu/crtn.o
                0x20020000                _estack = 0x20020000
                0x00000200                _Min_Heap_Size = 0x200
                0x00000400                _Min_Stack_Size = 0x400

.isr_vector     0x08000000      0x188
                0x08000000                . = ALIGN (0x4)
 *(.isr_vector)
 .isr_vector    0x08000000      0x188 ./CMSIS_BOOT/startup_stm32f407xx.o
                0x08000000                g_pfnVectors
                0x08000188                . = ALIGN (0x4)

.text           0x08000188     0x1040
                0x08000188                . = ALIGN (0x4)
 *(.text)
 .text          0x08000188       0xa4 c:/toolsarm/gcc_arm/bin/../lib/gcc/arm-none-eabi/5.2.1/armv7e-m/fpu/crtbegin.o
 *(.text*)
 .text.MX_GPIO_Init
                0x0800022c      0x13c ./Src/gpio.o
                0x0800022c                MX_GPIO_Init
 .text.HAL_SYSTICK_Callback
                0x08000368       0x28 ./Src/main.o
                0x08000368                HAL_SYSTICK_Callback
 .text.Error_Handler
                0x08000390       0x1c ./Src/main.o
                0x08000390                Error_Handler
 .text.SystemClock_Config
                0x080003ac       0xac ./Src/main.o
                0x080003ac                SystemClock_Config
 .text.startup.main
                0x08000458       0x28 ./Src/main.o
                0x08000458                main
 .text.assert_failed
                0x08000480        0x2 ./Src/main.o
                0x08000480                assert_failed
 .text.HAL_MspInit
                0x08000482       0x60 ./Src/stm32f4xx_hal_msp.o
                0x08000482                HAL_MspInit
 .text.SysTick_Handler
                0x080004e2        0xe ./Src/stm32f4xx_it.o
                0x080004e2                SysTick_Handler
 .text.HAL_InitTick
                0x080004f0       0x28 ./HAL/Src/stm32f4xx_hal.o
                0x080004f0                HAL_InitTick
 .text.HAL_Init
                0x08000518       0x34 ./HAL/Src/stm32f4xx_hal.o
                0x08000518                HAL_Init
 .text.HAL_IncTick
                0x0800054c       0x10 ./HAL/Src/stm32f4xx_hal.o
                0x0800054c                HAL_IncTick
 .text.HAL_GetTick
                0x0800055c        0xc ./HAL/Src/stm32f4xx_hal.o
                0x0800055c                HAL_GetTick
 .text.HAL_Delay
                0x08000568       0x1a ./HAL/Src/stm32f4xx_hal.o
                0x08000568                HAL_Delay
 *fill*         0x08000582        0x2 
 .text.HAL_NVIC_SetPriorityGrouping
                0x08000584       0x38 ./HAL/Src/stm32f4xx_hal_cortex.o
                0x08000584                HAL_NVIC_SetPriorityGrouping
 .text.HAL_NVIC_SetPriority
                0x080005bc       0x88 ./HAL/Src/stm32f4xx_hal_cortex.o
                0x080005bc                HAL_NVIC_SetPriority
 .text.HAL_SYSTICK_Config
                0x08000644       0x2c ./HAL/Src/stm32f4xx_hal_cortex.o
                0x08000644                HAL_SYSTICK_Config
 .text.HAL_SYSTICK_CLKSourceConfig
                0x08000670       0x30 ./HAL/Src/stm32f4xx_hal_cortex.o
                0x08000670                HAL_SYSTICK_CLKSourceConfig
 .text.HAL_SYSTICK_IRQHandler
                0x080006a0        0x8 ./HAL/Src/stm32f4xx_hal_cortex.o
                0x080006a0                HAL_SYSTICK_IRQHandler
 .text.HAL_GPIO_Init
                0x080006a8      0x280 ./HAL/Src/stm32f4xx_hal_gpio.o
                0x080006a8                HAL_GPIO_Init
 .text.HAL_GPIO_WritePin
                0x08000928       0x30 ./HAL/Src/stm32f4xx_hal_gpio.o
                0x08000928                HAL_GPIO_WritePin
 .text.HAL_GPIO_TogglePin
                0x08000958       0x20 ./HAL/Src/stm32f4xx_hal_gpio.o
                0x08000958                HAL_GPIO_TogglePin
 .text.HAL_RCC_OscConfig
                0x08000978      0x3c0 ./HAL/Src/stm32f4xx_hal_rcc.o
                0x08000978                HAL_RCC_OscConfig
 .text.HAL_RCC_GetSysClockFreq
                0x08000d38       0x7c ./HAL/Src/stm32f4xx_hal_rcc.o
                0x08000d38                HAL_RCC_GetSysClockFreq
 .text.HAL_RCC_ClockConfig
                0x08000db4      0x214 ./HAL/Src/stm32f4xx_hal_rcc.o
                0x08000db4                HAL_RCC_ClockConfig
 .text.HAL_RCC_GetHCLKFreq
                0x08000fc8        0xc ./HAL/Src/stm32f4xx_hal_rcc.o
                0x08000fc8                HAL_RCC_GetHCLKFreq
 .text.Reset_Handler
                0x08000fd4       0x50 ./CMSIS_BOOT/startup_stm32f407xx.o
                0x08000fd4                Reset_Handler
 .text.Default_Handler
                0x08001024        0x2 ./CMSIS_BOOT/startup_stm32f407xx.o
                0x08001024                RTC_Alarm_IRQHandler
                0x08001024                HASH_RNG_IRQHandler
                0x08001024                EXTI2_IRQHandler
                0x08001024                TIM8_CC_IRQHandler
                0x08001024                DebugMon_Handler
                0x08001024                TIM1_CC_IRQHandler
                0x08001024                DMA2_Stream5_IRQHandler
                0x08001024                HardFault_Handler
                0x08001024                DMA1_Stream5_IRQHandler
                0x08001024                PVD_IRQHandler
                0x08001024                SDIO_IRQHandler
                0x08001024                TAMP_STAMP_IRQHandler
                0x08001024                PendSV_Handler
                0x08001024                NMI_Handler
                0x08001024                CAN2_RX1_IRQHandler
                0x08001024                EXTI3_IRQHandler
                0x08001024                TIM8_TRG_COM_TIM14_IRQHandler
                0x08001024                TIM1_UP_TIM10_IRQHandler
                0x08001024                TIM8_UP_TIM13_IRQHandler
                0x08001024                I2C3_ER_IRQHandler
                0x08001024                EXTI0_IRQHandler
                0x08001024                I2C2_EV_IRQHandler
                0x08001024                DMA1_Stream2_IRQHandler
                0x08001024                CAN1_RX0_IRQHandler
                0x08001024                FPU_IRQHandler
                0x08001024                OTG_HS_WKUP_IRQHandler
                0x08001024                UsageFault_Handler
                0x08001024                CAN2_SCE_IRQHandler
                0x08001024                DMA2_Stream2_IRQHandler
                0x08001024                SPI1_IRQHandler
                0x08001024                TIM6_DAC_IRQHandler
                0x08001024                TIM1_BRK_TIM9_IRQHandler
                0x08001024                DCMI_IRQHandler
                0x08001024                CAN2_RX0_IRQHandler
                0x08001024                DMA2_Stream3_IRQHandler
                0x08001024                USART6_IRQHandler
                0x08001024                USART3_IRQHandler
                0x08001024                CAN1_RX1_IRQHandler
                0x08001024                UART5_IRQHandler
                0x08001024                DMA2_Stream0_IRQHandler
                0x08001024                TIM4_IRQHandler
                0x08001024                I2C1_EV_IRQHandler
                0x08001024                DMA1_Stream6_IRQHandler
                0x08001024                DMA1_Stream1_IRQHandler
                0x08001024                UART4_IRQHandler
                0x08001024                TIM3_IRQHandler
                0x08001024                RCC_IRQHandler
                0x08001024                TIM8_BRK_TIM12_IRQHandler
                0x08001024                Default_Handler
                0x08001024                EXTI15_10_IRQHandler
                0x08001024                ADC_IRQHandler
                0x08001024                DMA1_Stream7_IRQHandler
                0x08001024                TIM7_IRQHandler
                0x08001024                CAN2_TX_IRQHandler
                0x08001024                TIM5_IRQHandler
                0x08001024                DMA2_Stream7_IRQHandler
                0x08001024                I2C3_EV_IRQHandler
                0x08001024                EXTI9_5_IRQHandler
                0x08001024                RTC_WKUP_IRQHandler
                0x08001024                ETH_WKUP_IRQHandler
                0x08001024                SPI2_IRQHandler
                0x08001024                OTG_HS_EP1_IN_IRQHandler
                0x08001024                MemManage_Handler
                0x08001024                DMA1_Stream0_IRQHandler
                0x08001024                CAN1_TX_IRQHandler
                0x08001024                SVC_Handler
                0x08001024                EXTI4_IRQHandler
                0x08001024                FSMC_IRQHandler
                0x08001024                ETH_IRQHandler
                0x08001024                OTG_HS_EP1_OUT_IRQHandler
                0x08001024                WWDG_IRQHandler
                0x08001024                TIM2_IRQHandler
                0x08001024                OTG_FS_WKUP_IRQHandler
                0x08001024                TIM1_TRG_COM_TIM11_IRQHandler
                0x08001024                OTG_HS_IRQHandler
                0x08001024                EXTI1_IRQHandler
                0x08001024                USART2_IRQHandler
                0x08001024                I2C2_ER_IRQHandler
                0x08001024                DMA2_Stream1_IRQHandler
                0x08001024                CAN1_SCE_IRQHandler
                0x08001024                FLASH_IRQHandler
                0x08001024                DMA2_Stream4_IRQHandler
                0x08001024                BusFault_Handler
                0x08001024                USART1_IRQHandler
                0x08001024                OTG_FS_IRQHandler
                0x08001024                SPI3_IRQHandler
                0x08001024                DMA1_Stream4_IRQHandler
                0x08001024                I2C1_ER_IRQHandler
                0x08001024                DMA2_Stream6_IRQHandler
                0x08001024                DMA1_Stream3_IRQHandler
 *fill*         0x08001026        0x2 
 .text.SystemInit
                0x08001028       0x4c ./CMSIS_BOOT/system_stm32f4xx.o
                0x08001028                SystemInit
 .text.__libc_init_array
                0x08001074       0x50 c:/toolsarm/gcc_arm/bin/../lib/gcc/arm-none-eabi/5.2.1/../../../../arm-none-eabi/lib/armv7e-m/fpu\libc.a(lib_a-init.o)
                0x08001074                __libc_init_array
 .text.startup.register_fini
                0x080010c4       0x14 c:/toolsarm/gcc_arm/bin/../lib/gcc/arm-none-eabi/5.2.1/../../../../arm-none-eabi/lib/armv7e-m/fpu\libc.a(lib_a-__call_atexit.o)
 .text.atexit   0x080010d8        0xc c:/toolsarm/gcc_arm/bin/../lib/gcc/arm-none-eabi/5.2.1/../../../../arm-none-eabi/lib/armv7e-m/fpu\libc.a(lib_a-atexit.o)
                0x080010d8                atexit
 .text.__libc_fini_array
                0x080010e4       0x28 c:/toolsarm/gcc_arm/bin/../lib/gcc/arm-none-eabi/5.2.1/../../../../arm-none-eabi/lib/armv7e-m/fpu\libc.a(lib_a-fini.o)
                0x080010e4                __libc_fini_array
 .text.__register_exitproc
                0x0800110c       0xa4 c:/toolsarm/gcc_arm/bin/../lib/gcc/arm-none-eabi/5.2.1/../../../../arm-none-eabi/lib/armv7e-m/fpu\libc.a(lib_a-__atexit.o)
                0x0800110c                __register_exitproc
 *(.glue_7)
 .glue_7        0x080011b0        0x0 linker stubs
 *(.glue_7t)
 .glue_7t       0x080011b0        0x0 linker stubs
 *(.eh_frame)
 .eh_frame      0x080011b0        0x0 c:/toolsarm/gcc_arm/bin/../lib/gcc/arm-none-eabi/5.2.1/armv7e-m/fpu/crtbegin.o
 *(.init)
 .init          0x080011b0        0x4 c:/toolsarm/gcc_arm/bin/../lib/gcc/arm-none-eabi/5.2.1/armv7e-m/fpu/crti.o
                0x080011b0                _init
 .init          0x080011b4        0x8 c:/toolsarm/gcc_arm/bin/../lib/gcc/arm-none-eabi/5.2.1/armv7e-m/fpu/crtn.o
 *(.fini)
 .fini          0x080011bc        0x4 c:/toolsarm/gcc_arm/bin/../lib/gcc/arm-none-eabi/5.2.1/armv7e-m/fpu/crti.o
                0x080011bc                _fini
 .fini          0x080011c0        0x8 c:/toolsarm/gcc_arm/bin/../lib/gcc/arm-none-eabi/5.2.1/armv7e-m/fpu/crtn.o
                0x080011c8                . = ALIGN (0x4)
                0x080011c8                _etext = .

.vfp11_veneer   0x080011c8        0x0
 .vfp11_veneer  0x080011c8        0x0 linker stubs

.v4_bx          0x080011c8        0x0
 .v4_bx         0x080011c8        0x0 linker stubs

.iplt           0x080011c8        0x0
 .iplt          0x080011c8        0x0 c:/toolsarm/gcc_arm/bin/../lib/gcc/arm-none-eabi/5.2.1/armv7e-m/fpu/crtbegin.o

.rodata         0x080011c8       0x7c
                0x080011c8                . = ALIGN (0x4)
 *(.rodata)
 *(.rodata*)
 .rodata.str1.1
                0x080011c8       0x22 ./HAL/Src/stm32f4xx_hal_cortex.o
 .rodata.str1.1
                0x080011ea       0x20 ./HAL/Src/stm32f4xx_hal_gpio.o
 .rodata.APBAHBPrescTable
                0x0800120a       0x10 ./HAL/Src/stm32f4xx_hal_rcc.o
                0x0800120a                APBAHBPrescTable
 .rodata.str1.1
                0x0800121a       0x1f ./HAL/Src/stm32f4xx_hal_rcc.o
 *fill*         0x08001239        0x3 
 .rodata.str1.4
                0x0800123c        0x4 c:/toolsarm/gcc_arm/bin/../lib/gcc/arm-none-eabi/5.2.1/../../../../arm-none-eabi/lib/armv7e-m/fpu\libc.a(lib_a-impure.o)
                                  0x2 (size before relaxing)
 .rodata._global_impure_ptr
                0x08001240        0x4 c:/toolsarm/gcc_arm/bin/../lib/gcc/arm-none-eabi/5.2.1/../../../../arm-none-eabi/lib/armv7e-m/fpu\libc.a(lib_a-impure.o)
                0x08001240                _global_impure_ptr
                0x08001244                . = ALIGN (0x4)

.rel.dyn        0x08001244        0x0
 .rel.iplt      0x08001244        0x0 c:/toolsarm/gcc_arm/bin/../lib/gcc/arm-none-eabi/5.2.1/armv7e-m/fpu/crtbegin.o

.ARM.extab
 *(.ARM.extab* .gnu.linkonce.armextab.*)

.ARM            0x08001244        0x0
                0x08001244                __exidx_start = .
 *(.ARM.exidx*)
                0x08001244                __exidx_end = .

.preinit_array  0x08001244        0x0
                0x08001244                PROVIDE (__preinit_array_start, .)
 *(.preinit_array*)
                0x08001244                PROVIDE (__preinit_array_end, .)

.init_array     0x08001244        0x8
                0x08001244                PROVIDE (__init_array_start, .)
 *(SORT(.init_array.*))
 .init_array.00000
                0x08001244        0x4 c:/toolsarm/gcc_arm/bin/../lib/gcc/arm-none-eabi/5.2.1/../../../../arm-none-eabi/lib/armv7e-m/fpu\libc.a(lib_a-__call_atexit.o)
 *(.init_array*)
 .init_array    0x08001248        0x4 c:/toolsarm/gcc_arm/bin/../lib/gcc/arm-none-eabi/5.2.1/armv7e-m/fpu/crtbegin.o
                0x0800124c                PROVIDE (__init_array_end, .)

.fini_array     0x0800124c        0x4
                0x0800124c                PROVIDE (__fini_array_start, .)
 *(SORT(.fini_array.*))
 *(.fini_array*)
 .fini_array    0x0800124c        0x4 c:/toolsarm/gcc_arm/bin/../lib/gcc/arm-none-eabi/5.2.1/armv7e-m/fpu/crtbegin.o
                0x08001250                PROVIDE (__fini_array_end, .)
                0x08001250                _sidata = LOADADDR (.data)

.data           0x20000000      0x430 load address 0x08001250
                0x20000000                . = ALIGN (0x4)
                0x20000000                _sdata = .
 *(.data)
 *(.data*)
 .data.SystemCoreClock
                0x20000000        0x4 ./CMSIS_BOOT/system_stm32f4xx.o
                0x20000000                SystemCoreClock
 *fill*         0x20000004        0x4 
 .data.impure_data
                0x20000008      0x428 c:/toolsarm/gcc_arm/bin/../lib/gcc/arm-none-eabi/5.2.1/../../../../arm-none-eabi/lib/armv7e-m/fpu\libc.a(lib_a-impure.o)
                0x20000430                . = ALIGN (0x4)
                0x20000430                _edata = .
                0x08001680                _siccmram = LOADADDR (.ccmram)

.jcr            0x20000430        0x0 load address 0x08001680
 .jcr           0x20000430        0x0 c:/toolsarm/gcc_arm/bin/../lib/gcc/arm-none-eabi/5.2.1/armv7e-m/fpu/crtbegin.o

.tm_clone_table
                0x20000430        0x0 load address 0x08001680
 .tm_clone_table
                0x20000430        0x0 c:/toolsarm/gcc_arm/bin/../lib/gcc/arm-none-eabi/5.2.1/armv7e-m/fpu/crtbegin.o
 .tm_clone_table
                0x20000430        0x0 c:/toolsarm/gcc_arm/bin/../lib/gcc/arm-none-eabi/5.2.1/armv7e-m/fpu/crtend.o

.igot.plt       0x20000430        0x0 load address 0x08001680
 .igot.plt      0x20000430        0x0 c:/toolsarm/gcc_arm/bin/../lib/gcc/arm-none-eabi/5.2.1/armv7e-m/fpu/crtbegin.o

.ccmram         0x10000000        0x0 load address 0x08001680
                0x10000000                . = ALIGN (0x4)
                0x10000000                _sccmram = .
 *(.ccmram)
 *(.ccmram*)
                0x10000000                . = ALIGN (0x4)
                0x10000000                _eccmram = .
                0x10000000                . = ALIGN (0x4)

.bss            0x20000430       0x20
                0x20000430                _sbss = .
                0x20000430                __bss_start__ = _sbss
 *(.bss)
 .bss           0x20000430       0x1c c:/toolsarm/gcc_arm/bin/../lib/gcc/arm-none-eabi/5.2.1/armv7e-m/fpu/crtbegin.o
 *(.bss*)
 *(COMMON)
 COMMON         0x2000044c        0x4 ./HAL/Src/stm32f4xx_hal.o
                0x2000044c                uwTick
                0x20000450                . = ALIGN (0x4)
                0x20000450                _ebss = .
                0x20000450                __bss_end__ = _ebss

._user_heap_stack
                0x20000450      0x600
                0x20000450                . = ALIGN (0x4)
                [!provide]                PROVIDE (end, .)
                [!provide]                PROVIDE (_end, .)
                0x20000650                . = (. + _Min_Heap_Size)
 *fill*         0x20000450      0x200 
                0x20000a50                . = (. + _Min_Stack_Size)
 *fill*         0x20000650      0x400 
                0x20000a50                . = ALIGN (0x4)

/DISCARD/
 libc.a(*)
 libm.a(*)
 libgcc.a(*)

.ARM.attributes
                0x00000000       0x30
 *(.ARM.attributes)
 .ARM.attributes
                0x00000000       0x22 c:/toolsarm/gcc_arm/bin/../lib/gcc/arm-none-eabi/5.2.1/armv7e-m/fpu/crti.o
 .ARM.attributes
                0x00000022       0x34 c:/toolsarm/gcc_arm/bin/../lib/gcc/arm-none-eabi/5.2.1/armv7e-m/fpu/crtbegin.o
 .ARM.attributes
                0x00000056       0x39 ./Src/gpio.o
 .ARM.attributes
                0x0000008f       0x39 ./Src/main.o
 .ARM.attributes
                0x000000c8       0x39 ./Src/stm32f4xx_hal_msp.o
 .ARM.attributes
                0x00000101       0x39 ./Src/stm32f4xx_it.o
 .ARM.attributes
                0x0000013a       0x39 ./HAL/Src/stm32f4xx_hal.o
 .ARM.attributes
                0x00000173       0x39 ./HAL/Src/stm32f4xx_hal_cortex.o
 .ARM.attributes
                0x000001ac       0x39 ./HAL/Src/stm32f4xx_hal_gpio.o
 .ARM.attributes
                0x000001e5       0x39 ./HAL/Src/stm32f4xx_hal_rcc.o
 .ARM.attributes
                0x0000021e       0x21 ./CMSIS_BOOT/startup_stm32f407xx.o
 .ARM.attributes
                0x0000023f       0x39 ./CMSIS_BOOT/system_stm32f4xx.o
 .ARM.attributes
                0x00000278       0x34 c:/toolsarm/gcc_arm/bin/../lib/gcc/arm-none-eabi/5.2.1/armv7e-m/fpu/crtend.o
 .ARM.attributes
                0x000002ac       0x22 c:/toolsarm/gcc_arm/bin/../lib/gcc/arm-none-eabi/5.2.1/armv7e-m/fpu/crtn.o
OUTPUT(test_hal.elf elf32-littlearm)

.debug_info     0x00000000     0x49cb
 .debug_info    0x00000000      0x54d ./Src/gpio.o
 .debug_info    0x0000054d      0x92a ./Src/main.o
 .debug_info    0x00000e77      0x3f0 ./Src/stm32f4xx_hal_msp.o
 .debug_info    0x00001267       0xe7 ./Src/stm32f4xx_it.o
 .debug_info    0x0000134e      0x8dc ./HAL/Src/stm32f4xx_hal.o
 .debug_info    0x00001c2a     0x10fb ./HAL/Src/stm32f4xx_hal_cortex.o
 .debug_info    0x00002d25      0x880 ./HAL/Src/stm32f4xx_hal_gpio.o
 .debug_info    0x000035a5      0xf1c ./HAL/Src/stm32f4xx_hal_rcc.o
 .debug_info    0x000044c1       0x6c ./CMSIS_BOOT/startup_stm32f407xx.o
 .debug_info    0x0000452d      0x49e ./CMSIS_BOOT/system_stm32f4xx.o

.debug_abbrev   0x00000000     0x105e
 .debug_abbrev  0x00000000      0x14e ./Src/gpio.o
 .debug_abbrev  0x0000014e      0x1db ./Src/main.o
 .debug_abbrev  0x00000329       0xc2 ./Src/stm32f4xx_hal_msp.o
 .debug_abbrev  0x000003eb       0xa4 ./Src/stm32f4xx_it.o
 .debug_abbrev  0x0000048f      0x244 ./HAL/Src/stm32f4xx_hal.o
 .debug_abbrev  0x000006d3      0x34a ./HAL/Src/stm32f4xx_hal_cortex.o
 .debug_abbrev  0x00000a1d      0x1ff ./HAL/Src/stm32f4xx_hal_gpio.o
 .debug_abbrev  0x00000c1c      0x32f ./HAL/Src/stm32f4xx_hal_rcc.o
 .debug_abbrev  0x00000f4b       0x12 ./CMSIS_BOOT/startup_stm32f407xx.o
 .debug_abbrev  0x00000f5d      0x101 ./CMSIS_BOOT/system_stm32f4xx.o

.debug_aranges  0x00000000      0x318
 .debug_aranges
                0x00000000       0x20 ./Src/gpio.o
 .debug_aranges
                0x00000020       0x40 ./Src/main.o
 .debug_aranges
                0x00000060       0x20 ./Src/stm32f4xx_hal_msp.o
 .debug_aranges
                0x00000080       0x20 ./Src/stm32f4xx_it.o
 .debug_aranges
                0x000000a0       0xb8 ./HAL/Src/stm32f4xx_hal.o
 .debug_aranges
                0x00000158       0x98 ./HAL/Src/stm32f4xx_hal_cortex.o
 .debug_aranges
                0x000001f0       0x58 ./HAL/Src/stm32f4xx_hal_gpio.o
 .debug_aranges
                0x00000248       0x80 ./HAL/Src/stm32f4xx_hal_rcc.o
 .debug_aranges
                0x000002c8       0x28 ./CMSIS_BOOT/startup_stm32f407xx.o
 .debug_aranges
                0x000002f0       0x28 ./CMSIS_BOOT/system_stm32f4xx.o

.debug_ranges   0x00000000      0x458
 .debug_ranges  0x00000000       0x50 ./Src/gpio.o
 .debug_ranges  0x00000050       0x30 ./Src/main.o
 .debug_ranges  0x00000080       0x10 ./Src/stm32f4xx_hal_msp.o
 .debug_ranges  0x00000090       0x10 ./Src/stm32f4xx_it.o
 .debug_ranges  0x000000a0       0xa8 ./HAL/Src/stm32f4xx_hal.o
 .debug_ranges  0x00000148      0x120 ./HAL/Src/stm32f4xx_hal_cortex.o
 .debug_ranges  0x00000268       0x60 ./HAL/Src/stm32f4xx_hal_gpio.o
 .debug_ranges  0x000002c8      0x158 ./HAL/Src/stm32f4xx_hal_rcc.o
 .debug_ranges  0x00000420       0x20 ./CMSIS_BOOT/startup_stm32f407xx.o
 .debug_ranges  0x00000440       0x18 ./CMSIS_BOOT/system_stm32f4xx.o

.debug_line     0x00000000     0x1af6
 .debug_line    0x00000000      0x1bf ./Src/gpio.o
 .debug_line    0x000001bf      0x281 ./Src/main.o
 .debug_line    0x00000440      0x17e ./Src/stm32f4xx_hal_msp.o
 .debug_line    0x000005be      0x14c ./Src/stm32f4xx_it.o
 .debug_line    0x0000070a      0x338 ./HAL/Src/stm32f4xx_hal.o
 .debug_line    0x00000a42      0x459 ./HAL/Src/stm32f4xx_hal_cortex.o
 .debug_line    0x00000e9b      0x479 ./HAL/Src/stm32f4xx_hal_gpio.o
 .debug_line    0x00001314      0x619 ./HAL/Src/stm32f4xx_hal_rcc.o
 .debug_line    0x0000192d       0x82 ./CMSIS_BOOT/startup_stm32f407xx.o
 .debug_line    0x000019af      0x147 ./CMSIS_BOOT/system_stm32f4xx.o

.debug_str      0x00000000     0x135e
 .debug_str     0x00000000      0x35a ./Src/gpio.o
                                0x3b7 (size before relaxing)
 .debug_str     0x0000035a      0x74e ./Src/main.o
                                0xa88 (size before relaxing)
 .debug_str     0x00000aa8       0x44 ./Src/stm32f4xx_hal_msp.o
                                0x728 (size before relaxing)
 .debug_str     0x00000aec       0x49 ./Src/stm32f4xx_it.o
                                0x211 (size before relaxing)
 .debug_str     0x00000b35      0x23d ./HAL/Src/stm32f4xx_hal.o
                                0xaaf (size before relaxing)
 .debug_str     0x00000d72      0x34a ./HAL/Src/stm32f4xx_hal_cortex.o
                                0xc31 (size before relaxing)
 .debug_str     0x000010bc      0x10c ./HAL/Src/stm32f4xx_hal_gpio.o
                                0x525 (size before relaxing)
 .debug_str     0x000011c8      0x14a ./HAL/Src/stm32f4xx_hal_rcc.o
                                0x6f1 (size before relaxing)
 .debug_str     0x00001312       0x4c ./CMSIS_BOOT/system_stm32f4xx.o
                                0x3a8 (size before relaxing)

.comment        0x00000000       0x6e
 .comment       0x00000000       0x6e ./Src/gpio.o
                                 0x6f (size before relaxing)
 .comment       0x0000006e       0x6f ./Src/main.o
 .comment       0x0000006e       0x6f ./Src/stm32f4xx_hal_msp.o
 .comment       0x0000006e       0x6f ./Src/stm32f4xx_it.o
 .comment       0x0000006e       0x6f ./HAL/Src/stm32f4xx_hal.o
 .comment       0x0000006e       0x6f ./HAL/Src/stm32f4xx_hal_cortex.o
 .comment       0x0000006e       0x6f ./HAL/Src/stm32f4xx_hal_gpio.o
 .comment       0x0000006e       0x6f ./HAL/Src/stm32f4xx_hal_rcc.o
 .comment       0x0000006e       0x6f ./CMSIS_BOOT/system_stm32f4xx.o

.debug_frame    0x00000000      0x688
 .debug_frame   0x00000000       0x34 ./Src/gpio.o
 .debug_frame   0x00000034       0x90 ./Src/main.o
 .debug_frame   0x000000c4       0x2c ./Src/stm32f4xx_hal_msp.o
 .debug_frame   0x000000f0       0x2c ./Src/stm32f4xx_it.o
 .debug_frame   0x0000011c      0x184 ./HAL/Src/stm32f4xx_hal.o
 .debug_frame   0x000002a0      0x180 ./HAL/Src/stm32f4xx_hal_cortex.o
 .debug_frame   0x00000420       0xfc ./HAL/Src/stm32f4xx_hal_gpio.o
 .debug_frame   0x0000051c      0x13c ./HAL/Src/stm32f4xx_hal_rcc.o
 .debug_frame   0x00000658       0x30 ./CMSIS_BOOT/system_stm32f4xx.o

.debug_loc      0x00000000     0x108e
 .debug_loc     0x00000000       0x36 ./Src/main.o
 .debug_loc     0x00000036       0x92 ./HAL/Src/stm32f4xx_hal.o
 .debug_loc     0x000000c8      0x562 ./HAL/Src/stm32f4xx_hal_cortex.o
 .debug_loc     0x0000062a      0x561 ./HAL/Src/stm32f4xx_hal_gpio.o
 .debug_loc     0x00000b8b      0x42c ./HAL/Src/stm32f4xx_hal_rcc.o
 .debug_loc     0x00000fb7       0xd7 ./CMSIS_BOOT/system_stm32f4xx.o
