Archive member included to satisfy reference by file (symbol)

/opt/gcc-arm/bin/../lib/gcc/arm-none-eabi/5.4.1/../../../../arm-none-eabi/lib/armv7e-m/fpu/libg.a(lib_a-exit.o)
                              /opt/gcc-arm/bin/../lib/gcc/arm-none-eabi/5.4.1/../../../../arm-none-eabi/lib/armv7e-m/fpu/crt0.o (exit)
/opt/gcc-arm/bin/../lib/gcc/arm-none-eabi/5.4.1/../../../../arm-none-eabi/lib/armv7e-m/fpu/libg.a(lib_a-impure.o)
                              /opt/gcc-arm/bin/../lib/gcc/arm-none-eabi/5.4.1/../../../../arm-none-eabi/lib/armv7e-m/fpu/libg.a(lib_a-exit.o) (_global_impure_ptr)
/opt/gcc-arm/bin/../lib/gcc/arm-none-eabi/5.4.1/../../../../arm-none-eabi/lib/armv7e-m/fpu/libg.a(lib_a-init.o)
                              /opt/gcc-arm/bin/../lib/gcc/arm-none-eabi/5.4.1/../../../../arm-none-eabi/lib/armv7e-m/fpu/crt0.o (__libc_init_array)
/opt/gcc-arm/bin/../lib/gcc/arm-none-eabi/5.4.1/../../../../arm-none-eabi/lib/armv7e-m/fpu/libg.a(lib_a-memcpy.o)
                              ./FreeRTOS/src/queue.o (memcpy)
/opt/gcc-arm/bin/../lib/gcc/arm-none-eabi/5.4.1/../../../../arm-none-eabi/lib/armv7e-m/fpu/libg.a(lib_a-memset.o)
                              /opt/gcc-arm/bin/../lib/gcc/arm-none-eabi/5.4.1/../../../../arm-none-eabi/lib/armv7e-m/fpu/crt0.o (memset)
/opt/gcc-arm/bin/../lib/gcc/arm-none-eabi/5.4.1/../../../../arm-none-eabi/lib/armv7e-m/fpu/libg.a(lib_a-strcpy.o)
                              ./Src/main.o (strcpy)
/opt/gcc-arm/bin/../lib/gcc/arm-none-eabi/5.4.1/../../../../arm-none-eabi/lib/armv7e-m/fpu/libg.a(lib_a-__call_atexit.o)
                              /opt/gcc-arm/bin/../lib/gcc/arm-none-eabi/5.4.1/../../../../arm-none-eabi/lib/armv7e-m/fpu/libg.a(lib_a-exit.o) (__call_exitprocs)
/opt/gcc-arm/bin/../lib/gcc/arm-none-eabi/5.4.1/../../../../arm-none-eabi/lib/armv7e-m/fpu/libg.a(lib_a-atexit.o)
                              /opt/gcc-arm/bin/../lib/gcc/arm-none-eabi/5.4.1/../../../../arm-none-eabi/lib/armv7e-m/fpu/libg.a(lib_a-__call_atexit.o) (atexit)
/opt/gcc-arm/bin/../lib/gcc/arm-none-eabi/5.4.1/../../../../arm-none-eabi/lib/armv7e-m/fpu/libg.a(lib_a-fini.o)
                              /opt/gcc-arm/bin/../lib/gcc/arm-none-eabi/5.4.1/../../../../arm-none-eabi/lib/armv7e-m/fpu/libg.a(lib_a-__call_atexit.o) (__libc_fini_array)
/opt/gcc-arm/bin/../lib/gcc/arm-none-eabi/5.4.1/../../../../arm-none-eabi/lib/armv7e-m/fpu/libg.a(lib_a-__atexit.o)
                              /opt/gcc-arm/bin/../lib/gcc/arm-none-eabi/5.4.1/../../../../arm-none-eabi/lib/armv7e-m/fpu/libg.a(lib_a-atexit.o) (__register_exitproc)

Allocating common symbols
Common symbol       size              file

SDIO_CmdInitStructure
                    0x14              ./FATFS_SDIO/fatfs/lo_level_ub/stm32_ub_sdcard.o
uart1               0xb4              ./Src/main.o
xQueueRegistry      0x40              ./FreeRTOS/src/queue.o
SDCardInfo          0x58              ./FATFS_SDIO/fatfs/lo_level_ub/stm32_ub_sdcard.o
SDIO_InitStructure  0x18              ./FATFS_SDIO/fatfs/lo_level_ub/stm32_ub_sdcard.o
textBuf             0x40              ./Src/main.o
SDIO_DataInitStructure
                    0x18              ./FATFS_SDIO/fatfs/lo_level_ub/stm32_ub_sdcard.o
SDIO_files          0x1040            ./Src/sd.o
TxData              0x20              ./Src/uart1Task.o
timetLed            0x4               ./Src/main.o
RCC_Clocks          0x10              ./Src/main.o

Discarded input sections

 .text          0x00000000        0x0 /opt/gcc-arm/bin/../lib/gcc/arm-none-eabi/5.4.1/armv7e-m/fpu/crti.o
 .data          0x00000000        0x0 /opt/gcc-arm/bin/../lib/gcc/arm-none-eabi/5.4.1/armv7e-m/fpu/crti.o
 .bss           0x00000000        0x0 /opt/gcc-arm/bin/../lib/gcc/arm-none-eabi/5.4.1/armv7e-m/fpu/crti.o
 .data          0x00000000        0x4 /opt/gcc-arm/bin/../lib/gcc/arm-none-eabi/5.4.1/armv7e-m/fpu/crtbegin.o
 .text          0x00000000       0x74 /opt/gcc-arm/bin/../lib/gcc/arm-none-eabi/5.4.1/../../../../arm-none-eabi/lib/armv7e-m/fpu/crt0.o
 .data          0x00000000        0x0 /opt/gcc-arm/bin/../lib/gcc/arm-none-eabi/5.4.1/../../../../arm-none-eabi/lib/armv7e-m/fpu/crt0.o
 .bss           0x00000000        0x0 /opt/gcc-arm/bin/../lib/gcc/arm-none-eabi/5.4.1/../../../../arm-none-eabi/lib/armv7e-m/fpu/crt0.o
 .ARM.extab     0x00000000        0x0 /opt/gcc-arm/bin/../lib/gcc/arm-none-eabi/5.4.1/../../../../arm-none-eabi/lib/armv7e-m/fpu/crt0.o
 .ARM.exidx     0x00000000        0x8 /opt/gcc-arm/bin/../lib/gcc/arm-none-eabi/5.4.1/../../../../arm-none-eabi/lib/armv7e-m/fpu/crt0.o
 .ARM.attributes
                0x00000000       0x20 /opt/gcc-arm/bin/../lib/gcc/arm-none-eabi/5.4.1/../../../../arm-none-eabi/lib/armv7e-m/fpu/crt0.o
 .text          0x00000000        0x0 ./Src/freertos.o
 .data          0x00000000        0x0 ./Src/freertos.o
 .bss           0x00000000        0x0 ./Src/freertos.o
 .text          0x00000000        0x0 ./Src/main.o
 .data          0x00000000        0x0 ./Src/main.o
[...]
Memory Configuration

Name             Origin             Length             Attributes
FLASH            0x08000000         0x00100000         xr
RAM              0x20000000         0x00020000         xrw
CCMRAM           0x10000000         0x00010000         rw
*default*        0x00000000         0xffffffff

Linker script and memory map

LOAD /opt/gcc-arm/bin/../lib/gcc/arm-none-eabi/5.4.1/armv7e-m/fpu/crti.o
LOAD /opt/gcc-arm/bin/../lib/gcc/arm-none-eabi/5.4.1/armv7e-m/fpu/crtbegin.o
LOAD /opt/gcc-arm/bin/../lib/gcc/arm-none-eabi/5.4.1/../../../../arm-none-eabi/lib/armv7e-m/fpu/crt0.o
LOAD ./Src/freertos.o
LOAD ./Src/main.o
LOAD ./Src/perirh_init.o
LOAD ./Src/printf.o
LOAD ./Src/sd.o
LOAD ./Src/stm32f4xx_it.o
LOAD ./Src/tim6.o
LOAD ./Src/uart.o
LOAD ./Src/uart1Task.o
LOAD ./FreeRTOS/src/croutine.o
LOAD ./FreeRTOS/src/event_groups.o
LOAD ./FreeRTOS/src/heap_4.o
LOAD ./FreeRTOS/src/list.o
LOAD ./FreeRTOS/src/port.o
LOAD ./FreeRTOS/src/queue.o
LOAD ./FreeRTOS/src/tasks.o
LOAD ./FreeRTOS/src/timers.o
LOAD ./FATFS_SDIO/fatfs/option/ccsbcs.o
LOAD ./FATFS_SDIO/fatfs/option/syscall.o
LOAD ./FATFS_SDIO/fatfs/lo_level_ub/stm32_ub_atadrive.o
LOAD ./FATFS_SDIO/fatfs/lo_level_ub/stm32_ub_sdcard.o
LOAD ./FATFS_SDIO/fatfs/lo_level_ub/stm32_ub_usbdisk.o
LOAD ./FATFS_SDIO/fatfs/diskio.o
LOAD ./FATFS_SDIO/fatfs/fatfs_syscall.o
LOAD ./FATFS_SDIO/fatfs/ff.o
LOAD ./FATFS_SDIO/stm32_ub_fatfs.o
LOAD ./Drivers/SLP/src/misc.o
LOAD ./Drivers/SLP/src/stm32f4xx_adc.o
LOAD ./Drivers/SLP/src/stm32f4xx_can.o
LOAD ./Drivers/SLP/src/stm32f4xx_cec.o
LOAD ./Drivers/SLP/src/stm32f4xx_crc.o
LOAD ./Drivers/SLP/src/stm32f4xx_cryp.o
LOAD ./Drivers/SLP/src/stm32f4xx_cryp_aes.o
LOAD ./Drivers/SLP/src/stm32f4xx_cryp_des.o
LOAD ./Drivers/SLP/src/stm32f4xx_cryp_tdes.o
LOAD ./Drivers/SLP/src/stm32f4xx_dac.o
LOAD ./Drivers/SLP/src/stm32f4xx_dbgmcu.o
LOAD ./Drivers/SLP/src/stm32f4xx_dcmi.o
LOAD ./Drivers/SLP/src/stm32f4xx_dfsdm.o
LOAD ./Drivers/SLP/src/stm32f4xx_dma.o
LOAD ./Drivers/SLP/src/stm32f4xx_dma2d.o
LOAD ./Drivers/SLP/src/stm32f4xx_dsi.o
LOAD ./Drivers/SLP/src/stm32f4xx_exti.o
LOAD ./Drivers/SLP/src/stm32f4xx_flash.o
LOAD ./Drivers/SLP/src/stm32f4xx_flash_ramfunc.o
LOAD ./Drivers/SLP/src/stm32f4xx_fmpi2c.o
LOAD ./Drivers/SLP/src/stm32f4xx_fsmc.o
LOAD ./Drivers/SLP/src/stm32f4xx_gpio.o
LOAD ./Drivers/SLP/src/stm32f4xx_hash.o
LOAD ./Drivers/SLP/src/stm32f4xx_hash_md5.o
LOAD ./Drivers/SLP/src/stm32f4xx_hash_sha1.o
LOAD ./Drivers/SLP/src/stm32f4xx_i2c.o
LOAD ./Drivers/SLP/src/stm32f4xx_iwdg.o
LOAD ./Drivers/SLP/src/stm32f4xx_lptim.o
LOAD ./Drivers/SLP/src/stm32f4xx_ltdc.o
LOAD ./Drivers/SLP/src/stm32f4xx_pwr.o
LOAD ./Drivers/SLP/src/stm32f4xx_qspi.o
LOAD ./Drivers/SLP/src/stm32f4xx_rcc.o
LOAD ./Drivers/SLP/src/stm32f4xx_rng.o
LOAD ./Drivers/SLP/src/stm32f4xx_rtc.o
LOAD ./Drivers/SLP/src/stm32f4xx_sai.o
LOAD ./Drivers/SLP/src/stm32f4xx_sdio.o
LOAD ./Drivers/SLP/src/stm32f4xx_spdifrx.o
LOAD ./Drivers/SLP/src/stm32f4xx_spi.o
LOAD ./Drivers/SLP/src/stm32f4xx_syscfg.o
LOAD ./Drivers/SLP/src/stm32f4xx_tim.o
LOAD ./Drivers/SLP/src/stm32f4xx_usart.o
LOAD ./Drivers/SLP/src/stm32f4xx_wwdg.o
LOAD ./Drivers/CMSIS/src/startup_stm32f40_41xxx.o
LOAD ./Drivers/CMSIS/src/system_stm32f4xx.o
START GROUP
LOAD /opt/gcc-arm/bin/../lib/gcc/arm-none-eabi/5.4.1/armv7e-m/fpu/libgcc.a
LOAD /opt/gcc-arm/bin/../lib/gcc/arm-none-eabi/5.4.1/../../../../arm-none-eabi/lib/armv7e-m/fpu/libg.a
LOAD /opt/gcc-arm/bin/../lib/gcc/arm-none-eabi/5.4.1/../../../../arm-none-eabi/lib/armv7e-m/fpu/libc.a
END GROUP
LOAD /opt/gcc-arm/bin/../lib/gcc/arm-none-eabi/5.4.1/armv7e-m/fpu/crtend.o
LOAD /opt/gcc-arm/bin/../lib/gcc/arm-none-eabi/5.4.1/armv7e-m/fpu/crtn.o
                0x20020000                _estack = 0x20020000
                0x00000200                _Min_Heap_Size = 0x200
                0x00000400                _Min_Stack_Size = 0x400

.isr_vector     0x08000000      0x188
                0x08000000                . = ALIGN (0x4)
 *(.isr_vector)
 .isr_vector    0x08000000      0x188 ./Drivers/CMSIS/src/startup_stm32f40_41xxx.o
                0x08000000                g_pfnVectors
                0x08000188                . = ALIGN (0x4)

.text           0x08000188     0x4e88
                0x08000188                . = ALIGN (0x4)
 *(.text)
 .text          0x08000188       0x5c /opt/gcc-arm/bin/../lib/gcc/arm-none-eabi/5.4.1/armv7e-m/fpu/crtbegin.o
 .text          0x080001e4      0x134 /opt/gcc-arm/bin/../lib/gcc/arm-none-eabi/5.4.1/../../../../arm-none-eabi/lib/armv7e-m/fpu/libg.a(lib_a-memcpy.o)
                0x080001e4                memcpy
 *(.text*)
 .text.vApplicationStackOverflowHook
                0x08000318        0x2 ./Src/freertos.o
                0x08000318                vApplicationStackOverflowHook
 *fill*         0x0800031a        0x2 
 .text.TIM6_DAC_IRQHandler
                0x0800031c       0x44 ./Src/main.o
                0x0800031c                TIM6_DAC_IRQHandler
 .text.startup.main
                0x08000360       0xc4 ./Src/main.o
                0x08000360                main
 .text.vApplicationTickHook
                0x08000424       0x2c ./Src/main.o
                0x08000424                vApplicationTickHook
 .text.CONSOLE_printFiles
                0x08000450       0xa0 ./Src/main.o
                0x08000450                CONSOLE_printFiles
 .text.vTaskGreenLed
                0x080004f0       0x6c ./Src/main.o
                0x080004f0                vTaskGreenLed
 .text.initGPIO
                0x0800055c       0x48 ./Src/perirh_init.o
                0x0800055c                initGPIO
 .text.PutString
                0x080005a4       0x18 ./Src/printf.o
                0x080005a4                PutString
 .text.PutUnsignedInt
                0x080005bc       0x44 ./Src/printf.o
                0x080005bc                PutUnsignedInt
 .text.PutSignedInt
                0x08000600       0x68 ./Src/printf.o
                0x08000600                PutSignedInt
 .text.PutHexa  0x08000668       0x50 ./Src/printf.o
                0x08000668                PutHexa
 .text.vsnprintf
                0x080006b8      0x11a ./Src/printf.o
                0x080006b8                vsnprintf
 .text.vsprintf
                0x080007d2        0xa ./Src/printf.o
                0x080007d2                vsprintf
 .text.sprintf  0x080007dc       0x1a ./Src/printf.o
                0x080007dc                sprintf
 .text.SDIO_isSDCardAccessible
                0x080007f6       0x10 ./Src/sd.o
                0x080007f6                SDIO_isSDCardAccessible
 .text.SDIO_mountSDCard
                0x08000806       0x10 ./Src/sd.o
                0x08000806                SDIO_mountSDCard
 *fill*         0x08000816        0x2 
 .text.SDIO_scanFiles
                0x08000818       0xc4 ./Src/sd.o
                0x08000818                SDIO_scanFiles
 .text.NMI_Handler
                0x080008dc        0x2 ./Src/stm32f4xx_it.o
                0x080008dc                NMI_Handler
 .text.HardFault_Handler
                0x080008de        0x2 ./Src/stm32f4xx_it.o
                0x080008de                HardFault_Handler
 .text.MemManage_Handler
                0x080008e0        0x2 ./Src/stm32f4xx_it.o
                0x080008e0                MemManage_Handler
 .text.BusFault_Handler
                0x080008e2        0x2 ./Src/stm32f4xx_it.o
                0x080008e2                BusFault_Handler
 .text.UsageFault_Handler
                0x080008e4        0x2 ./Src/stm32f4xx_it.o
                0x080008e4                UsageFault_Handler
 .text.DebugMon_Handler
                0x080008e6        0x2 ./Src/stm32f4xx_it.o
                0x080008e6                DebugMon_Handler
 .text.timer6_init
                0x080008e8       0x4c ./Src/tim6.o
                0x080008e8                timer6_init
 .text.uart_interrupt
                0x08000934       0xbc ./Src/uart.o
                0x08000934                uart_interrupt
 .text.USART1_IRQHandler
                0x080009f0       0x10 ./Src/uart.o
                0x080009f0                USART1_IRQHandler
 .text.USART2_IRQHandler
                0x08000a00       0x10 ./Src/uart.o
                0x08000a00                USART2_IRQHandler
 .text.USART3_IRQHandler
                0x08000a10       0x10 ./Src/uart.o
                0x08000a10                USART3_IRQHandler
 .text.UART4_IRQHandler
                0x08000a20       0x10 ./Src/uart.o
                0x08000a20                UART4_IRQHandler
 .text.UART5_IRQHandler
                0x08000a30       0x10 ./Src/uart.o
                0x08000a30                UART5_IRQHandler
 .text.USART6_IRQHandler
                0x08000a40       0x10 ./Src/uart.o
                0x08000a40                USART6_IRQHandler
 .text.uart_init
                0x08000a50      0x2b0 ./Src/uart.o
                0x08000a50                uart_init
 .text.GetCharUart
                0x08000d00       0x2c ./Src/uart.o
                0x08000d00                GetCharUart
 .text.PutCharUart
                0x08000d2c       0x54 ./Src/uart.o
                0x08000d2c                PutCharUart
 .text.PutStringUart
                0x08000d80       0x34 ./Src/uart.o
                0x08000d80                PutStringUart
 .text.Usart1Rx
                0x08000db4       0x2c ./Src/uart1Task.o
 .text.initUartTask
                0x08000de0       0x2c ./Src/uart1Task.o
                0x08000de0                initUartTask
 .text.unlikely.prvInsertBlockIntoFreeList
                0x08000e0c       0x48 ./FreeRTOS/src/heap_4.o
 .text.pvPortMalloc
                0x08000e54      0x124 ./FreeRTOS/src/heap_4.o
                0x08000e54                pvPortMalloc
 .text.vPortFree
                0x08000f78       0x70 ./FreeRTOS/src/heap_4.o
                0x08000f78                vPortFree
 .text.vListInitialise
                0x08000fe8       0x16 ./FreeRTOS/src/list.o
                0x08000fe8                vListInitialise
 .text.vListInitialiseItem
                0x08000ffe        0x6 ./FreeRTOS/src/list.o
                0x08000ffe                vListInitialiseItem
 .text.vListInsertEnd
                0x08001004       0x18 ./FreeRTOS/src/list.o
                0x08001004                vListInsertEnd
 .text.vListInsert
                0x0800101c       0x30 ./FreeRTOS/src/list.o
                0x0800101c                vListInsert
 .text.uxListRemove
                0x0800104c       0x20 ./FreeRTOS/src/list.o
                0x0800104c                uxListRemove
 .text.prvTaskExitError
                0x0800106c       0x30 ./FreeRTOS/src/port.o
 .text.prvPortStartFirstTask
                0x0800109c       0x20 ./FreeRTOS/src/port.o
 .text.vPortEnableVFP
                0x080010bc       0x14 ./FreeRTOS/src/port.o
 .text.pxPortInitialiseStack
                0x080010d0       0x24 ./FreeRTOS/src/port.o
                0x080010d0                pxPortInitialiseStack
 .text.SVC_Handler
                0x080010f4       0x20 ./FreeRTOS/src/port.o
                0x080010f4                SVC_Handler
 .text.vPortEnterCritical
                0x08001114       0x44 ./FreeRTOS/src/port.o
                0x08001114                vPortEnterCritical
 .text.vPortExitCritical
                0x08001158       0x28 ./FreeRTOS/src/port.o
                0x08001158                vPortExitCritical
 .text.PendSV_Handler
                0x08001180       0x60 ./FreeRTOS/src/port.o
                0x08001180                PendSV_Handler
 .text.SysTick_Handler
                0x080011e0       0x30 ./FreeRTOS/src/port.o
                0x080011e0                SysTick_Handler
 .text.vPortSetupTimerInterrupt
                0x08001210       0x18 ./FreeRTOS/src/port.o
                0x08001210                vPortSetupTimerInterrupt
 .text.xPortStartScheduler
                0x08001228       0xec ./FreeRTOS/src/port.o
                0x08001228                xPortStartScheduler
 .text.vPortValidateInterruptPriority
                0x08001314       0x5c ./FreeRTOS/src/port.o
                0x08001314                vPortValidateInterruptPriority
 .text.unlikely.prvCopyDataToQueue
                0x08001370       0x6a ./FreeRTOS/src/queue.o
 .text.unlikely.prvCopyDataFromQueue
                0x080013da       0x2a ./FreeRTOS/src/queue.o
 .text.prvUnlockQueue
                0x08001404       0x68 ./FreeRTOS/src/queue.o
 .text.unlikely.xQueueGenericCreate.part.1
                0x0800146c       0x12 ./FreeRTOS/src/queue.o
 *fill*         0x0800147e        0x2 
 .text.xQueueGenericReset
                0x08001480       0x70 ./FreeRTOS/src/queue.o
                0x08001480                xQueueGenericReset
 .text.xQueueGenericCreate
                0x080014f0       0x56 ./FreeRTOS/src/queue.o
                0x080014f0                xQueueGenericCreate
 *fill*         0x08001546        0x2 
 .text.xQueueGenericSend
                0x08001548      0x148 ./FreeRTOS/src/queue.o
                0x08001548                xQueueGenericSend
 .text.xQueueCreateMutex
                0x08001690       0x4a ./FreeRTOS/src/queue.o
                0x08001690                xQueueCreateMutex
 .text.xQueueGiveFromISR
                0x080016da       0xa0 ./FreeRTOS/src/queue.o
                0x080016da                xQueueGiveFromISR
 *fill*         0x0800177a        0x2 
 .text.xQueueGenericReceive
                0x0800177c      0x158 ./FreeRTOS/src/queue.o
                0x0800177c                xQueueGenericReceive
 .text.prvResetNextTaskUnblockTime
                0x080018d4       0x24 ./FreeRTOS/src/tasks.o
 .text.prvAddCurrentTaskToDelayedList
                0x080018f8       0x50 ./FreeRTOS/src/tasks.o
 .text.xTaskGenericCreate.part.5
                0x08001948      0x1c8 ./FreeRTOS/src/tasks.o
 .text.vTaskSetTimeOutState.part.7
                0x08001b10       0x12 ./FreeRTOS/src/tasks.o
 .text.xTaskGenericCreate
                0x08001b22       0x3c ./FreeRTOS/src/tasks.o
                0x08001b22                xTaskGenericCreate
 *fill*         0x08001b5e        0x2 
 .text.vTaskStartScheduler
                0x08001b60       0x70 ./FreeRTOS/src/tasks.o
                0x08001b60                vTaskStartScheduler
 .text.vTaskSuspendAll
                0x08001bd0       0x10 ./FreeRTOS/src/tasks.o
                0x08001bd0                vTaskSuspendAll
 .text.xTaskIncrementTick
                0x08001be0      0x140 ./FreeRTOS/src/tasks.o
                0x08001be0                xTaskIncrementTick
 .text.xTaskResumeAll
                0x08001d20       0xec ./FreeRTOS/src/tasks.o
                0x08001d20                xTaskResumeAll
 .text.vTaskDelay
                0x08001e0c       0x7c ./FreeRTOS/src/tasks.o
                0x08001e0c                vTaskDelay
 .text.prvIdleTask
                0x08001e88       0x78 ./FreeRTOS/src/tasks.o
 .text.vTaskSwitchContext
                0x08001f00       0x8c ./FreeRTOS/src/tasks.o
                0x08001f00                vTaskSwitchContext
 .text.vTaskPlaceOnEventList
                0x08001f8c       0x70 ./FreeRTOS/src/tasks.o
                0x08001f8c                vTaskPlaceOnEventList
 .text.xTaskRemoveFromEventList
                0x08001ffc       0x84 ./FreeRTOS/src/tasks.o
                0x08001ffc                xTaskRemoveFromEventList
 .text.vTaskSetTimeOutState
                0x08002080       0x20 ./FreeRTOS/src/tasks.o
                0x08002080                vTaskSetTimeOutState
 .text.xTaskCheckForTimeOut
                0x080020a0       0x74 ./FreeRTOS/src/tasks.o
                0x080020a0                xTaskCheckForTimeOut
 .text.vTaskMissedYield
                0x08002114        0xc ./FreeRTOS/src/tasks.o
                0x08002114                vTaskMissedYield
 .text.vTaskPriorityInherit
                0x08002120       0x8c ./FreeRTOS/src/tasks.o
                0x08002120                vTaskPriorityInherit
 .text.xTaskPriorityDisinherit
                0x080021ac       0xa0 ./FreeRTOS/src/tasks.o
                0x080021ac                xTaskPriorityDisinherit
 .text.pvTaskIncrementMutexHeldCount
                0x0800224c       0x18 ./FreeRTOS/src/tasks.o
                0x0800224c                pvTaskIncrementMutexHeldCount
 .text.ff_convert
                0x08002264       0x3c ./FATFS_SDIO/fatfs/option/ccsbcs.o
                0x08002264                ff_convert
 .text.ff_wtoupper
                0x080022a0       0x24 ./FATFS_SDIO/fatfs/option/ccsbcs.o
                0x080022a0                ff_wtoupper
 .text.ATA_disk_initialize
                0x080022c4        0x6 ./FATFS_SDIO/fatfs/lo_level_ub/stm32_ub_atadrive.o
                0x080022c4                ATA_disk_initialize
 .text.ATA_disk_status
                0x080022ca        0x6 ./FATFS_SDIO/fatfs/lo_level_ub/stm32_ub_atadrive.o
                0x080022ca                ATA_disk_status
 .text.ATA_disk_read
                0x080022d0        0x6 ./FATFS_SDIO/fatfs/lo_level_ub/stm32_ub_atadrive.o
                0x080022d0                ATA_disk_read
 .text.ATA_disk_write
                0x080022d6        0x6 ./FATFS_SDIO/fatfs/lo_level_ub/stm32_ub_atadrive.o
                0x080022d6                ATA_disk_write
 .text.CmdResp2Error
                0x080022dc       0x3c ./FATFS_SDIO/fatfs/lo_level_ub/stm32_ub_sdcard.o
 .text.CmdResp1Error
                0x08002318       0xf0 ./FATFS_SDIO/fatfs/lo_level_ub/stm32_ub_sdcard.o
 .text.FindSCR.isra.1
                0x08002408      0x140 ./FATFS_SDIO/fatfs/lo_level_ub/stm32_ub_sdcard.o
 .text.SDEnWideBus
                0x08002548       0xac ./FATFS_SDIO/fatfs/lo_level_ub/stm32_ub_sdcard.o
 .text.SD_SendStatus.part.3
                0x080025f4       0x40 ./FATFS_SDIO/fatfs/lo_level_ub/stm32_ub_sdcard.o
 .text.UB_SDCard_CheckMedia
                0x08002634       0x20 ./FATFS_SDIO/fatfs/lo_level_ub/stm32_ub_sdcard.o
                0x08002634                UB_SDCard_CheckMedia
 .text.MMC_disk_status
                0x08002654       0x18 ./FATFS_SDIO/fatfs/lo_level_ub/stm32_ub_sdcard.o
                0x08002654                MMC_disk_status
 .text.SD_GetState
                0x0800266c       0x2e ./FATFS_SDIO/fatfs/lo_level_ub/stm32_ub_sdcard.o
                0x0800266c                SD_GetState
 .text.SD_GetStatus
                0x0800269a       0x18 ./FATFS_SDIO/fatfs/lo_level_ub/stm32_ub_sdcard.o
                0x0800269a                SD_GetStatus
 *fill*         0x080026b2        0x2 
 .text.SD_PowerON
                0x080026b4      0x208 ./FATFS_SDIO/fatfs/lo_level_ub/stm32_ub_sdcard.o
                0x080026b4                SD_PowerON
 .text.SD_InitializeCards
                0x080028bc      0x154 ./FATFS_SDIO/fatfs/lo_level_ub/stm32_ub_sdcard.o
                0x080028bc                SD_InitializeCards
 .text.SD_GetCardInfo
                0x08002a10      0x298 ./FATFS_SDIO/fatfs/lo_level_ub/stm32_ub_sdcard.o
                0x08002a10                SD_GetCardInfo
 .text.SD_EnableWideBusOperation
                0x08002ca8       0x68 ./FATFS_SDIO/fatfs/lo_level_ub/stm32_ub_sdcard.o
                0x08002ca8                SD_EnableWideBusOperation
 .text.SD_SelectDeselect
                0x08002d10       0x2c ./FATFS_SDIO/fatfs/lo_level_ub/stm32_ub_sdcard.o
                0x08002d10                SD_SelectDeselect
 .text.SD_Init  0x08002d3c       0x88 ./FATFS_SDIO/fatfs/lo_level_ub/stm32_ub_sdcard.o
                0x08002d3c                SD_Init
 .text.MMC_disk_initialize
                0x08002dc4       0x10 ./FATFS_SDIO/fatfs/lo_level_ub/stm32_ub_sdcard.o
                0x08002dc4                MMC_disk_initialize
 .text.SD_StopTransfer
                0x08002dd4       0x2c ./FATFS_SDIO/fatfs/lo_level_ub/stm32_ub_sdcard.o
                0x08002dd4                SD_StopTransfer
 .text.SD_WaitReadOperation
                0x08002e00       0x84 ./FATFS_SDIO/fatfs/lo_level_ub/stm32_ub_sdcard.o
                0x08002e00                SD_WaitReadOperation
 .text.SD_WaitWriteOperation
                0x08002e84       0x84 ./FATFS_SDIO/fatfs/lo_level_ub/stm32_ub_sdcard.o
                0x08002e84                SD_WaitWriteOperation
 .text.SD_ProcessIRQSrc
                0x08002f08       0x98 ./FATFS_SDIO/fatfs/lo_level_ub/stm32_ub_sdcard.o
                0x08002f08                SD_ProcessIRQSrc
 .text.SD_ProcessDMAIRQ
                0x08002fa0       0x28 ./FATFS_SDIO/fatfs/lo_level_ub/stm32_ub_sdcard.o
                0x08002fa0                SD_ProcessDMAIRQ
 .text.SD_LowLevel_Init
                0x08002fc8       0xac ./FATFS_SDIO/fatfs/lo_level_ub/stm32_ub_sdcard.o
                0x08002fc8                SD_LowLevel_Init
 .text.UB_SDCard_Init
                0x08003074       0x20 ./FATFS_SDIO/fatfs/lo_level_ub/stm32_ub_sdcard.o
                0x08003074                UB_SDCard_Init
 .text.SD_LowLevel_DMA_TxConfig
                0x08003094       0x90 ./FATFS_SDIO/fatfs/lo_level_ub/stm32_ub_sdcard.o
                0x08003094                SD_LowLevel_DMA_TxConfig
 .text.SD_WriteMultiBlocks
                0x08003124      0x12c ./FATFS_SDIO/fatfs/lo_level_ub/stm32_ub_sdcard.o
                0x08003124                SD_WriteMultiBlocks
 .text.MMC_disk_write
                0x08003250       0x2c ./FATFS_SDIO/fatfs/lo_level_ub/stm32_ub_sdcard.o
                0x08003250                MMC_disk_write
 .text.SD_LowLevel_DMA_RxConfig
                0x0800327c       0x90 ./FATFS_SDIO/fatfs/lo_level_ub/stm32_ub_sdcard.o
                0x0800327c                SD_LowLevel_DMA_RxConfig
 .text.SD_ReadMultiBlocks
                0x0800330c       0xe4 ./FATFS_SDIO/fatfs/lo_level_ub/stm32_ub_sdcard.o
                0x0800330c                SD_ReadMultiBlocks
 .text.MMC_disk_read
                0x080033f0       0x2c ./FATFS_SDIO/fatfs/lo_level_ub/stm32_ub_sdcard.o
                0x080033f0                MMC_disk_read
 .text.SDIO_IRQHandler
                0x0800341c        0x4 ./FATFS_SDIO/fatfs/lo_level_ub/stm32_ub_sdcard.o
                0x0800341c                SDIO_IRQHandler
 .text.DMA2_Stream3_IRQHandler
                0x08003420        0x4 ./FATFS_SDIO/fatfs/lo_level_ub/stm32_ub_sdcard.o
                0x08003420                DMA2_Stream3_IRQHandler
 .text.USB_disk_initialize
                0x08003424        0x6 ./FATFS_SDIO/fatfs/lo_level_ub/stm32_ub_usbdisk.o
                0x08003424                USB_disk_initialize
 .text.USB_disk_status
                0x0800342a        0x6 ./FATFS_SDIO/fatfs/lo_level_ub/stm32_ub_usbdisk.o
                0x0800342a                USB_disk_status
 .text.USB_disk_read
                0x08003430        0x6 ./FATFS_SDIO/fatfs/lo_level_ub/stm32_ub_usbdisk.o
                0x08003430                USB_disk_read
 .text.USB_disk_write
                0x08003436        0x6 ./FATFS_SDIO/fatfs/lo_level_ub/stm32_ub_usbdisk.o
                0x08003436                USB_disk_write
 .text.disk_initialize
                0x0800343c       0x28 ./FATFS_SDIO/fatfs/diskio.o
                0x0800343c                disk_initialize
 .text.disk_status
                0x08003464       0x2a ./FATFS_SDIO/fatfs/diskio.o
                0x08003464                disk_status
 .text.disk_read
                0x0800348e       0x30 ./FATFS_SDIO/fatfs/diskio.o
                0x0800348e                disk_read
 .text.disk_write
                0x080034be       0x30 ./FATFS_SDIO/fatfs/diskio.o
                0x080034be                disk_write
 .text.sum_sfn  0x080034ee       0x1e ./FATFS_SDIO/fatfs/ff.o
 .text.validate
                0x0800350c       0x2a ./FATFS_SDIO/fatfs/ff.o
 .text.get_fileinfo
                0x08003536      0x100 ./FATFS_SDIO/fatfs/ff.o
 .text.ld_clust.isra.0
                0x08003636       0x1c ./FATFS_SDIO/fatfs/ff.o
 *fill*         0x08003652        0x2 
 .text.check_fs
                0x08003654       0x54 ./FATFS_SDIO/fatfs/ff.o
 .text.chk_mounted
                0x080036a8      0x244 ./FATFS_SDIO/fatfs/ff.o
 .text.sync_window.part.2
                0x080038ec       0x4a ./FATFS_SDIO/fatfs/ff.o
 .text.sync_window
                0x08003936        0xc ./FATFS_SDIO/fatfs/ff.o
 .text.move_window
                0x08003942       0x34 ./FATFS_SDIO/fatfs/ff.o
 .text.clust2sect
                0x08003976       0x16 ./FATFS_SDIO/fatfs/ff.o
                0x08003976                clust2sect
 .text.get_fat  0x0800398c       0xc8 ./FATFS_SDIO/fatfs/ff.o
                0x0800398c                get_fat
 .text.dir_sdi  0x08003a54       0x84 ./FATFS_SDIO/fatfs/ff.o
 .text.put_fat  0x08003ad8       0xec ./FATFS_SDIO/fatfs/ff.o
                0x08003ad8                put_fat
 .text.create_chain
                0x08003bc4       0x9a ./FATFS_SDIO/fatfs/ff.o
 .text.dir_next
                0x08003c5e       0xfe ./FATFS_SDIO/fatfs/ff.o
 .text.dir_find.part.6
                0x08003d5c      0x12c ./FATFS_SDIO/fatfs/ff.o
 .text.follow_path
                0x08003e88      0x2b8 ./FATFS_SDIO/fatfs/ff.o
 .text.dir_read.constprop.11
                0x08004140       0xf4 ./FATFS_SDIO/fatfs/ff.o
 .text.f_mount  0x08004234       0x20 ./FATFS_SDIO/fatfs/ff.o
                0x08004234                f_mount
 .text.f_opendir
                0x08004254       0x70 ./FATFS_SDIO/fatfs/ff.o
                0x08004254                f_opendir
 .text.f_readdir
                0x080042c4       0x5a ./FATFS_SDIO/fatfs/ff.o
                0x080042c4                f_readdir
 .text.f_getfree
                0x0800431e       0xce ./FATFS_SDIO/fatfs/ff.o
                0x0800431e                f_getfree
 .text.UB_Fatfs_Init
                0x080043ec        0x4 ./FATFS_SDIO/stm32_ub_fatfs.o
                0x080043ec                UB_Fatfs_Init
 .text.UB_Fatfs_CheckMedia
                0x080043f0       0x16 ./FATFS_SDIO/stm32_ub_fatfs.o
                0x080043f0                UB_Fatfs_CheckMedia
 *fill*         0x08004406        0x2 
 .text.UB_Fatfs_Mount
                0x08004408       0x34 ./FATFS_SDIO/stm32_ub_fatfs.o
                0x08004408                UB_Fatfs_Mount
 .text.DMA_DeInit
                0x0800443c      0x10c ./Drivers/SLP/src/stm32f4xx_dma.o
                0x0800443c                DMA_DeInit
 .text.DMA_Init
                0x08004548       0x54 ./Drivers/SLP/src/stm32f4xx_dma.o
                0x08004548                DMA_Init
 .text.DMA_Cmd  0x0800459c       0x12 ./Drivers/SLP/src/stm32f4xx_dma.o
                0x0800459c                DMA_Cmd
 .text.DMA_FlowControllerConfig
                0x080045ae       0x12 ./Drivers/SLP/src/stm32f4xx_dma.o
                0x080045ae                DMA_FlowControllerConfig
 .text.DMA_ITConfig
                0x080045c0       0x3e ./Drivers/SLP/src/stm32f4xx_dma.o
                0x080045c0                DMA_ITConfig
 *fill*         0x080045fe        0x2 
 .text.DMA_ClearITPendingBit
                0x08004600       0x30 ./Drivers/SLP/src/stm32f4xx_dma.o
                0x08004600                DMA_ClearITPendingBit
 .text.DMA_ClearFlag
                0x08004630        0x4 ./Drivers/SLP/src/stm32f4xx_dma.o
                0x08004630                DMA_ClearFlag
 .text.GPIO_Init
                0x08004634       0x84 ./Drivers/SLP/src/stm32f4xx_gpio.o
                0x08004634                GPIO_Init
 .text.GPIO_SetBits
                0x080046b8        0x4 ./Drivers/SLP/src/stm32f4xx_gpio.o
                0x080046b8                GPIO_SetBits
 .text.GPIO_ToggleBits
                0x080046bc        0x8 ./Drivers/SLP/src/stm32f4xx_gpio.o
                0x080046bc                GPIO_ToggleBits
 .text.GPIO_PinAFConfig
                0x080046c4       0x24 ./Drivers/SLP/src/stm32f4xx_gpio.o
                0x080046c4                GPIO_PinAFConfig
 .text.RCC_GetClocksFreq
                0x080046e8       0x88 ./Drivers/SLP/src/stm32f4xx_rcc.o
                0x080046e8                RCC_GetClocksFreq
 .text.RCC_AHB1PeriphClockCmd
                0x08004770       0x18 ./Drivers/SLP/src/stm32f4xx_rcc.o
                0x08004770                RCC_AHB1PeriphClockCmd
 .text.RCC_APB1PeriphClockCmd
                0x08004788       0x18 ./Drivers/SLP/src/stm32f4xx_rcc.o
                0x08004788                RCC_APB1PeriphClockCmd
 .text.RCC_APB2PeriphClockCmd
                0x080047a0       0x18 ./Drivers/SLP/src/stm32f4xx_rcc.o
                0x080047a0                RCC_APB2PeriphClockCmd
 .text.RCC_APB1PeriphResetCmd
                0x080047b8       0x18 ./Drivers/SLP/src/stm32f4xx_rcc.o
                0x080047b8                RCC_APB1PeriphResetCmd
 .text.RCC_APB2PeriphResetCmd
                0x080047d0       0x18 ./Drivers/SLP/src/stm32f4xx_rcc.o
                0x080047d0                RCC_APB2PeriphResetCmd
 .text.SDIO_DeInit
                0x080047e8       0x1a ./Drivers/SLP/src/stm32f4xx_sdio.o
                0x080047e8                SDIO_DeInit
 *fill*         0x08004802        0x2 
 .text.SDIO_Init
                0x08004804       0x30 ./Drivers/SLP/src/stm32f4xx_sdio.o
                0x08004804                SDIO_Init
 .text.SDIO_ClockCmd
                0x08004834        0xc ./Drivers/SLP/src/stm32f4xx_sdio.o
                0x08004834                SDIO_ClockCmd
 .text.SDIO_SetPowerState
                0x08004840        0xc ./Drivers/SLP/src/stm32f4xx_sdio.o
                0x08004840                SDIO_SetPowerState
 .text.SDIO_GetPowerState
                0x0800484c       0x10 ./Drivers/SLP/src/stm32f4xx_sdio.o
                0x0800484c                SDIO_GetPowerState
 .text.SDIO_SendCommand
                0x0800485c       0x2c ./Drivers/SLP/src/stm32f4xx_sdio.o
                0x0800485c                SDIO_SendCommand
 .text.SDIO_GetCommandResponse
                0x08004888        0xc ./Drivers/SLP/src/stm32f4xx_sdio.o
                0x08004888                SDIO_GetCommandResponse
 .text.SDIO_GetResponse
                0x08004894       0x18 ./Drivers/SLP/src/stm32f4xx_sdio.o
                0x08004894                SDIO_GetResponse
 .text.SDIO_DataConfig
                0x080048ac       0x2c ./Drivers/SLP/src/stm32f4xx_sdio.o
                0x080048ac                SDIO_DataConfig
 .text.SDIO_ReadData
                0x080048d8        0xc ./Drivers/SLP/src/stm32f4xx_sdio.o
                0x080048d8                SDIO_ReadData
 .text.SDIO_DMACmd
                0x080048e4        0xc ./Drivers/SLP/src/stm32f4xx_sdio.o
                0x080048e4                SDIO_DMACmd
 .text.SDIO_ITConfig
                0x080048f0       0x18 ./Drivers/SLP/src/stm32f4xx_sdio.o
                0x080048f0                SDIO_ITConfig
 .text.SDIO_ClearFlag
                0x08004908        0xc ./Drivers/SLP/src/stm32f4xx_sdio.o
                0x08004908                SDIO_ClearFlag
 .text.SDIO_GetITStatus
                0x08004914       0x14 ./Drivers/SLP/src/stm32f4xx_sdio.o
                0x08004914                SDIO_GetITStatus
 .text.SDIO_GetFlagStatus
                0x08004928        0x4 ./Drivers/SLP/src/stm32f4xx_sdio.o
                0x08004928                SDIO_GetFlagStatus
 .text.SDIO_ClearITPendingBit
                0x0800492c        0xc ./Drivers/SLP/src/stm32f4xx_sdio.o
                0x0800492c                SDIO_ClearITPendingBit
 .text.TIM_TimeBaseInit
                0x08004938       0x7c ./Drivers/SLP/src/stm32f4xx_tim.o
                0x08004938                TIM_TimeBaseInit
 .text.TIM_TimeBaseStructInit
                0x080049b4       0x12 ./Drivers/SLP/src/stm32f4xx_tim.o
                0x080049b4                TIM_TimeBaseStructInit
 .text.TIM_Cmd  0x080049c6       0x18 ./Drivers/SLP/src/stm32f4xx_tim.o
                0x080049c6                TIM_Cmd
 .text.TIM_GetITStatus
                0x080049de       0x16 ./Drivers/SLP/src/stm32f4xx_tim.o
                0x080049de                TIM_GetITStatus
 .text.TIM_ClearITPendingBit
                0x080049f4        0x8 ./Drivers/SLP/src/stm32f4xx_tim.o
                0x080049f4                TIM_ClearITPendingBit
 .text.TIM_DMACmd
                0x080049fc       0x12 ./Drivers/SLP/src/stm32f4xx_tim.o
                0x080049fc                TIM_DMACmd
 .text.TIM_ITConfig
                0x08004a0e        0x4 ./Drivers/SLP/src/stm32f4xx_tim.o
                0x08004a0e                TIM_ITConfig
 *fill*         0x08004a12        0x2 
 .text.USART_DeInit
                0x08004a14       0xe8 ./Drivers/SLP/src/stm32f4xx_usart.o
                0x08004a14                USART_DeInit
 .text.USART_Init
                0x08004afc       0xb0 ./Drivers/SLP/src/stm32f4xx_usart.o
                0x08004afc                USART_Init
 .text.USART_ClockInit
                0x08004bac       0x20 ./Drivers/SLP/src/stm32f4xx_usart.o
                0x08004bac                USART_ClockInit
 .text.USART_ClockStructInit
                0x08004bcc        0xc ./Drivers/SLP/src/stm32f4xx_usart.o
                0x08004bcc                USART_ClockStructInit
 .text.USART_Cmd
                0x08004bd8       0x18 ./Drivers/SLP/src/stm32f4xx_usart.o
                0x08004bd8                USART_Cmd
 .text.USART_ITConfig
                0x08004bf0       0x30 ./Drivers/SLP/src/stm32f4xx_usart.o
                0x08004bf0                USART_ITConfig
 .text.Reset_Handler
                0x08004c20       0x48 ./Drivers/CMSIS/src/startup_stm32f40_41xxx.o
                0x08004c20                Reset_Handler
 .text.Default_Handler
                0x08004c68        0x2 ./Drivers/CMSIS/src/startup_stm32f40_41xxx.o
                0x08004c68                RTC_Alarm_IRQHandler
                0x08004c68                HASH_RNG_IRQHandler
                0x08004c68                EXTI2_IRQHandler
                0x08004c68                TIM8_CC_IRQHandler
                0x08004c68                TIM1_CC_IRQHandler
                0x08004c68                DMA2_Stream5_IRQHandler
                0x08004c68                DMA1_Stream5_IRQHandler
                0x08004c68                PVD_IRQHandler
                0x08004c68                TAMP_STAMP_IRQHandler
                0x08004c68                CAN2_RX1_IRQHandler
                0x08004c68                EXTI3_IRQHandler
                0x08004c68                TIM8_TRG_COM_TIM14_IRQHandler
                0x08004c68                TIM1_UP_TIM10_IRQHandler
                0x08004c68                TIM8_UP_TIM13_IRQHandler
                0x08004c68                I2C3_ER_IRQHandler
                0x08004c68                EXTI0_IRQHandler
                0x08004c68                I2C2_EV_IRQHandler
                0x08004c68                DMA1_Stream2_IRQHandler
                0x08004c68                CAN1_RX0_IRQHandler
                0x08004c68                FPU_IRQHandler
                0x08004c68                OTG_HS_WKUP_IRQHandler
                0x08004c68                CAN2_SCE_IRQHandler
                0x08004c68                DMA2_Stream2_IRQHandler
                0x08004c68                SPI1_IRQHandler
                0x08004c68                TIM1_BRK_TIM9_IRQHandler
                0x08004c68                DCMI_IRQHandler
                0x08004c68                CAN2_RX0_IRQHandler
                0x08004c68                CRYP_IRQHandler
                0x08004c68                CAN1_RX1_IRQHandler
                0x08004c68                DMA2_Stream0_IRQHandler
                0x08004c68                TIM4_IRQHandler
                0x08004c68                I2C1_EV_IRQHandler
                0x08004c68                DMA1_Stream6_IRQHandler
                0x08004c68                DMA1_Stream1_IRQHandler
                0x08004c68                TIM3_IRQHandler
                0x08004c68                RCC_IRQHandler
                0x08004c68                TIM8_BRK_TIM12_IRQHandler
                0x08004c68                Default_Handler
                0x08004c68                EXTI15_10_IRQHandler
                0x08004c68                ADC_IRQHandler
                0x08004c68                DMA1_Stream7_IRQHandler
                0x08004c68                TIM7_IRQHandler
                0x08004c68                CAN2_TX_IRQHandler
                0x08004c68                TIM5_IRQHandler
                0x08004c68                DMA2_Stream7_IRQHandler
                0x08004c68                I2C3_EV_IRQHandler
                0x08004c68                EXTI9_5_IRQHandler
                0x08004c68                RTC_WKUP_IRQHandler
                0x08004c68                ETH_WKUP_IRQHandler
                0x08004c68                SPI2_IRQHandler
                0x08004c68                OTG_HS_EP1_IN_IRQHandler
                0x08004c68                DMA1_Stream0_IRQHandler
                0x08004c68                CAN1_TX_IRQHandler
                0x08004c68                EXTI4_IRQHandler
                0x08004c68                FSMC_IRQHandler
                0x08004c68                ETH_IRQHandler
                0x08004c68                OTG_HS_EP1_OUT_IRQHandler
                0x08004c68                WWDG_IRQHandler
                0x08004c68                TIM2_IRQHandler
                0x08004c68                OTG_FS_WKUP_IRQHandler
                0x08004c68                TIM1_TRG_COM_TIM11_IRQHandler
                0x08004c68                OTG_HS_IRQHandler
                0x08004c68                EXTI1_IRQHandler
                0x08004c68                I2C2_ER_IRQHandler
                0x08004c68                DMA2_Stream1_IRQHandler
                0x08004c68                CAN1_SCE_IRQHandler
                0x08004c68                FLASH_IRQHandler
                0x08004c68                DMA2_Stream4_IRQHandler
                0x08004c68                OTG_FS_IRQHandler
                0x08004c68                SPI3_IRQHandler
                0x08004c68                DMA1_Stream4_IRQHandler
                0x08004c68                I2C1_ER_IRQHandler
                0x08004c68                DMA2_Stream6_IRQHandler
                0x08004c68                DMA1_Stream3_IRQHandler
 *fill*         0x08004c6a        0x2 
 .text.SystemInit
                0x08004c6c       0xf8 ./Drivers/CMSIS/src/system_stm32f4xx.o
                0x08004c6c                SystemInit
 .text.__libc_init_array
                0x08004d64       0x50 /opt/gcc-arm/bin/../lib/gcc/arm-none-eabi/5.4.1/../../../../arm-none-eabi/lib/armv7e-m/fpu/libg.a(lib_a-init.o)
                0x08004d64                __libc_init_array
 .text.memset   0x08004db4       0x9c /opt/gcc-arm/bin/../lib/gcc/arm-none-eabi/5.4.1/../../../../arm-none-eabi/lib/armv7e-m/fpu/libg.a(lib_a-memset.o)
                0x08004db4                memset
 .text.strcpy   0x08004e50       0xbc /opt/gcc-arm/bin/../lib/gcc/arm-none-eabi/5.4.1/../../../../arm-none-eabi/lib/armv7e-m/fpu/libg.a(lib_a-strcpy.o)
                0x08004e50                strcpy
 .text.startup.register_fini
                0x08004f0c       0x14 /opt/gcc-arm/bin/../lib/gcc/arm-none-eabi/5.4.1/../../../../arm-none-eabi/lib/armv7e-m/fpu/libg.a(lib_a-__call_atexit.o)
 .text.atexit   0x08004f20        0xc /opt/gcc-arm/bin/../lib/gcc/arm-none-eabi/5.4.1/../../../../arm-none-eabi/lib/armv7e-m/fpu/libg.a(lib_a-atexit.o)
                0x08004f20                atexit
 .text.__libc_fini_array
                0x08004f2c       0x28 /opt/gcc-arm/bin/../lib/gcc/arm-none-eabi/5.4.1/../../../../arm-none-eabi/lib/armv7e-m/fpu/libg.a(lib_a-fini.o)
                0x08004f2c                __libc_fini_array
 .text.__register_exitproc
                0x08004f54       0xa4 /opt/gcc-arm/bin/../lib/gcc/arm-none-eabi/5.4.1/../../../../arm-none-eabi/lib/armv7e-m/fpu/libg.a(lib_a-__atexit.o)
                0x08004f54                __register_exitproc
 *(.glue_7)
 .glue_7        0x08004ff8        0x0 linker stubs
 *(.glue_7t)
 .glue_7t       0x08004ff8        0x0 linker stubs
 *(.eh_frame)
 .eh_frame      0x08004ff8        0x0 /opt/gcc-arm/bin/../lib/gcc/arm-none-eabi/5.4.1/armv7e-m/fpu/crtbegin.o
 *(.init)
 .init          0x08004ff8        0x4 /opt/gcc-arm/bin/../lib/gcc/arm-none-eabi/5.4.1/armv7e-m/fpu/crti.o
                0x08004ff8                _init
 .init          0x08004ffc        0x8 /opt/gcc-arm/bin/../lib/gcc/arm-none-eabi/5.4.1/armv7e-m/fpu/crtn.o
 *(.fini)
 .fini          0x08005004        0x4 /opt/gcc-arm/bin/../lib/gcc/arm-none-eabi/5.4.1/armv7e-m/fpu/crti.o
                0x08005004                _fini
 .fini          0x08005008        0x8 /opt/gcc-arm/bin/../lib/gcc/arm-none-eabi/5.4.1/armv7e-m/fpu/crtn.o
                0x08005010                . = ALIGN (0x4)
                0x08005010                _etext = .

.vfp11_veneer   0x08005010        0x0
 .vfp11_veneer  0x08005010        0x0 linker stubs

.v4_bx          0x08005010        0x0
 .v4_bx         0x08005010        0x0 linker stubs

.iplt           0x08005010        0x0
 .iplt          0x08005010        0x0 /opt/gcc-arm/bin/../lib/gcc/arm-none-eabi/5.4.1/armv7e-m/fpu/crtbegin.o

.rodata         0x08005010      0x62c
                0x08005010                . = ALIGN (0x4)
 *(.rodata)
 *(.rodata*)
 .rodata.str1.1
                0x08005010       0x89 ./Src/main.o
                                 0x8b (size before relaxing)
 .rodata.str1.1
                0x08005099       0x35 ./Src/uart1Task.o
 .rodata.str1.1
                0x080050ce        0x5 ./FreeRTOS/src/tasks.o
 *fill*         0x080050d3        0x1 
 .rodata.tbl_lower.4370
                0x080050d4      0x1e0 ./FATFS_SDIO/fatfs/option/ccsbcs.o
 .rodata.Tbl    0x080052b4      0x100 ./FATFS_SDIO/fatfs/option/ccsbcs.o
 .rodata.tbl_upper.4371
                0x080053b4      0x1e0 ./FATFS_SDIO/fatfs/option/ccsbcs.o
 .rodata.str1.1
                0x08005594       0x10 ./FATFS_SDIO/fatfs/ff.o
 .rodata.ExCvt  0x080055a4       0x80 ./FATFS_SDIO/fatfs/ff.o
 .rodata.LfnOfs
                0x08005624        0xd ./FATFS_SDIO/fatfs/ff.o
 .rodata.str1.1
                0x08005631        0x3 ./FATFS_SDIO/stm32_ub_fatfs.o
 .rodata.str1.4
                0x08005634        0x4 /opt/gcc-arm/bin/../lib/gcc/arm-none-eabi/5.4.1/../../../../arm-none-eabi/lib/armv7e-m/fpu/libg.a(lib_a-impure.o)
                                  0x2 (size before relaxing)
 .rodata._global_impure_ptr
                0x08005638        0x4 /opt/gcc-arm/bin/../lib/gcc/arm-none-eabi/5.4.1/../../../../arm-none-eabi/lib/armv7e-m/fpu/libg.a(lib_a-impure.o)
                0x08005638                _global_impure_ptr
                0x0800563c                . = ALIGN (0x4)

.rel.dyn        0x0800563c        0x0
 .rel.iplt      0x0800563c        0x0 /opt/gcc-arm/bin/../lib/gcc/arm-none-eabi/5.4.1/armv7e-m/fpu/crtbegin.o

.ARM.extab
 *(.ARM.extab* .gnu.linkonce.armextab.*)

.ARM            0x0800563c        0x0
                0x0800563c                __exidx_start = .
 *(.ARM.exidx*)
                0x0800563c                __exidx_end = .

.preinit_array  0x0800563c        0x0
                0x0800563c                PROVIDE (__preinit_array_start, .)
 *(.preinit_array*)
                0x0800563c                PROVIDE (__preinit_array_end, .)

.init_array     0x0800563c        0x8
                0x0800563c                PROVIDE (__init_array_start, .)
 *(SORT(.init_array.*))
 .init_array.00000
                0x0800563c        0x4 /opt/gcc-arm/bin/../lib/gcc/arm-none-eabi/5.4.1/../../../../arm-none-eabi/lib/armv7e-m/fpu/libg.a(lib_a-__call_atexit.o)
 *(.init_array*)
 .init_array    0x08005640        0x4 /opt/gcc-arm/bin/../lib/gcc/arm-none-eabi/5.4.1/armv7e-m/fpu/crtbegin.o
                0x08005644                PROVIDE (__init_array_end, .)

.fini_array     0x08005644        0x4
                0x08005644                PROVIDE (__fini_array_start, .)
 *(SORT(.fini_array.*))
 *(.fini_array*)
 .fini_array    0x08005644        0x4 /opt/gcc-arm/bin/../lib/gcc/arm-none-eabi/5.4.1/armv7e-m/fpu/crtbegin.o
                0x08005648                PROVIDE (__fini_array_end, .)
                0x08005648                _sidata = LOADADDR (.data)

.data           0x20000000      0x4c0 load address 0x08005648
                0x20000000                . = ALIGN (0x4)
                0x20000000                _sdata = .
 *(.data)
 *(.data*)
 .data.SDIO_currentPath
                0x20000000       0x80 ./Src/sd.o
                0x20000000                SDIO_currentPath
 .data.uxCriticalNesting
                0x20000080        0x4 ./FreeRTOS/src/port.o
 .data.APBAHBPrescTable
                0x20000084       0x10 ./Drivers/SLP/src/stm32f4xx_rcc.o
 *fill*         0x20000094        0x4 
 .data.impure_data
                0x20000098      0x428 /opt/gcc-arm/bin/../lib/gcc/arm-none-eabi/5.4.1/../../../../arm-none-eabi/lib/armv7e-m/fpu/libg.a(lib_a-impure.o)
                0x200004c0                . = ALIGN (0x4)
                0x200004c0                _edata = .
                0x08005b08                _siccmram = LOADADDR (.ccmram)

.jcr            0x200004c0        0x0 load address 0x08005b08
 .jcr           0x200004c0        0x0 /opt/gcc-arm/bin/../lib/gcc/arm-none-eabi/5.4.1/armv7e-m/fpu/crtbegin.o

.igot.plt       0x200004c0        0x0 load address 0x08005b08
 .igot.plt      0x200004c0        0x0 /opt/gcc-arm/bin/../lib/gcc/arm-none-eabi/5.4.1/armv7e-m/fpu/crtbegin.o

.ccmram         0x10000000        0x0 load address 0x08005b08
                0x10000000                . = ALIGN (0x4)
                0x10000000                _sccmram = .
 *(.ccmram)
 *(.ccmram*)
                0x10000000                . = ALIGN (0x4)
                0x10000000                _eccmram = .
                0x10000000                . = ALIGN (0x4)

.bss            0x200004c0    0x14368
                0x200004c0                _sbss = .
                0x200004c0                __bss_start__ = _sbss
 *(.bss)
 .bss           0x200004c0       0x1c /opt/gcc-arm/bin/../lib/gcc/arm-none-eabi/5.4.1/armv7e-m/fpu/crtbegin.o
 *(.bss*)
 .bss.sysCount  0x200004dc        0x4 ./Src/main.o
 .bss.i.10307   0x200004e0        0x1 ./Src/main.o
 *fill*         0x200004e1        0x3 
 .bss._fileInfo
                0x200004e4       0x20 ./Src/sd.o
 .bss.SDIO_filesNum
                0x20000504        0x2 ./Src/sd.o
                0x20000504                SDIO_filesNum
 .bss.i.8658    0x20000506        0x2 ./Src/sd.o
 .bss._directory
                0x20000508       0x24 ./Src/sd.o
 .bss._lfName   0x2000052c      0x100 ./Src/sd.o
 .bss._fresult  0x2000062c        0x1 ./Src/sd.o
 *fill*         0x2000062d        0x3 
 .bss.uarts     0x20000630       0x28 ./Src/uart.o
 .bss.xPrio.8282
                0x20000658        0x4 ./Src/uart.o
 .bss.xFreeBytesRemaining
                0x2000065c        0x4 ./FreeRTOS/src/heap_4.o
 .bss.pxEnd     0x20000660        0x4 ./FreeRTOS/src/heap_4.o
 .bss.xStart    0x20000664        0x8 ./FreeRTOS/src/heap_4.o
 .bss.ucHeap    0x2000066c    0x12c00 ./FreeRTOS/src/heap_4.o
 .bss.xBlockAllocatedBit
                0x2001326c        0x4 ./FreeRTOS/src/heap_4.o
 .bss.xMinimumEverFreeBytesRemaining
                0x20013270        0x4 ./FreeRTOS/src/heap_4.o
 .bss.ucMaxSysCallPriority
                0x20013274        0x1 ./FreeRTOS/src/port.o
 *fill*         0x20013275        0x3 
 .bss.ulMaxPRIGROUPValue
                0x20013278        0x4 ./FreeRTOS/src/port.o
 .bss.xNumOfOverflows
                0x2001327c        0x4 ./FreeRTOS/src/tasks.o
 .bss.pxDelayedTaskList
                0x20013280        0x4 ./FreeRTOS/src/tasks.o
 .bss.xSchedulerRunning
                0x20013284        0x4 ./FreeRTOS/src/tasks.o
 .bss.uxTasksDeleted
                0x20013288        0x4 ./FreeRTOS/src/tasks.o
 .bss.xTasksWaitingTermination
                0x2001328c       0x14 ./FreeRTOS/src/tasks.o
 .bss.xSuspendedTaskList
                0x200132a0       0x14 ./FreeRTOS/src/tasks.o
 .bss.uxPendedTicks
                0x200132b4        0x4 ./FreeRTOS/src/tasks.o
 .bss.pxReadyTasksLists
                0x200132b8       0x8c ./FreeRTOS/src/tasks.o
 .bss.uxSchedulerSuspended
                0x20013344        0x4 ./FreeRTOS/src/tasks.o
 .bss.pxCurrentTCB
                0x20013348        0x4 ./FreeRTOS/src/tasks.o
                0x20013348                pxCurrentTCB
 .bss.xNextTaskUnblockTime
                0x2001334c        0x4 ./FreeRTOS/src/tasks.o
 .bss.xTickCount
                0x20013350        0x4 ./FreeRTOS/src/tasks.o
 .bss.pxOverflowDelayedTaskList
                0x20013354        0x4 ./FreeRTOS/src/tasks.o
 .bss.xPendingReadyList
                0x20013358       0x14 ./FreeRTOS/src/tasks.o
 .bss.uxTaskNumber
                0x2001336c        0x4 ./FreeRTOS/src/tasks.o
 .bss.xDelayedTaskList1
                0x20013370       0x14 ./FreeRTOS/src/tasks.o
 .bss.xDelayedTaskList2
                0x20013384       0x14 ./FreeRTOS/src/tasks.o
 .bss.uxCurrentNumberOfTasks
                0x20013398        0x4 ./FreeRTOS/src/tasks.o
 .bss.uxTopReadyPriority
                0x2001339c        0x4 ./FreeRTOS/src/tasks.o
 .bss.xYieldPending
                0x200133a0        0x4 ./FreeRTOS/src/tasks.o
 .bss.TransferError
                0x200133a4        0x1 ./FATFS_SDIO/fatfs/lo_level_ub/stm32_ub_sdcard.o
                0x200133a4                TransferError
 *fill*         0x200133a5        0x3 
 .bss.CSD_Tab   0x200133a8       0x10 ./FATFS_SDIO/fatfs/lo_level_ub/stm32_ub_sdcard.o
 .bss.CardType  0x200133b8        0x4 ./FATFS_SDIO/fatfs/lo_level_ub/stm32_ub_sdcard.o
 .bss.CID_Tab   0x200133bc       0x10 ./FATFS_SDIO/fatfs/lo_level_ub/stm32_ub_sdcard.o
 .bss.DMAEndOfTransfer
                0x200133cc        0x4 ./FATFS_SDIO/fatfs/lo_level_ub/stm32_ub_sdcard.o
                0x200133cc                DMAEndOfTransfer
 .bss.RCA       0x200133d0        0x4 ./FATFS_SDIO/fatfs/lo_level_ub/stm32_ub_sdcard.o
 .bss.TransferEnd
                0x200133d4        0x4 ./FATFS_SDIO/fatfs/lo_level_ub/stm32_ub_sdcard.o
                0x200133d4                TransferEnd
 .bss.StopCondition
                0x200133d8        0x4 ./FATFS_SDIO/fatfs/lo_level_ub/stm32_ub_sdcard.o
                0x200133d8                StopCondition
 .bss.CurrVol   0x200133dc        0x1 ./FATFS_SDIO/fatfs/ff.o
 *fill*         0x200133dd        0x1 
 .bss.Fsid      0x200133de        0x2 ./FATFS_SDIO/fatfs/ff.o
 .bss.FatFs     0x200133e0        0x4 ./FATFS_SDIO/fatfs/ff.o
 .bss.FileSystemObject
                0x200133e4      0x238 ./FATFS_SDIO/stm32_ub_fatfs.o
 *(COMMON)
 COMMON         0x2001361c      0x108 ./Src/main.o
                0x2001361c                uart1
                0x200136d0                textBuf
                0x20013710                timetLed
                0x20013714                RCC_Clocks
 COMMON         0x20013724     0x1040 ./Src/sd.o
                0x20013724                SDIO_files
 COMMON         0x20014764       0x20 ./Src/uart1Task.o
                0x20014764                TxData
 *fill*         0x20014784        0x4 
 COMMON         0x20014788       0xa0 ./FATFS_SDIO/fatfs/lo_level_ub/stm32_ub_sdcard.o
                0x20014788                SDIO_CmdInitStructure
                0x200147a0                SDCardInfo
                0x200147f8                SDIO_InitStructure
                0x20014810                SDIO_DataInitStructure
                0x20014828                . = ALIGN (0x4)
                0x20014828                _ebss = .
                0x20014828                __bss_end__ = _ebss

._user_heap_stack
                0x20014828      0x600
                0x20014828                . = ALIGN (0x4)
                [!provide]                PROVIDE (end, .)
                [!provide]                PROVIDE (_end, .)
                0x20014a28                . = (. + _Min_Heap_Size)
 *fill*         0x20014828      0x200 
                0x20014e28                . = (. + _Min_Stack_Size)
 *fill*         0x20014a28      0x400 
                0x20014e28                . = ALIGN (0x4)

/DISCARD/
 libc.a(*)
 libm.a(*)
 libgcc.a(*)

.ARM.attributes
                0x00000000       0x30
 *(.ARM.attributes)
 .ARM.attributes
                0x00000000       0x22 /opt/gcc-arm/bin/../lib/gcc/arm-none-eabi/5.4.1/armv7e-m/fpu/crti.o
 .ARM.attributes
                0x00000022       0x34 /opt/gcc-arm/bin/../lib/gcc/arm-none-eabi/5.4.1/armv7e-m/fpu/crtbegin.o
 .ARM.attributes
                0x00000056       0x39 ./Src/freertos.o
 .ARM.attributes
                0x0000008f       0x39 ./Src/main.o
 .ARM.attributes
                0x000000c8       0x39 ./Src/perirh_init.o
 .ARM.attributes
                0x00000101       0x39 ./Src/printf.o
 .ARM.attributes
                0x0000013a       0x39 ./Src/sd.o
 .ARM.attributes
                0x00000173       0x39 ./Src/stm32f4xx_it.o
 .ARM.attributes
                0x000001ac       0x39 ./Src/tim6.o
 .ARM.attributes
                0x000001e5       0x39 ./Src/uart.o
 .ARM.attributes
                0x0000021e       0x39 ./Src/uart1Task.o
 .ARM.attributes
                0x00000257       0x39 ./FreeRTOS/src/heap_4.o
 .ARM.attributes
                0x00000290       0x39 ./FreeRTOS/src/list.o
 .ARM.attributes
                0x000002c9       0x39 ./FreeRTOS/src/port.o
 .ARM.attributes
                0x00000302       0x39 ./FreeRTOS/src/queue.o
 .ARM.attributes
                0x0000033b       0x39 ./FreeRTOS/src/tasks.o
 .ARM.attributes
                0x00000374       0x39 ./FATFS_SDIO/fatfs/option/ccsbcs.o
 .ARM.attributes
                0x000003ad       0x39 ./FATFS_SDIO/fatfs/lo_level_ub/stm32_ub_atadrive.o
 .ARM.attributes
                0x000003e6       0x39 ./FATFS_SDIO/fatfs/lo_level_ub/stm32_ub_sdcard.o
 .ARM.attributes
                0x0000041f       0x39 ./FATFS_SDIO/fatfs/lo_level_ub/stm32_ub_usbdisk.o
 .ARM.attributes
                0x00000458       0x39 ./FATFS_SDIO/fatfs/diskio.o
 .ARM.attributes
                0x00000491       0x39 ./FATFS_SDIO/fatfs/ff.o
 .ARM.attributes
                0x000004ca       0x39 ./FATFS_SDIO/stm32_ub_fatfs.o
 .ARM.attributes
                0x00000503       0x39 ./Drivers/SLP/src/stm32f4xx_dma.o
 .ARM.attributes
                0x0000053c       0x39 ./Drivers/SLP/src/stm32f4xx_gpio.o
 .ARM.attributes
                0x00000575       0x39 ./Drivers/SLP/src/stm32f4xx_rcc.o
 .ARM.attributes
                0x000005ae       0x39 ./Drivers/SLP/src/stm32f4xx_sdio.o
 .ARM.attributes
                0x000005e7       0x39 ./Drivers/SLP/src/stm32f4xx_tim.o
 .ARM.attributes
                0x00000620       0x39 ./Drivers/SLP/src/stm32f4xx_usart.o
 .ARM.attributes
                0x00000659       0x21 ./Drivers/CMSIS/src/startup_stm32f40_41xxx.o
 .ARM.attributes
                0x0000067a       0x39 ./Drivers/CMSIS/src/system_stm32f4xx.o
 .ARM.attributes
                0x000006b3       0x34 /opt/gcc-arm/bin/../lib/gcc/arm-none-eabi/5.4.1/../../../../arm-none-eabi/lib/armv7e-m/fpu/libg.a(lib_a-impure.o)
 .ARM.attributes
                0x000006e7       0x34 /opt/gcc-arm/bin/../lib/gcc/arm-none-eabi/5.4.1/../../../../arm-none-eabi/lib/armv7e-m/fpu/libg.a(lib_a-init.o)
 .ARM.attributes
                0x0000071b       0x20 /opt/gcc-arm/bin/../lib/gcc/arm-none-eabi/5.4.1/../../../../arm-none-eabi/lib/armv7e-m/fpu/libg.a(lib_a-memcpy.o)
 .ARM.attributes
                0x0000073b       0x34 /opt/gcc-arm/bin/../lib/gcc/arm-none-eabi/5.4.1/../../../../arm-none-eabi/lib/armv7e-m/fpu/libg.a(lib_a-memset.o)
 .ARM.attributes
                0x0000076f       0x34 /opt/gcc-arm/bin/../lib/gcc/arm-none-eabi/5.4.1/../../../../arm-none-eabi/lib/armv7e-m/fpu/libg.a(lib_a-strcpy.o)
 .ARM.attributes
                0x000007a3       0x34 /opt/gcc-arm/bin/../lib/gcc/arm-none-eabi/5.4.1/../../../../arm-none-eabi/lib/armv7e-m/fpu/libg.a(lib_a-__call_atexit.o)
 .ARM.attributes
                0x000007d7       0x34 /opt/gcc-arm/bin/../lib/gcc/arm-none-eabi/5.4.1/../../../../arm-none-eabi/lib/armv7e-m/fpu/libg.a(lib_a-atexit.o)
 .ARM.attributes
                0x0000080b       0x34 /opt/gcc-arm/bin/../lib/gcc/arm-none-eabi/5.4.1/../../../../arm-none-eabi/lib/armv7e-m/fpu/libg.a(lib_a-fini.o)
 .ARM.attributes
                0x0000083f       0x34 /opt/gcc-arm/bin/../lib/gcc/arm-none-eabi/5.4.1/../../../../arm-none-eabi/lib/armv7e-m/fpu/libg.a(lib_a-__atexit.o)
 .ARM.attributes
                0x00000873       0x22 /opt/gcc-arm/bin/../lib/gcc/arm-none-eabi/5.4.1/armv7e-m/fpu/crtn.o
OUTPUT(freeRtos_SPL.elf elf32-littlearm)

.debug_info     0x00000000    0x17144
 .debug_info    0x00000000       0xc4 ./Src/freertos.o
 .debug_info    0x000000c4     0x1209 ./Src/main.o
 .debug_info    0x000012cd      0x340 ./Src/perirh_init.o
 .debug_info    0x0000160d     0x1198 ./Src/printf.o
 .debug_info    0x000027a5      0x63f ./Src/sd.o
 .debug_info    0x00002de4      0x103 ./Src/stm32f4xx_it.o
 .debug_info    0x00002ee7      0x7bd ./Src/tim6.o
 .debug_info    0x000036a4     0x1330 ./Src/uart.o
 .debug_info    0x000049d4      0x495 ./Src/uart1Task.o
 .debug_info    0x00004e69      0x488 ./FreeRTOS/src/heap_4.o
 .debug_info    0x000052f1      0x2a1 ./FreeRTOS/src/list.o
 .debug_info    0x00005592      0x54c ./FreeRTOS/src/port.o
 .debug_info    0x00005ade     0x1733 ./FreeRTOS/src/queue.o
 .debug_info    0x00007211     0x2840 ./FreeRTOS/src/tasks.o
 .debug_info    0x00009a51      0x167 ./FATFS_SDIO/fatfs/option/ccsbcs.o
 .debug_info    0x00009bb8      0x1f7 ./FATFS_SDIO/fatfs/lo_level_ub/stm32_ub_atadrive.o
 .debug_info    0x00009daf     0x3694 ./FATFS_SDIO/fatfs/lo_level_ub/stm32_ub_sdcard.o
 .debug_info    0x0000d443      0x1f7 ./FATFS_SDIO/fatfs/lo_level_ub/stm32_ub_usbdisk.o
 .debug_info    0x0000d63a      0x455 ./FATFS_SDIO/fatfs/diskio.o
 .debug_info    0x0000da8f     0x3671 ./FATFS_SDIO/fatfs/ff.o
 .debug_info    0x00011100      0xa1d ./FATFS_SDIO/stm32_ub_fatfs.o
 .debug_info    0x00011b1d      0x700 ./Drivers/SLP/src/stm32f4xx_dma.o
 .debug_info    0x0001221d      0x746 ./Drivers/SLP/src/stm32f4xx_gpio.o
 .debug_info    0x00012963      0xea5 ./Drivers/SLP/src/stm32f4xx_rcc.o
 .debug_info    0x00013808      0x7de ./Drivers/SLP/src/stm32f4xx_sdio.o
 .debug_info    0x00013fe6     0x1fc6 ./Drivers/SLP/src/stm32f4xx_tim.o
 .debug_info    0x00015fac      0xae1 ./Drivers/SLP/src/stm32f4xx_usart.o
 .debug_info    0x00016a8d       0x88 ./Drivers/CMSIS/src/startup_stm32f40_41xxx.o
 .debug_info    0x00016b15      0x62f ./Drivers/CMSIS/src/system_stm32f4xx.o

.debug_abbrev   0x00000000     0x374a
 .debug_abbrev  0x00000000       0x70 ./Src/freertos.o
 .debug_abbrev  0x00000070      0x31c ./Src/main.o
 .debug_abbrev  0x0000038c      0x13a ./Src/perirh_init.o
 .debug_abbrev  0x000004c6      0x32f ./Src/printf.o
 .debug_abbrev  0x000007f5      0x186 ./Src/sd.o
 .debug_abbrev  0x0000097b       0x8b ./Src/stm32f4xx_it.o
 .debug_abbrev  0x00000a06      0x1b1 ./Src/tim6.o
 .debug_abbrev  0x00000bb7      0x30c ./Src/uart.o
 .debug_abbrev  0x00000ec3      0x1b8 ./Src/uart1Task.o
 .debug_abbrev  0x0000107b      0x230 ./FreeRTOS/src/heap_4.o
 .debug_abbrev  0x000012ab       0xdc ./FreeRTOS/src/list.o
 .debug_abbrev  0x00001387      0x20a ./FreeRTOS/src/port.o
 .debug_abbrev  0x00001591      0x2e5 ./FreeRTOS/src/queue.o
 .debug_abbrev  0x00001876      0x383 ./FreeRTOS/src/tasks.o
 .debug_abbrev  0x00001bf9       0xa8 ./FATFS_SDIO/fatfs/option/ccsbcs.o
 .debug_abbrev  0x00001ca1      0x132 ./FATFS_SDIO/fatfs/lo_level_ub/stm32_ub_atadrive.o
 .debug_abbrev  0x00001dd3      0x475 ./FATFS_SDIO/fatfs/lo_level_ub/stm32_ub_sdcard.o
 .debug_abbrev  0x00002248      0x132 ./FATFS_SDIO/fatfs/lo_level_ub/stm32_ub_usbdisk.o
 .debug_abbrev  0x0000237a      0x188 ./FATFS_SDIO/fatfs/diskio.o
 .debug_abbrev  0x00002502      0x345 ./FATFS_SDIO/fatfs/ff.o
 .debug_abbrev  0x00002847      0x208 ./FATFS_SDIO/stm32_ub_fatfs.o
 .debug_abbrev  0x00002a4f      0x177 ./Drivers/SLP/src/stm32f4xx_dma.o
 .debug_abbrev  0x00002bc6      0x1e5 ./Drivers/SLP/src/stm32f4xx_gpio.o
 .debug_abbrev  0x00002dab      0x1e4 ./Drivers/SLP/src/stm32f4xx_rcc.o
 .debug_abbrev  0x00002f8f      0x1e5 ./Drivers/SLP/src/stm32f4xx_sdio.o
 .debug_abbrev  0x00003174      0x2b4 ./Drivers/SLP/src/stm32f4xx_tim.o
 .debug_abbrev  0x00003428      0x1c9 ./Drivers/SLP/src/stm32f4xx_usart.o
 .debug_abbrev  0x000035f1       0x12 ./Drivers/CMSIS/src/startup_stm32f40_41xxx.o
 .debug_abbrev  0x00003603      0x147 ./Drivers/CMSIS/src/system_stm32f4xx.o

.debug_aranges  0x00000000     0x1250
 .debug_aranges
                0x00000000       0x20 ./Src/freertos.o
 .debug_aranges
                0x00000020       0x40 ./Src/main.o
 .debug_aranges
                0x00000060       0x20 ./Src/perirh_init.o
 .debug_aranges
                0x00000080       0xa0 ./Src/printf.o
 .debug_aranges
                0x00000120       0x30 ./Src/sd.o
 .debug_aranges
                0x00000150       0x40 ./Src/stm32f4xx_it.o
 .debug_aranges
                0x00000190       0x20 ./Src/tim6.o
 .debug_aranges
                0x000001b0       0x70 ./Src/uart.o
 .debug_aranges
                0x00000220       0x28 ./Src/uart1Task.o
 .debug_aranges
                0x00000248       0x48 ./FreeRTOS/src/heap_4.o
 .debug_aranges
                0x00000290       0x40 ./FreeRTOS/src/list.o
 .debug_aranges
                0x000002d0       0x80 ./FreeRTOS/src/port.o
 .debug_aranges
                0x00000350       0xe0 ./FreeRTOS/src/queue.o
 .debug_aranges
                0x00000430      0x190 ./FreeRTOS/src/tasks.o
 .debug_aranges
                0x000005c0       0x28 ./FATFS_SDIO/fatfs/option/ccsbcs.o
 .debug_aranges
                0x000005e8       0x40 ./FATFS_SDIO/fatfs/lo_level_ub/stm32_ub_atadrive.o
 .debug_aranges
                0x00000628      0x188 ./FATFS_SDIO/fatfs/lo_level_ub/stm32_ub_sdcard.o
 .debug_aranges
                0x000007b0       0x40 ./FATFS_SDIO/fatfs/lo_level_ub/stm32_ub_usbdisk.o
 .debug_aranges
                0x000007f0       0x48 ./FATFS_SDIO/fatfs/diskio.o
 .debug_aranges
                0x00000838      0x190 ./FATFS_SDIO/fatfs/ff.o
 .debug_aranges
                0x000009c8       0x78 ./FATFS_SDIO/stm32_ub_fatfs.o
 .debug_aranges
                0x00000a40       0xa8 ./Drivers/SLP/src/stm32f4xx_dma.o
 .debug_aranges
                0x00000ae8       0x88 ./Drivers/SLP/src/stm32f4xx_gpio.o
 .debug_aranges
                0x00000b70      0x1c0 ./Drivers/SLP/src/stm32f4xx_rcc.o
 .debug_aranges
                0x00000d30       0xf8 ./Drivers/SLP/src/stm32f4xx_sdio.o
 .debug_aranges
                0x00000e28      0x2d8 ./Drivers/SLP/src/stm32f4xx_tim.o
 .debug_aranges
                0x00001100      0x100 ./Drivers/SLP/src/stm32f4xx_usart.o
 .debug_aranges
                0x00001200       0x28 ./Drivers/CMSIS/src/startup_stm32f40_41xxx.o
 .debug_aranges
                0x00001228       0x28 ./Drivers/CMSIS/src/system_stm32f4xx.o

.debug_ranges   0x00000000     0x13a8
 .debug_ranges  0x00000000       0x10 ./Src/freertos.o
 .debug_ranges  0x00000010       0x30 ./Src/main.o
 .debug_ranges  0x00000040       0x10 ./Src/perirh_init.o
 .debug_ranges  0x00000050       0xa8 ./Src/printf.o
 .debug_ranges  0x000000f8       0x20 ./Src/sd.o
 .debug_ranges  0x00000118       0x30 ./Src/stm32f4xx_it.o
 .debug_ranges  0x00000148       0x10 ./Src/tim6.o
 .debug_ranges  0x00000158       0x90 ./Src/uart.o
 .debug_ranges  0x000001e8       0x18 ./Src/uart1Task.o
 .debug_ranges  0x00000200       0x38 ./FreeRTOS/src/heap_4.o
 .debug_ranges  0x00000238       0x30 ./FreeRTOS/src/list.o
 .debug_ranges  0x00000268       0x70 ./FreeRTOS/src/port.o
 .debug_ranges  0x000002d8       0xd0 ./FreeRTOS/src/queue.o
 .debug_ranges  0x000003a8      0x220 ./FreeRTOS/src/tasks.o
 .debug_ranges  0x000005c8       0x18 ./FATFS_SDIO/fatfs/option/ccsbcs.o
 .debug_ranges  0x000005e0       0x30 ./FATFS_SDIO/fatfs/lo_level_ub/stm32_ub_atadrive.o
 .debug_ranges  0x00000610      0x1f0 ./FATFS_SDIO/fatfs/lo_level_ub/stm32_ub_sdcard.o
 .debug_ranges  0x00000800       0x30 ./FATFS_SDIO/fatfs/lo_level_ub/stm32_ub_usbdisk.o
 .debug_ranges  0x00000830       0x38 ./FATFS_SDIO/fatfs/diskio.o
 .debug_ranges  0x00000868      0x2f0 ./FATFS_SDIO/fatfs/ff.o
 .debug_ranges  0x00000b58       0x68 ./FATFS_SDIO/stm32_ub_fatfs.o
 .debug_ranges  0x00000bc0       0x98 ./Drivers/SLP/src/stm32f4xx_dma.o
 .debug_ranges  0x00000c58       0x78 ./Drivers/SLP/src/stm32f4xx_gpio.o
 .debug_ranges  0x00000cd0      0x1b0 ./Drivers/SLP/src/stm32f4xx_rcc.o
 .debug_ranges  0x00000e80       0xe8 ./Drivers/SLP/src/stm32f4xx_sdio.o
 .debug_ranges  0x00000f68      0x300 ./Drivers/SLP/src/stm32f4xx_tim.o
 .debug_ranges  0x00001268       0xf0 ./Drivers/SLP/src/stm32f4xx_usart.o
 .debug_ranges  0x00001358       0x20 ./Drivers/CMSIS/src/startup_stm32f40_41xxx.o
 .debug_ranges  0x00001378       0x30 ./Drivers/CMSIS/src/system_stm32f4xx.o

.debug_line     0x00000000     0x6f52
 .debug_line    0x00000000       0x8c ./Src/freertos.o
 .debug_line    0x0000008c      0x3fa ./Src/main.o
 .debug_line    0x00000486      0x188 ./Src/perirh_init.o
 .debug_line    0x0000060e      0x2eb ./Src/printf.o
 .debug_line    0x000008f9      0x2b3 ./Src/sd.o
 .debug_line    0x00000bac      0x148 ./Src/stm32f4xx_it.o
 .debug_line    0x00000cf4      0x18c ./Src/tim6.o
 .debug_line    0x00000e80      0x3db ./Src/uart.o
 .debug_line    0x0000125b      0x24d ./Src/uart1Task.o
 .debug_line    0x000014a8      0x26e ./FreeRTOS/src/heap_4.o
 .debug_line    0x00001716      0x18d ./FreeRTOS/src/list.o
 .debug_line    0x000018a3      0x293 ./FreeRTOS/src/port.o
 .debug_line    0x00001b36      0x661 ./FreeRTOS/src/queue.o
 .debug_line    0x00002197      0xae2 ./FreeRTOS/src/tasks.o
 .debug_line    0x00002c79       0xbc ./FATFS_SDIO/fatfs/option/ccsbcs.o
 .debug_line    0x00002d35      0x1b7 ./FATFS_SDIO/fatfs/lo_level_ub/stm32_ub_atadrive.o
 .debug_line    0x00002eec      0xbc4 ./FATFS_SDIO/fatfs/lo_level_ub/stm32_ub_sdcard.o
 .debug_line    0x00003ab0      0x1b6 ./FATFS_SDIO/fatfs/lo_level_ub/stm32_ub_usbdisk.o
 .debug_line    0x00003c66      0x25e ./FATFS_SDIO/fatfs/diskio.o
 .debug_line    0x00003ec4      0xd76 ./FATFS_SDIO/fatfs/ff.o
 .debug_line    0x00004c3a      0x338 ./FATFS_SDIO/stm32_ub_fatfs.o
 .debug_line    0x00004f72      0x33c ./Drivers/SLP/src/stm32f4xx_dma.o
 .debug_line    0x000052ae      0x2cb ./Drivers/SLP/src/stm32f4xx_gpio.o
 .debug_line    0x00005579      0x5b5 ./Drivers/SLP/src/stm32f4xx_rcc.o
 .debug_line    0x00005b2e      0x39d ./Drivers/SLP/src/stm32f4xx_sdio.o
 .debug_line    0x00005ecb      0xa22 ./Drivers/SLP/src/stm32f4xx_tim.o
 .debug_line    0x000068ed      0x44b ./Drivers/SLP/src/stm32f4xx_usart.o
 .debug_line    0x00006d38       0x8a ./Drivers/CMSIS/src/startup_stm32f40_41xxx.o
 .debug_line    0x00006dc2      0x190 ./Drivers/CMSIS/src/system_stm32f4xx.o

.debug_str      0x00000000     0x5dc6
 .debug_str     0x00000000      0x1be ./Src/freertos.o
                                0x1fd (size before relaxing)
 .debug_str     0x000001be      0xad9 ./Src/main.o
                                0xce0 (size before relaxing)
 .debug_str     0x00000c97      0x18f ./Src/perirh_init.o
                                0x3d6 (size before relaxing)
 .debug_str     0x00000e26      0x488 ./Src/printf.o
                                0x6a1 (size before relaxing)
 .debug_str     0x000012ae      0x366 ./Src/sd.o
                                0x617 (size before relaxing)
 .debug_str     0x00001614       0x6f ./Src/stm32f4xx_it.o
                                0x23d (size before relaxing)
 .debug_str     0x00001683       0xbf ./Src/tim6.o
                                0x914 (size before relaxing)
 .debug_str     0x00001742      0x224 ./Src/uart.o
                                0xd36 (size before relaxing)
 .debug_str     0x00001966       0x35 ./Src/uart1Task.o
                                0x411 (size before relaxing)
 .debug_str     0x0000199b      0x215 ./FreeRTOS/src/heap_4.o
                                0x3f1 (size before relaxing)
 .debug_str     0x00001bb0      0x129 ./FreeRTOS/src/list.o
                                0x319 (size before relaxing)
 .debug_str     0x00001cd9      0x256 ./FreeRTOS/src/port.o
                                0x479 (size before relaxing)
 .debug_str     0x00001f2f      0x4eb ./FreeRTOS/src/queue.o
                                0x915 (size before relaxing)
 .debug_str     0x0000241a      0x9b9 ./FreeRTOS/src/tasks.o
                               0x1011 (size before relaxing)
 .debug_str     0x00002dd3       0x4f ./FATFS_SDIO/fatfs/option/ccsbcs.o
                                0x1cc (size before relaxing)
 .debug_str     0x00002e22       0x93 ./FATFS_SDIO/fatfs/lo_level_ub/stm32_ub_atadrive.o
                                0x284 (size before relaxing)
 .debug_str     0x00002eb5     0x10bc ./FATFS_SDIO/fatfs/lo_level_ub/stm32_ub_sdcard.o
                               0x1b0c (size before relaxing)
 .debug_str     0x00003f71       0x88 ./FATFS_SDIO/fatfs/lo_level_ub/stm32_ub_usbdisk.o
                                0x282 (size before relaxing)
 .debug_str     0x00003ff9       0xb3 ./FATFS_SDIO/fatfs/diskio.o
                                0x386 (size before relaxing)
 .debug_str     0x000040ac      0x2d1 ./FATFS_SDIO/fatfs/ff.o
                                0x781 (size before relaxing)
 .debug_str     0x0000437d      0x132 ./FATFS_SDIO/stm32_ub_fatfs.o
                                0x6d7 (size before relaxing)
 .debug_str     0x000044af      0x1e7 ./Drivers/SLP/src/stm32f4xx_dma.o
                                0x5a3 (size before relaxing)
 .debug_str     0x00004696      0x14c ./Drivers/SLP/src/stm32f4xx_gpio.o
                                0x526 (size before relaxing)
 .debug_str     0x000047e2      0x6b0 ./Drivers/SLP/src/stm32f4xx_rcc.o
                                0xa31 (size before relaxing)
 .debug_str     0x00004e92      0x1ab ./Drivers/SLP/src/stm32f4xx_sdio.o
                                0x68f (size before relaxing)
 .debug_str     0x0000503d      0x9ef ./Drivers/SLP/src/stm32f4xx_tim.o
                                0xe52 (size before relaxing)
 .debug_str     0x00005a2c      0x2ed ./Drivers/SLP/src/stm32f4xx_usart.o
                                0x73e (size before relaxing)
 .debug_str     0x00005d19       0xad ./Drivers/CMSIS/src/system_stm32f4xx.o
                                0x44d (size before relaxing)

.comment        0x00000000       0x6e
 .comment       0x00000000       0x6e ./Src/freertos.o
                                 0x6f (size before relaxing)
 .comment       0x0000006e       0x6f ./Src/main.o
 .comment       0x0000006e       0x6f ./Src/perirh_init.o
 .comment       0x0000006e       0x6f ./Src/printf.o
 .comment       0x0000006e       0x6f ./Src/sd.o
 .comment       0x0000006e       0x6f ./Src/stm32f4xx_it.o
 .comment       0x0000006e       0x6f ./Src/tim6.o
 .comment       0x0000006e       0x6f ./Src/uart.o
 .comment       0x0000006e       0x6f ./Src/uart1Task.o
 .comment       0x0000006e       0x6f ./FreeRTOS/src/heap_4.o
 .comment       0x0000006e       0x6f ./FreeRTOS/src/list.o
 .comment       0x0000006e       0x6f ./FreeRTOS/src/port.o
 .comment       0x0000006e       0x6f ./FreeRTOS/src/queue.o
 .comment       0x0000006e       0x6f ./FreeRTOS/src/tasks.o
 .comment       0x0000006e       0x6f ./FATFS_SDIO/fatfs/option/ccsbcs.o
 .comment       0x0000006e       0x6f ./FATFS_SDIO/fatfs/lo_level_ub/stm32_ub_atadrive.o
 .comment       0x0000006e       0x6f ./FATFS_SDIO/fatfs/lo_level_ub/stm32_ub_sdcard.o
 .comment       0x0000006e       0x6f ./FATFS_SDIO/fatfs/lo_level_ub/stm32_ub_usbdisk.o
 .comment       0x0000006e       0x6f ./FATFS_SDIO/fatfs/diskio.o
 .comment       0x0000006e       0x6f ./FATFS_SDIO/fatfs/ff.o
 .comment       0x0000006e       0x6f ./FATFS_SDIO/stm32_ub_fatfs.o
 .comment       0x0000006e       0x6f ./Drivers/SLP/src/stm32f4xx_dma.o
 .comment       0x0000006e       0x6f ./Drivers/SLP/src/stm32f4xx_gpio.o
 .comment       0x0000006e       0x6f ./Drivers/SLP/src/stm32f4xx_rcc.o
 .comment       0x0000006e       0x6f ./Drivers/SLP/src/stm32f4xx_sdio.o
 .comment       0x0000006e       0x6f ./Drivers/SLP/src/stm32f4xx_tim.o
 .comment       0x0000006e       0x6f ./Drivers/SLP/src/stm32f4xx_usart.o
 .comment       0x0000006e       0x6f ./Drivers/CMSIS/src/system_stm32f4xx.o

.debug_frame    0x00000000     0x2fb4
 .debug_frame   0x00000000       0x20 ./Src/freertos.o
 .debug_frame   0x00000020       0x8c ./Src/main.o
 .debug_frame   0x000000ac       0x28 ./Src/perirh_init.o
 .debug_frame   0x000000d4      0x1f4 ./Src/printf.o
 .debug_frame   0x000002c8       0x64 ./Src/sd.o
 .debug_frame   0x0000032c       0x70 ./Src/stm32f4xx_it.o
 .debug_frame   0x0000039c       0x2c ./Src/tim6.o
 .debug_frame   0x000003c8      0x108 ./Src/uart.o
 .debug_frame   0x000004d0       0x40 ./Src/uart1Task.o
 .debug_frame   0x00000510       0x98 ./FreeRTOS/src/heap_4.o
 .debug_frame   0x000005a8       0x6c ./FreeRTOS/src/list.o
 .debug_frame   0x00000614       0xf0 ./FreeRTOS/src/port.o
 .debug_frame   0x00000704      0x298 ./FreeRTOS/src/queue.o
 .debug_frame   0x0000099c      0x568 ./FreeRTOS/src/tasks.o
 .debug_frame   0x00000f04       0x38 ./FATFS_SDIO/fatfs/option/ccsbcs.o
 .debug_frame   0x00000f3c       0x80 ./FATFS_SDIO/fatfs/lo_level_ub/stm32_ub_atadrive.o
 .debug_frame   0x00000fbc      0x534 ./FATFS_SDIO/fatfs/lo_level_ub/stm32_ub_sdcard.o
 .debug_frame   0x000014f0       0x80 ./FATFS_SDIO/fatfs/lo_level_ub/stm32_ub_usbdisk.o
 .debug_frame   0x00001570       0x98 ./FATFS_SDIO/fatfs/diskio.o
 .debug_frame   0x00001608      0x5f0 ./FATFS_SDIO/fatfs/ff.o
 .debug_frame   0x00001bf8      0x128 ./FATFS_SDIO/stm32_ub_fatfs.o
 .debug_frame   0x00001d20      0x160 ./Drivers/SLP/src/stm32f4xx_dma.o
 .debug_frame   0x00001e80      0x124 ./Drivers/SLP/src/stm32f4xx_gpio.o
 .debug_frame   0x00001fa4      0x378 ./Drivers/SLP/src/stm32f4xx_rcc.o
 .debug_frame   0x0000231c      0x21c ./Drivers/SLP/src/stm32f4xx_sdio.o
 .debug_frame   0x00002538      0x6c8 ./Drivers/SLP/src/stm32f4xx_tim.o
 .debug_frame   0x00002c00      0x220 ./Drivers/SLP/src/stm32f4xx_usart.o
 .debug_frame   0x00002e20       0x3c ./Drivers/CMSIS/src/system_stm32f4xx.o
 .debug_frame   0x00002e5c       0x2c /opt/gcc-arm/bin/../lib/gcc/arm-none-eabi/5.4.1/../../../../arm-none-eabi/lib/armv7e-m/fpu/libg.a(lib_a-init.o)
 .debug_frame   0x00002e88       0x34 /opt/gcc-arm/bin/../lib/gcc/arm-none-eabi/5.4.1/../../../../arm-none-eabi/lib/armv7e-m/fpu/libg.a(lib_a-memset.o)
 .debug_frame   0x00002ebc       0x20 /opt/gcc-arm/bin/../lib/gcc/arm-none-eabi/5.4.1/../../../../arm-none-eabi/lib/armv7e-m/fpu/libg.a(lib_a-strcpy.o)
 .debug_frame   0x00002edc       0x50 /opt/gcc-arm/bin/../lib/gcc/arm-none-eabi/5.4.1/../../../../arm-none-eabi/lib/armv7e-m/fpu/libg.a(lib_a-__call_atexit.o)
 .debug_frame   0x00002f2c       0x20 /opt/gcc-arm/bin/../lib/gcc/arm-none-eabi/5.4.1/../../../../arm-none-eabi/lib/armv7e-m/fpu/libg.a(lib_a-atexit.o)
 .debug_frame   0x00002f4c       0x34 /opt/gcc-arm/bin/../lib/gcc/arm-none-eabi/5.4.1/../../../../arm-none-eabi/lib/armv7e-m/fpu/libg.a(lib_a-fini.o)
 .debug_frame   0x00002f80       0x34 /opt/gcc-arm/bin/../lib/gcc/arm-none-eabi/5.4.1/../../../../arm-none-eabi/lib/armv7e-m/fpu/libg.a(lib_a-__atexit.o)

.debug_loc      0x00000000     0xdcea
 .debug_loc     0x00000000       0xee ./Src/main.o
 .debug_loc     0x000000ee      0xab1 ./Src/printf.o
 .debug_loc     0x00000b9f       0x15 ./Src/tim6.o
 .debug_loc     0x00000bb4      0x32c ./Src/uart.o
 .debug_loc     0x00000ee0       0x9a ./Src/uart1Task.o
 .debug_loc     0x00000f7a      0x3a8 ./FreeRTOS/src/heap_4.o
 .debug_loc     0x00001322       0x94 ./FreeRTOS/src/list.o
 .debug_loc     0x000013b6       0xae ./FreeRTOS/src/port.o
 .debug_loc     0x00001464      0xb68 ./FreeRTOS/src/queue.o
 .debug_loc     0x00001fcc     0x1857 ./FreeRTOS/src/tasks.o
 .debug_loc     0x00003823      0x102 ./FATFS_SDIO/fatfs/option/ccsbcs.o
 .debug_loc     0x00003925       0x42 ./FATFS_SDIO/fatfs/lo_level_ub/stm32_ub_atadrive.o
 .debug_loc     0x00003967     0x174b ./FATFS_SDIO/fatfs/lo_level_ub/stm32_ub_sdcard.o
 .debug_loc     0x000050b2       0x42 ./FATFS_SDIO/fatfs/lo_level_ub/stm32_ub_usbdisk.o
 .debug_loc     0x000050f4      0x4b4 ./FATFS_SDIO/fatfs/diskio.o
 .debug_loc     0x000055a8     0x4866 ./FATFS_SDIO/fatfs/ff.o
 .debug_loc     0x00009e0e      0x7ba ./FATFS_SDIO/stm32_ub_fatfs.o
 .debug_loc     0x0000a5c8      0x43b ./Drivers/SLP/src/stm32f4xx_dma.o
 .debug_loc     0x0000aa03      0x33e ./Drivers/SLP/src/stm32f4xx_gpio.o
 .debug_loc     0x0000ad41      0xbab ./Drivers/SLP/src/stm32f4xx_rcc.o
 .debug_loc     0x0000b8ec      0x186 ./Drivers/SLP/src/stm32f4xx_sdio.o
 .debug_loc     0x0000ba72     0x1a64 ./Drivers/SLP/src/stm32f4xx_tim.o
 .debug_loc     0x0000d4d6      0x74e ./Drivers/SLP/src/stm32f4xx_usart.o
 .debug_loc     0x0000dc24       0xc6 ./Drivers/CMSIS/src/system_stm32f4xx.o
