Archive member included to satisfy reference by file (symbol)

/opt/gcc-arm/bin/../lib/gcc/arm-none-eabi/5.4.1/../../../../arm-none-eabi/lib/armv7e-m/fpu/libg.a(lib_a-exit.o)
                              /opt/gcc-arm/bin/../lib/gcc/arm-none-eabi/5.4.1/../../../../arm-none-eabi/lib/armv7e-m/fpu/crt0.o (exit)
/opt/gcc-arm/bin/../lib/gcc/arm-none-eabi/5.4.1/../../../../arm-none-eabi/lib/armv7e-m/fpu/libg.a(lib_a-impure.o)
                              /opt/gcc-arm/bin/../lib/gcc/arm-none-eabi/5.4.1/../../../../arm-none-eabi/lib/armv7e-m/fpu/libg.a(lib_a-exit.o) (_global_impure_ptr)
/opt/gcc-arm/bin/../lib/gcc/arm-none-eabi/5.4.1/../../../../arm-none-eabi/lib/armv7e-m/fpu/libg.a(lib_a-init.o)
                              /opt/gcc-arm/bin/../lib/gcc/arm-none-eabi/5.4.1/../../../../arm-none-eabi/lib/armv7e-m/fpu/crt0.o (__libc_init_array)
/opt/gcc-arm/bin/../lib/gcc/arm-none-eabi/5.4.1/../../../../arm-none-eabi/lib/armv7e-m/fpu/libg.a(lib_a-memcpy.o)
                              ./FreeRTOS/src/queue.o (memcpy)
/opt/gcc-arm/bin/../lib/gcc/arm-none-eabi/5.4.1/../../../../arm-none-eabi/lib/armv7e-m/fpu/libg.a(lib_a-memset.o)
                              /opt/gcc-arm/bin/../lib/gcc/arm-none-eabi/5.4.1/../../../../arm-none-eabi/lib/armv7e-m/fpu/crt0.o (memset)
/opt/gcc-arm/bin/../lib/gcc/arm-none-eabi/5.4.1/../../../../arm-none-eabi/lib/armv7e-m/fpu/libg.a(lib_a-strcpy.o)
                              ./Src/main.o (strcpy)
/opt/gcc-arm/bin/../lib/gcc/arm-none-eabi/5.4.1/../../../../arm-none-eabi/lib/armv7e-m/fpu/libg.a(lib_a-__call_atexit.o)
                              /opt/gcc-arm/bin/../lib/gcc/arm-none-eabi/5.4.1/../../../../arm-none-eabi/lib/armv7e-m/fpu/libg.a(lib_a-exit.o) (__call_exitprocs)
/opt/gcc-arm/bin/../lib/gcc/arm-none-eabi/5.4.1/../../../../arm-none-eabi/lib/armv7e-m/fpu/libg.a(lib_a-atexit.o)
                              /opt/gcc-arm/bin/../lib/gcc/arm-none-eabi/5.4.1/../../../../arm-none-eabi/lib/armv7e-m/fpu/libg.a(lib_a-__call_atexit.o) (atexit)
/opt/gcc-arm/bin/../lib/gcc/arm-none-eabi/5.4.1/../../../../arm-none-eabi/lib/armv7e-m/fpu/libg.a(lib_a-fini.o)
                              /opt/gcc-arm/bin/../lib/gcc/arm-none-eabi/5.4.1/../../../../arm-none-eabi/lib/armv7e-m/fpu/libg.a(lib_a-__call_atexit.o) (__libc_fini_array)
/opt/gcc-arm/bin/../lib/gcc/arm-none-eabi/5.4.1/../../../../arm-none-eabi/lib/armv7e-m/fpu/libg.a(lib_a-__atexit.o)
                              /opt/gcc-arm/bin/../lib/gcc/arm-none-eabi/5.4.1/../../../../arm-none-eabi/lib/armv7e-m/fpu/libg.a(lib_a-atexit.o) (__register_exitproc)

Allocating common symbols
Common symbol       size              file

SDIO_CmdInitStructure
                    0x14              ./FATFS_SDIO/fatfs/lo_level_ub/stm32_ub_sdcard.o
uart1               0xb4              ./Src/main.o
xQueueRegistry      0x40              ./FreeRTOS/src/queue.o
SDCardInfo          0x58              ./FATFS_SDIO/fatfs/lo_level_ub/stm32_ub_sdcard.o
SDIO_InitStructure  0x18              ./FATFS_SDIO/fatfs/lo_level_ub/stm32_ub_sdcard.o
textBuf             0x40              ./Src/main.o
SDIO_DataInitStructure
                    0x18              ./FATFS_SDIO/fatfs/lo_level_ub/stm32_ub_sdcard.o
SDIO_files          0x1040            ./Src/sd.o
TxData              0x20              ./Src/uart1Task.o
timetLed            0x4               ./Src/main.o
RCC_Clocks          0x10              ./Src/main.o

Discarded input sections

 .text          0x00000000        0x0 /opt/gcc-arm/bin/../lib/gcc/arm-none-eabi/5.4.1/armv7e-m/fpu/crti.o
 .data          0x00000000        0x0 /opt/gcc-arm/bin/../lib/gcc/arm-none-eabi/5.4.1/armv7e-m/fpu/crti.o
 .bss           0x00000000        0x0 /opt/gcc-arm/bin/../lib/gcc/arm-none-eabi/5.4.1/armv7e-m/fpu/crti.o
 .data          0x00000000        0x4 /opt/gcc-arm/bin/../lib/gcc/arm-none-eabi/5.4.1/armv7e-m/fpu/crtbegin.o
 .text          0x00000000       0x74 /opt/gcc-arm/bin/../lib/gcc/arm-none-eabi/5.4.1/../../../../arm-none-eabi/lib/armv7e-m/fpu/crt0.o
 .data          0x00000000        0x0 /opt/gcc-arm/bin/../lib/gcc/arm-none-eabi/5.4.1/../../../../arm-none-eabi/lib/armv7e-m/fpu/crt0.o
 .bss           0x00000000        0x0 /opt/gcc-arm/bin/../lib/gcc/arm-none-eabi/5.4.1/../../../../arm-none-eabi/lib/armv7e-m/fpu/crt0.o
 .ARM.extab     0x00000000        0x0 /opt/gcc-arm/bin/../lib/gcc/arm-none-eabi/5.4.1/../../../../arm-none-eabi/lib/armv7e-m/fpu/crt0.o
 .ARM.exidx     0x00000000        0x8 /opt/gcc-arm/bin/../lib/gcc/arm-none-eabi/5.4.1/../../../../arm-none-eabi/lib/armv7e-m/fpu/crt0.o
 .ARM.attributes
                0x00000000       0x20 /opt/gcc-arm/bin/../lib/gcc/arm-none-eabi/5.4.1/../../../../arm-none-eabi/lib/armv7e-m/fpu/crt0.o
 .text          0x00000000        0x0 ./Src/freertos.o
 .data          0x00000000        0x0 ./Src/freertos.o
 .bss           0x00000000        0x0 ./Src/freertos.o
 .text          0x00000000        0x0 ./Src/main.o
 .data          0x00000000        0x0 ./Src/main.o
[...]
Memory Configuration

Name             Origin             Length             Attributes
FLASH            0x08000000         0x00100000         xr
RAM              0x20000000         0x00020000         xrw
CCMRAM           0x10000000         0x00010000         rw
*default*        0x00000000         0xffffffff

Linker script and memory map

LOAD /opt/gcc-arm/bin/../lib/gcc/arm-none-eabi/5.4.1/armv7e-m/fpu/crti.o
LOAD /opt/gcc-arm/bin/../lib/gcc/arm-none-eabi/5.4.1/armv7e-m/fpu/crtbegin.o
LOAD /opt/gcc-arm/bin/../lib/gcc/arm-none-eabi/5.4.1/../../../../arm-none-eabi/lib/armv7e-m/fpu/crt0.o
LOAD ./Src/freertos.o
LOAD ./Src/main.o
LOAD ./Src/perirh_init.o
LOAD ./Src/printf.o
LOAD ./Src/sd.o
LOAD ./Src/stm32f4xx_it.o
LOAD ./Src/tim6.o
LOAD ./Src/uart.o
LOAD ./Src/uart1Task.o
LOAD ./FreeRTOS/src/croutine.o
LOAD ./FreeRTOS/src/event_groups.o
LOAD ./FreeRTOS/src/heap_4.o
LOAD ./FreeRTOS/src/list.o
LOAD ./FreeRTOS/src/port.o
LOAD ./FreeRTOS/src/queue.o
LOAD ./FreeRTOS/src/tasks.o
LOAD ./FreeRTOS/src/timers.o
LOAD ./FATFS_SDIO/fatfs/option/ccsbcs.o
LOAD ./FATFS_SDIO/fatfs/option/syscall.o
LOAD ./FATFS_SDIO/fatfs/lo_level_ub/stm32_ub_atadrive.o
LOAD ./FATFS_SDIO/fatfs/lo_level_ub/stm32_ub_sdcard.o
LOAD ./FATFS_SDIO/fatfs/lo_level_ub/stm32_ub_usbdisk.o
LOAD ./FATFS_SDIO/fatfs/diskio.o
LOAD ./FATFS_SDIO/fatfs/fatfs_syscall.o
LOAD ./FATFS_SDIO/fatfs/ff.o
LOAD ./FATFS_SDIO/stm32_ub_fatfs.o
LOAD ./Drivers/SLP/src/misc.o
LOAD ./Drivers/SLP/src/stm32f4xx_adc.o
LOAD ./Drivers/SLP/src/stm32f4xx_can.o
LOAD ./Drivers/SLP/src/stm32f4xx_cec.o
LOAD ./Drivers/SLP/src/stm32f4xx_crc.o
LOAD ./Drivers/SLP/src/stm32f4xx_cryp.o
LOAD ./Drivers/SLP/src/stm32f4xx_cryp_aes.o
LOAD ./Drivers/SLP/src/stm32f4xx_cryp_des.o
LOAD ./Drivers/SLP/src/stm32f4xx_cryp_tdes.o
LOAD ./Drivers/SLP/src/stm32f4xx_dac.o
LOAD ./Drivers/SLP/src/stm32f4xx_dbgmcu.o
LOAD ./Drivers/SLP/src/stm32f4xx_dcmi.o
LOAD ./Drivers/SLP/src/stm32f4xx_dfsdm.o
LOAD ./Drivers/SLP/src/stm32f4xx_dma.o
LOAD ./Drivers/SLP/src/stm32f4xx_dma2d.o
LOAD ./Drivers/SLP/src/stm32f4xx_dsi.o
LOAD ./Drivers/SLP/src/stm32f4xx_exti.o
LOAD ./Drivers/SLP/src/stm32f4xx_flash.o
LOAD ./Drivers/SLP/src/stm32f4xx_flash_ramfunc.o
LOAD ./Drivers/SLP/src/stm32f4xx_fmpi2c.o
LOAD ./Drivers/SLP/src/stm32f4xx_fsmc.o
LOAD ./Drivers/SLP/src/stm32f4xx_gpio.o
LOAD ./Drivers/SLP/src/stm32f4xx_hash.o
LOAD ./Drivers/SLP/src/stm32f4xx_hash_md5.o
LOAD ./Drivers/SLP/src/stm32f4xx_hash_sha1.o
LOAD ./Drivers/SLP/src/stm32f4xx_i2c.o
LOAD ./Drivers/SLP/src/stm32f4xx_iwdg.o
LOAD ./Drivers/SLP/src/stm32f4xx_lptim.o
LOAD ./Drivers/SLP/src/stm32f4xx_ltdc.o
LOAD ./Drivers/SLP/src/stm32f4xx_pwr.o
LOAD ./Drivers/SLP/src/stm32f4xx_qspi.o
LOAD ./Drivers/SLP/src/stm32f4xx_rcc.o
LOAD ./Drivers/SLP/src/stm32f4xx_rng.o
LOAD ./Drivers/SLP/src/stm32f4xx_rtc.o
LOAD ./Drivers/SLP/src/stm32f4xx_sai.o
LOAD ./Drivers/SLP/src/stm32f4xx_sdio.o
LOAD ./Drivers/SLP/src/stm32f4xx_spdifrx.o
LOAD ./Drivers/SLP/src/stm32f4xx_spi.o
LOAD ./Drivers/SLP/src/stm32f4xx_syscfg.o
LOAD ./Drivers/SLP/src/stm32f4xx_tim.o
LOAD ./Drivers/SLP/src/stm32f4xx_usart.o
LOAD ./Drivers/SLP/src/stm32f4xx_wwdg.o
LOAD ./Drivers/CMSIS/src/startup_stm32f40_41xxx.o
LOAD ./Drivers/CMSIS/src/system_stm32f4xx.o
START GROUP
LOAD /opt/gcc-arm/bin/../lib/gcc/arm-none-eabi/5.4.1/armv7e-m/fpu/libgcc.a
LOAD /opt/gcc-arm/bin/../lib/gcc/arm-none-eabi/5.4.1/../../../../arm-none-eabi/lib/armv7e-m/fpu/libg.a
LOAD /opt/gcc-arm/bin/../lib/gcc/arm-none-eabi/5.4.1/../../../../arm-none-eabi/lib/armv7e-m/fpu/libc.a
END GROUP
LOAD /opt/gcc-arm/bin/../lib/gcc/arm-none-eabi/5.4.1/armv7e-m/fpu/crtend.o
LOAD /opt/gcc-arm/bin/../lib/gcc/arm-none-eabi/5.4.1/armv7e-m/fpu/crtn.o
                0x20020000                _estack = 0x20020000
                0x00000200                _Min_Heap_Size = 0x200
                0x00000400                _Min_Stack_Size = 0x400

.isr_vector     0x08000000      0x188
                0x08000000                . = ALIGN (0x4)
 *(.isr_vector)
 .isr_vector    0x08000000      0x188 ./Drivers/CMSIS/src/startup_stm32f40_41xxx.o
                0x08000000                g_pfnVectors
                0x08000188                . = ALIGN (0x4)

.text           0x08000188     0x4e74
                0x08000188                . = ALIGN (0x4)
 *(.text)
 .text          0x08000188       0x5c /opt/gcc-arm/bin/../lib/gcc/arm-none-eabi/5.4.1/armv7e-m/fpu/crtbegin.o
 .text          0x080001e4      0x134 /opt/gcc-arm/bin/../lib/gcc/arm-none-eabi/5.4.1/../../../../arm-none-eabi/lib/armv7e-m/fpu/libg.a(lib_a-memcpy.o)
                0x080001e4                memcpy
 *(.text*)
 .text.vApplicationStackOverflowHook
                0x08000318        0x2 ./Src/freertos.o
                0x08000318                vApplicationStackOverflowHook
 *fill*         0x0800031a        0x2 
 .text.TIM6_DAC_IRQHandler
                0x0800031c       0x44 ./Src/main.o
                0x0800031c                TIM6_DAC_IRQHandler
 .text.startup.main
                0x08000360       0xc4 ./Src/main.o
                0x08000360                main
 .text.vApplicationTickHook
                0x08000424       0x2c ./Src/main.o
                0x08000424                vApplicationTickHook
 .text.CONSOLE_printFiles
                0x08000450       0x8c ./Src/main.o
                0x08000450                CONSOLE_printFiles
 .text.vTaskGreenLed
                0x080004dc       0x6c ./Src/main.o
                0x080004dc                vTaskGreenLed
 .text.initGPIO
                0x08000548       0x48 ./Src/perirh_init.o
                0x08000548                initGPIO
 .text.PutString
                0x08000590       0x18 ./Src/printf.o
                0x08000590                PutString
 .text.PutUnsignedInt
                0x080005a8       0x44 ./Src/printf.o
                0x080005a8                PutUnsignedInt
 .text.PutSignedInt
                0x080005ec       0x68 ./Src/printf.o
                0x080005ec                PutSignedInt
 .text.PutHexa  0x08000654       0x50 ./Src/printf.o
                0x08000654                PutHexa
 .text.vsnprintf
                0x080006a4      0x11a ./Src/printf.o
                0x080006a4                vsnprintf
 .text.vsprintf
                0x080007be        0xa ./Src/printf.o
                0x080007be                vsprintf
 .text.sprintf  0x080007c8       0x1a ./Src/printf.o
                0x080007c8                sprintf
 .text.SDIO_isSDCardAccessible
                0x080007e2       0x10 ./Src/sd.o
                0x080007e2                SDIO_isSDCardAccessible
 .text.SDIO_mountSDCard
                0x080007f2       0x10 ./Src/sd.o
                0x080007f2                SDIO_mountSDCard
 *fill*         0x08000802        0x2 
 .text.SDIO_scanFiles
                0x08000804       0xc4 ./Src/sd.o
                0x08000804                SDIO_scanFiles
 .text.NMI_Handler
                0x080008c8        0x2 ./Src/stm32f4xx_it.o
                0x080008c8                NMI_Handler
 .text.HardFault_Handler
                0x080008ca        0x2 ./Src/stm32f4xx_it.o
                0x080008ca                HardFault_Handler
 .text.MemManage_Handler
                0x080008cc        0x2 ./Src/stm32f4xx_it.o
                0x080008cc                MemManage_Handler
 .text.BusFault_Handler
                0x080008ce        0x2 ./Src/stm32f4xx_it.o
                0x080008ce                BusFault_Handler
 .text.UsageFault_Handler
                0x080008d0        0x2 ./Src/stm32f4xx_it.o
                0x080008d0                UsageFault_Handler
 .text.DebugMon_Handler
                0x080008d2        0x2 ./Src/stm32f4xx_it.o
                0x080008d2                DebugMon_Handler
 .text.timer6_init
                0x080008d4       0x4c ./Src/tim6.o
                0x080008d4                timer6_init
 .text.uart_interrupt
                0x08000920       0xbc ./Src/uart.o
                0x08000920                uart_interrupt
 .text.USART1_IRQHandler
                0x080009dc       0x10 ./Src/uart.o
                0x080009dc                USART1_IRQHandler
 .text.USART2_IRQHandler
                0x080009ec       0x10 ./Src/uart.o
                0x080009ec                USART2_IRQHandler
 .text.USART3_IRQHandler
                0x080009fc       0x10 ./Src/uart.o
                0x080009fc                USART3_IRQHandler
 .text.UART4_IRQHandler
                0x08000a0c       0x10 ./Src/uart.o
                0x08000a0c                UART4_IRQHandler
 .text.UART5_IRQHandler
                0x08000a1c       0x10 ./Src/uart.o
                0x08000a1c                UART5_IRQHandler
 .text.USART6_IRQHandler
                0x08000a2c       0x10 ./Src/uart.o
                0x08000a2c                USART6_IRQHandler
 .text.uart_init
                0x08000a3c      0x2b0 ./Src/uart.o
                0x08000a3c                uart_init
 .text.GetCharUart
                0x08000cec       0x2c ./Src/uart.o
                0x08000cec                GetCharUart
 .text.PutCharUart
                0x08000d18       0x54 ./Src/uart.o
                0x08000d18                PutCharUart
 .text.PutStringUart
                0x08000d6c       0x34 ./Src/uart.o
                0x08000d6c                PutStringUart
 .text.Usart1Rx
                0x08000da0       0x2c ./Src/uart1Task.o
 .text.initUartTask
                0x08000dcc       0x2c ./Src/uart1Task.o
                0x08000dcc                initUartTask
 .text.unlikely.prvInsertBlockIntoFreeList
                0x08000df8       0x48 ./FreeRTOS/src/heap_4.o
 .text.pvPortMalloc
                0x08000e40      0x124 ./FreeRTOS/src/heap_4.o
                0x08000e40                pvPortMalloc
 .text.vPortFree
                0x08000f64       0x70 ./FreeRTOS/src/heap_4.o
                0x08000f64                vPortFree
 .text.vListInitialise
                0x08000fd4       0x16 ./FreeRTOS/src/list.o
                0x08000fd4                vListInitialise
 .text.vListInitialiseItem
                0x08000fea        0x6 ./FreeRTOS/src/list.o
                0x08000fea                vListInitialiseItem
 .text.vListInsertEnd
                0x08000ff0       0x18 ./FreeRTOS/src/list.o
                0x08000ff0                vListInsertEnd
 .text.vListInsert
                0x08001008       0x30 ./FreeRTOS/src/list.o
                0x08001008                vListInsert
 .text.uxListRemove
                0x08001038       0x20 ./FreeRTOS/src/list.o
                0x08001038                uxListRemove
 .text.prvTaskExitError
                0x08001058       0x30 ./FreeRTOS/src/port.o
 .text.prvPortStartFirstTask
                0x08001088       0x20 ./FreeRTOS/src/port.o
 .text.vPortEnableVFP
                0x080010a8       0x14 ./FreeRTOS/src/port.o
 .text.pxPortInitialiseStack
                0x080010bc       0x24 ./FreeRTOS/src/port.o
                0x080010bc                pxPortInitialiseStack
 .text.SVC_Handler
                0x080010e0       0x20 ./FreeRTOS/src/port.o
                0x080010e0                SVC_Handler
 .text.vPortEnterCritical
                0x08001100       0x44 ./FreeRTOS/src/port.o
                0x08001100                vPortEnterCritical
 .text.vPortExitCritical
                0x08001144       0x28 ./FreeRTOS/src/port.o
                0x08001144                vPortExitCritical
 .text.PendSV_Handler
                0x0800116c       0x60 ./FreeRTOS/src/port.o
                0x0800116c                PendSV_Handler
 .text.SysTick_Handler
                0x080011cc       0x30 ./FreeRTOS/src/port.o
                0x080011cc                SysTick_Handler
 .text.vPortSetupTimerInterrupt
                0x080011fc       0x18 ./FreeRTOS/src/port.o
                0x080011fc                vPortSetupTimerInterrupt
 .text.xPortStartScheduler
                0x08001214       0xec ./FreeRTOS/src/port.o
                0x08001214                xPortStartScheduler
 .text.vPortValidateInterruptPriority
                0x08001300       0x5c ./FreeRTOS/src/port.o
                0x08001300                vPortValidateInterruptPriority
 .text.unlikely.prvCopyDataToQueue
                0x0800135c       0x6a ./FreeRTOS/src/queue.o
 .text.unlikely.prvCopyDataFromQueue
                0x080013c6       0x2a ./FreeRTOS/src/queue.o
 .text.prvUnlockQueue
                0x080013f0       0x68 ./FreeRTOS/src/queue.o
 .text.unlikely.xQueueGenericCreate.part.1
                0x08001458       0x12 ./FreeRTOS/src/queue.o
 *fill*         0x0800146a        0x2 
 .text.xQueueGenericReset
                0x0800146c       0x70 ./FreeRTOS/src/queue.o
                0x0800146c                xQueueGenericReset
 .text.xQueueGenericCreate
                0x080014dc       0x56 ./FreeRTOS/src/queue.o
                0x080014dc                xQueueGenericCreate
 *fill*         0x08001532        0x2 
 .text.xQueueGenericSend
                0x08001534      0x148 ./FreeRTOS/src/queue.o
                0x08001534                xQueueGenericSend
 .text.xQueueCreateMutex
                0x0800167c       0x4a ./FreeRTOS/src/queue.o
                0x0800167c                xQueueCreateMutex
 .text.xQueueGiveFromISR
                0x080016c6       0xa0 ./FreeRTOS/src/queue.o
                0x080016c6                xQueueGiveFromISR
 *fill*         0x08001766        0x2 
 .text.xQueueGenericReceive
                0x08001768      0x158 ./FreeRTOS/src/queue.o
                0x08001768                xQueueGenericReceive
 .text.prvResetNextTaskUnblockTime
                0x080018c0       0x24 ./FreeRTOS/src/tasks.o
 .text.prvAddCurrentTaskToDelayedList
                0x080018e4       0x50 ./FreeRTOS/src/tasks.o
 .text.xTaskGenericCreate.part.5
                0x08001934      0x1c8 ./FreeRTOS/src/tasks.o
 .text.vTaskSetTimeOutState.part.7
                0x08001afc       0x12 ./FreeRTOS/src/tasks.o
 .text.xTaskGenericCreate
                0x08001b0e       0x3c ./FreeRTOS/src/tasks.o
                0x08001b0e                xTaskGenericCreate
 *fill*         0x08001b4a        0x2 
 .text.vTaskStartScheduler
                0x08001b4c       0x70 ./FreeRTOS/src/tasks.o
                0x08001b4c                vTaskStartScheduler
 .text.vTaskSuspendAll
                0x08001bbc       0x10 ./FreeRTOS/src/tasks.o
                0x08001bbc                vTaskSuspendAll
 .text.xTaskIncrementTick
                0x08001bcc      0x140 ./FreeRTOS/src/tasks.o
                0x08001bcc                xTaskIncrementTick
 .text.xTaskResumeAll
                0x08001d0c       0xec ./FreeRTOS/src/tasks.o
                0x08001d0c                xTaskResumeAll
 .text.vTaskDelay
                0x08001df8       0x7c ./FreeRTOS/src/tasks.o
                0x08001df8                vTaskDelay
 .text.prvIdleTask
                0x08001e74       0x78 ./FreeRTOS/src/tasks.o
 .text.vTaskSwitchContext
                0x08001eec       0x8c ./FreeRTOS/src/tasks.o
                0x08001eec                vTaskSwitchContext
 .text.vTaskPlaceOnEventList
                0x08001f78       0x70 ./FreeRTOS/src/tasks.o
                0x08001f78                vTaskPlaceOnEventList
 .text.xTaskRemoveFromEventList
                0x08001fe8       0x84 ./FreeRTOS/src/tasks.o
                0x08001fe8                xTaskRemoveFromEventList
 .text.vTaskSetTimeOutState
                0x0800206c       0x20 ./FreeRTOS/src/tasks.o
                0x0800206c                vTaskSetTimeOutState
 .text.xTaskCheckForTimeOut
                0x0800208c       0x74 ./FreeRTOS/src/tasks.o
                0x0800208c                xTaskCheckForTimeOut
 .text.vTaskMissedYield
                0x08002100        0xc ./FreeRTOS/src/tasks.o
                0x08002100                vTaskMissedYield
 .text.vTaskPriorityInherit
                0x0800210c       0x8c ./FreeRTOS/src/tasks.o
                0x0800210c                vTaskPriorityInherit
 .text.xTaskPriorityDisinherit
                0x08002198       0xa0 ./FreeRTOS/src/tasks.o
                0x08002198                xTaskPriorityDisinherit
 .text.pvTaskIncrementMutexHeldCount
                0x08002238       0x18 ./FreeRTOS/src/tasks.o
                0x08002238                pvTaskIncrementMutexHeldCount
 .text.ff_convert
                0x08002250       0x3c ./FATFS_SDIO/fatfs/option/ccsbcs.o
                0x08002250                ff_convert
 .text.ff_wtoupper
                0x0800228c       0x24 ./FATFS_SDIO/fatfs/option/ccsbcs.o
                0x0800228c                ff_wtoupper
 .text.ATA_disk_initialize
                0x080022b0        0x6 ./FATFS_SDIO/fatfs/lo_level_ub/stm32_ub_atadrive.o
                0x080022b0                ATA_disk_initialize
 .text.ATA_disk_status
                0x080022b6        0x6 ./FATFS_SDIO/fatfs/lo_level_ub/stm32_ub_atadrive.o
                0x080022b6                ATA_disk_status
 .text.ATA_disk_read
                0x080022bc        0x6 ./FATFS_SDIO/fatfs/lo_level_ub/stm32_ub_atadrive.o
                0x080022bc                ATA_disk_read
 .text.ATA_disk_write
                0x080022c2        0x6 ./FATFS_SDIO/fatfs/lo_level_ub/stm32_ub_atadrive.o
                0x080022c2                ATA_disk_write
 .text.CmdResp2Error
                0x080022c8       0x3c ./FATFS_SDIO/fatfs/lo_level_ub/stm32_ub_sdcard.o
 .text.CmdResp1Error
                0x08002304       0xf0 ./FATFS_SDIO/fatfs/lo_level_ub/stm32_ub_sdcard.o
 .text.FindSCR.isra.1
                0x080023f4      0x140 ./FATFS_SDIO/fatfs/lo_level_ub/stm32_ub_sdcard.o
 .text.SDEnWideBus
                0x08002534       0xac ./FATFS_SDIO/fatfs/lo_level_ub/stm32_ub_sdcard.o
 .text.SD_SendStatus.part.3
                0x080025e0       0x40 ./FATFS_SDIO/fatfs/lo_level_ub/stm32_ub_sdcard.o
 .text.UB_SDCard_CheckMedia
                0x08002620       0x20 ./FATFS_SDIO/fatfs/lo_level_ub/stm32_ub_sdcard.o
                0x08002620                UB_SDCard_CheckMedia
 .text.MMC_disk_status
                0x08002640       0x18 ./FATFS_SDIO/fatfs/lo_level_ub/stm32_ub_sdcard.o
                0x08002640                MMC_disk_status
 .text.SD_GetState
                0x08002658       0x2e ./FATFS_SDIO/fatfs/lo_level_ub/stm32_ub_sdcard.o
                0x08002658                SD_GetState
 .text.SD_GetStatus
                0x08002686       0x18 ./FATFS_SDIO/fatfs/lo_level_ub/stm32_ub_sdcard.o
                0x08002686                SD_GetStatus
 *fill*         0x0800269e        0x2 
 .text.SD_PowerON
                0x080026a0      0x208 ./FATFS_SDIO/fatfs/lo_level_ub/stm32_ub_sdcard.o
                0x080026a0                SD_PowerON
 .text.SD_InitializeCards
                0x080028a8      0x154 ./FATFS_SDIO/fatfs/lo_level_ub/stm32_ub_sdcard.o
                0x080028a8                SD_InitializeCards
 .text.SD_GetCardInfo
                0x080029fc      0x298 ./FATFS_SDIO/fatfs/lo_level_ub/stm32_ub_sdcard.o
                0x080029fc                SD_GetCardInfo
 .text.SD_EnableWideBusOperation
                0x08002c94       0x68 ./FATFS_SDIO/fatfs/lo_level_ub/stm32_ub_sdcard.o
                0x08002c94                SD_EnableWideBusOperation
 .text.SD_SelectDeselect
                0x08002cfc       0x2c ./FATFS_SDIO/fatfs/lo_level_ub/stm32_ub_sdcard.o
                0x08002cfc                SD_SelectDeselect
 .text.SD_Init  0x08002d28       0x88 ./FATFS_SDIO/fatfs/lo_level_ub/stm32_ub_sdcard.o
                0x08002d28                SD_Init
 .text.MMC_disk_initialize
                0x08002db0       0x10 ./FATFS_SDIO/fatfs/lo_level_ub/stm32_ub_sdcard.o
                0x08002db0                MMC_disk_initialize
 .text.SD_StopTransfer
                0x08002dc0       0x2c ./FATFS_SDIO/fatfs/lo_level_ub/stm32_ub_sdcard.o
                0x08002dc0                SD_StopTransfer
 .text.SD_WaitReadOperation
                0x08002dec       0x84 ./FATFS_SDIO/fatfs/lo_level_ub/stm32_ub_sdcard.o
                0x08002dec                SD_WaitReadOperation
 .text.SD_WaitWriteOperation
                0x08002e70       0x84 ./FATFS_SDIO/fatfs/lo_level_ub/stm32_ub_sdcard.o
                0x08002e70                SD_WaitWriteOperation
 .text.SD_ProcessIRQSrc
                0x08002ef4       0x98 ./FATFS_SDIO/fatfs/lo_level_ub/stm32_ub_sdcard.o
                0x08002ef4                SD_ProcessIRQSrc
 .text.SD_ProcessDMAIRQ
                0x08002f8c       0x28 ./FATFS_SDIO/fatfs/lo_level_ub/stm32_ub_sdcard.o
                0x08002f8c                SD_ProcessDMAIRQ
 .text.SD_LowLevel_Init
                0x08002fb4       0xac ./FATFS_SDIO/fatfs/lo_level_ub/stm32_ub_sdcard.o
                0x08002fb4                SD_LowLevel_Init
 .text.UB_SDCard_Init
                0x08003060       0x20 ./FATFS_SDIO/fatfs/lo_level_ub/stm32_ub_sdcard.o
                0x08003060                UB_SDCard_Init
 .text.SD_LowLevel_DMA_TxConfig
                0x08003080       0x90 ./FATFS_SDIO/fatfs/lo_level_ub/stm32_ub_sdcard.o
                0x08003080                SD_LowLevel_DMA_TxConfig
 .text.SD_WriteMultiBlocks
                0x08003110      0x12c ./FATFS_SDIO/fatfs/lo_level_ub/stm32_ub_sdcard.o
                0x08003110                SD_WriteMultiBlocks
 .text.MMC_disk_write
                0x0800323c       0x2c ./FATFS_SDIO/fatfs/lo_level_ub/stm32_ub_sdcard.o
                0x0800323c                MMC_disk_write
 .text.SD_LowLevel_DMA_RxConfig
                0x08003268       0x90 ./FATFS_SDIO/fatfs/lo_level_ub/stm32_ub_sdcard.o
                0x08003268                SD_LowLevel_DMA_RxConfig
 .text.SD_ReadMultiBlocks
                0x080032f8       0xe4 ./FATFS_SDIO/fatfs/lo_level_ub/stm32_ub_sdcard.o
                0x080032f8                SD_ReadMultiBlocks
 .text.MMC_disk_read
                0x080033dc       0x2c ./FATFS_SDIO/fatfs/lo_level_ub/stm32_ub_sdcard.o
                0x080033dc                MMC_disk_read
 .text.SDIO_IRQHandler
                0x08003408        0x4 ./FATFS_SDIO/fatfs/lo_level_ub/stm32_ub_sdcard.o
                0x08003408                SDIO_IRQHandler
 .text.DMA2_Stream3_IRQHandler
                0x0800340c        0x4 ./FATFS_SDIO/fatfs/lo_level_ub/stm32_ub_sdcard.o
                0x0800340c                DMA2_Stream3_IRQHandler
 .text.USB_disk_initialize
                0x08003410        0x6 ./FATFS_SDIO/fatfs/lo_level_ub/stm32_ub_usbdisk.o
                0x08003410                USB_disk_initialize
 .text.USB_disk_status
                0x08003416        0x6 ./FATFS_SDIO/fatfs/lo_level_ub/stm32_ub_usbdisk.o
                0x08003416                USB_disk_status
 .text.USB_disk_read
                0x0800341c        0x6 ./FATFS_SDIO/fatfs/lo_level_ub/stm32_ub_usbdisk.o
                0x0800341c                USB_disk_read
 .text.USB_disk_write
                0x08003422        0x6 ./FATFS_SDIO/fatfs/lo_level_ub/stm32_ub_usbdisk.o
                0x08003422                USB_disk_write
 .text.disk_initialize
                0x08003428       0x28 ./FATFS_SDIO/fatfs/diskio.o
                0x08003428                disk_initialize
 .text.disk_status
                0x08003450       0x2a ./FATFS_SDIO/fatfs/diskio.o
                0x08003450                disk_status
 .text.disk_read
                0x0800347a       0x30 ./FATFS_SDIO/fatfs/diskio.o
                0x0800347a                disk_read
 .text.disk_write
                0x080034aa       0x30 ./FATFS_SDIO/fatfs/diskio.o
                0x080034aa                disk_write
 .text.sum_sfn  0x080034da       0x1e ./FATFS_SDIO/fatfs/ff.o
 .text.validate
                0x080034f8       0x2a ./FATFS_SDIO/fatfs/ff.o
 .text.get_fileinfo
                0x08003522      0x100 ./FATFS_SDIO/fatfs/ff.o
 .text.ld_clust.isra.0
                0x08003622       0x1c ./FATFS_SDIO/fatfs/ff.o
 *fill*         0x0800363e        0x2 
 .text.check_fs
                0x08003640       0x54 ./FATFS_SDIO/fatfs/ff.o
 .text.chk_mounted
                0x08003694      0x244 ./FATFS_SDIO/fatfs/ff.o
 .text.sync_window.part.2
                0x080038d8       0x4a ./FATFS_SDIO/fatfs/ff.o
 .text.sync_window
                0x08003922        0xc ./FATFS_SDIO/fatfs/ff.o
 .text.move_window
                0x0800392e       0x34 ./FATFS_SDIO/fatfs/ff.o
 .text.clust2sect
                0x08003962       0x16 ./FATFS_SDIO/fatfs/ff.o
                0x08003962                clust2sect
 .text.get_fat  0x08003978       0xc8 ./FATFS_SDIO/fatfs/ff.o
                0x08003978                get_fat
 .text.dir_sdi  0x08003a40       0x84 ./FATFS_SDIO/fatfs/ff.o
 .text.put_fat  0x08003ac4       0xec ./FATFS_SDIO/fatfs/ff.o
                0x08003ac4                put_fat
 .text.create_chain
                0x08003bb0       0x9a ./FATFS_SDIO/fatfs/ff.o
 .text.dir_next
                0x08003c4a       0xfe ./FATFS_SDIO/fatfs/ff.o
 .text.dir_find.part.6
                0x08003d48      0x12c ./FATFS_SDIO/fatfs/ff.o
 .text.follow_path
                0x08003e74      0x2b8 ./FATFS_SDIO/fatfs/ff.o
 .text.dir_read.constprop.11
                0x0800412c       0xf4 ./FATFS_SDIO/fatfs/ff.o
 .text.f_mount  0x08004220       0x20 ./FATFS_SDIO/fatfs/ff.o
                0x08004220                f_mount
 .text.f_opendir
                0x08004240       0x70 ./FATFS_SDIO/fatfs/ff.o
                0x08004240                f_opendir
 .text.f_readdir
                0x080042b0       0x5a ./FATFS_SDIO/fatfs/ff.o
                0x080042b0                f_readdir
 .text.f_getfree
                0x0800430a       0xce ./FATFS_SDIO/fatfs/ff.o
                0x0800430a                f_getfree
 .text.UB_Fatfs_Init
                0x080043d8        0x4 ./FATFS_SDIO/stm32_ub_fatfs.o
                0x080043d8                UB_Fatfs_Init
 .text.UB_Fatfs_CheckMedia
                0x080043dc       0x16 ./FATFS_SDIO/stm32_ub_fatfs.o
                0x080043dc                UB_Fatfs_CheckMedia
 *fill*         0x080043f2        0x2 
 .text.UB_Fatfs_Mount
                0x080043f4       0x34 ./FATFS_SDIO/stm32_ub_fatfs.o
                0x080043f4                UB_Fatfs_Mount
 .text.DMA_DeInit
                0x08004428      0x10c ./Drivers/SLP/src/stm32f4xx_dma.o
                0x08004428                DMA_DeInit
 .text.DMA_Init
                0x08004534       0x54 ./Drivers/SLP/src/stm32f4xx_dma.o
                0x08004534                DMA_Init
 .text.DMA_Cmd  0x08004588       0x12 ./Drivers/SLP/src/stm32f4xx_dma.o
                0x08004588                DMA_Cmd
 .text.DMA_FlowControllerConfig
                0x0800459a       0x12 ./Drivers/SLP/src/stm32f4xx_dma.o
                0x0800459a                DMA_FlowControllerConfig
 .text.DMA_ITConfig
                0x080045ac       0x3e ./Drivers/SLP/src/stm32f4xx_dma.o
                0x080045ac                DMA_ITConfig
 *fill*         0x080045ea        0x2 
 .text.DMA_ClearITPendingBit
                0x080045ec       0x30 ./Drivers/SLP/src/stm32f4xx_dma.o
                0x080045ec                DMA_ClearITPendingBit
 .text.DMA_ClearFlag
                0x0800461c        0x4 ./Drivers/SLP/src/stm32f4xx_dma.o
                0x0800461c                DMA_ClearFlag
 .text.GPIO_Init
                0x08004620       0x84 ./Drivers/SLP/src/stm32f4xx_gpio.o
                0x08004620                GPIO_Init
 .text.GPIO_SetBits
                0x080046a4        0x4 ./Drivers/SLP/src/stm32f4xx_gpio.o
                0x080046a4                GPIO_SetBits
 .text.GPIO_ToggleBits
                0x080046a8        0x8 ./Drivers/SLP/src/stm32f4xx_gpio.o
                0x080046a8                GPIO_ToggleBits
 .text.GPIO_PinAFConfig
                0x080046b0       0x24 ./Drivers/SLP/src/stm32f4xx_gpio.o
                0x080046b0                GPIO_PinAFConfig
 .text.RCC_GetClocksFreq
                0x080046d4       0x88 ./Drivers/SLP/src/stm32f4xx_rcc.o
                0x080046d4                RCC_GetClocksFreq
 .text.RCC_AHB1PeriphClockCmd
                0x0800475c       0x18 ./Drivers/SLP/src/stm32f4xx_rcc.o
                0x0800475c                RCC_AHB1PeriphClockCmd
 .text.RCC_APB1PeriphClockCmd
                0x08004774       0x18 ./Drivers/SLP/src/stm32f4xx_rcc.o
                0x08004774                RCC_APB1PeriphClockCmd
 .text.RCC_APB2PeriphClockCmd
                0x0800478c       0x18 ./Drivers/SLP/src/stm32f4xx_rcc.o
                0x0800478c                RCC_APB2PeriphClockCmd
 .text.RCC_APB1PeriphResetCmd
                0x080047a4       0x18 ./Drivers/SLP/src/stm32f4xx_rcc.o
                0x080047a4                RCC_APB1PeriphResetCmd
 .text.RCC_APB2PeriphResetCmd
                0x080047bc       0x18 ./Drivers/SLP/src/stm32f4xx_rcc.o
                0x080047bc                RCC_APB2PeriphResetCmd
 .text.SDIO_DeInit
                0x080047d4       0x1a ./Drivers/SLP/src/stm32f4xx_sdio.o
                0x080047d4                SDIO_DeInit
 *fill*         0x080047ee        0x2 
 .text.SDIO_Init
                0x080047f0       0x30 ./Drivers/SLP/src/stm32f4xx_sdio.o
                0x080047f0                SDIO_Init
 .text.SDIO_ClockCmd
                0x08004820        0xc ./Drivers/SLP/src/stm32f4xx_sdio.o
                0x08004820                SDIO_ClockCmd
 .text.SDIO_SetPowerState
                0x0800482c        0xc ./Drivers/SLP/src/stm32f4xx_sdio.o
                0x0800482c                SDIO_SetPowerState
 .text.SDIO_GetPowerState
                0x08004838       0x10 ./Drivers/SLP/src/stm32f4xx_sdio.o
                0x08004838                SDIO_GetPowerState
 .text.SDIO_SendCommand
                0x08004848       0x2c ./Drivers/SLP/src/stm32f4xx_sdio.o
                0x08004848                SDIO_SendCommand
 .text.SDIO_GetCommandResponse
                0x08004874        0xc ./Drivers/SLP/src/stm32f4xx_sdio.o
                0x08004874                SDIO_GetCommandResponse
 .text.SDIO_GetResponse
                0x08004880       0x18 ./Drivers/SLP/src/stm32f4xx_sdio.o
                0x08004880                SDIO_GetResponse
 .text.SDIO_DataConfig
                0x08004898       0x2c ./Drivers/SLP/src/stm32f4xx_sdio.o
                0x08004898                SDIO_DataConfig
 .text.SDIO_ReadData
                0x080048c4        0xc ./Drivers/SLP/src/stm32f4xx_sdio.o
                0x080048c4                SDIO_ReadData
 .text.SDIO_DMACmd
                0x080048d0        0xc ./Drivers/SLP/src/stm32f4xx_sdio.o
                0x080048d0                SDIO_DMACmd
 .text.SDIO_ITConfig
                0x080048dc       0x18 ./Drivers/SLP/src/stm32f4xx_sdio.o
                0x080048dc                SDIO_ITConfig
 .text.SDIO_ClearFlag
                0x080048f4        0xc ./Drivers/SLP/src/stm32f4xx_sdio.o
                0x080048f4                SDIO_ClearFlag
 .text.SDIO_GetITStatus
                0x08004900       0x14 ./Drivers/SLP/src/stm32f4xx_sdio.o
                0x08004900                SDIO_GetITStatus
 .text.SDIO_GetFlagStatus
                0x08004914        0x4 ./Drivers/SLP/src/stm32f4xx_sdio.o
                0x08004914                SDIO_GetFlagStatus
 .text.SDIO_ClearITPendingBit
                0x08004918        0xc ./Drivers/SLP/src/stm32f4xx_sdio.o
                0x08004918                SDIO_ClearITPendingBit
 .text.TIM_TimeBaseInit
                0x08004924       0x7c ./Drivers/SLP/src/stm32f4xx_tim.o
                0x08004924                TIM_TimeBaseInit
 .text.TIM_TimeBaseStructInit
                0x080049a0       0x12 ./Drivers/SLP/src/stm32f4xx_tim.o
                0x080049a0                TIM_TimeBaseStructInit
 .text.TIM_Cmd  0x080049b2       0x18 ./Drivers/SLP/src/stm32f4xx_tim.o
                0x080049b2                TIM_Cmd
 .text.TIM_GetITStatus
                0x080049ca       0x16 ./Drivers/SLP/src/stm32f4xx_tim.o
                0x080049ca                TIM_GetITStatus
 .text.TIM_ClearITPendingBit
                0x080049e0        0x8 ./Drivers/SLP/src/stm32f4xx_tim.o
                0x080049e0                TIM_ClearITPendingBit
 .text.TIM_DMACmd
                0x080049e8       0x12 ./Drivers/SLP/src/stm32f4xx_tim.o
                0x080049e8                TIM_DMACmd
 .text.TIM_ITConfig
                0x080049fa        0x4 ./Drivers/SLP/src/stm32f4xx_tim.o
                0x080049fa                TIM_ITConfig
 *fill*         0x080049fe        0x2 
 .text.USART_DeInit
                0x08004a00       0xe8 ./Drivers/SLP/src/stm32f4xx_usart.o
                0x08004a00                USART_DeInit
 .text.USART_Init
                0x08004ae8       0xb0 ./Drivers/SLP/src/stm32f4xx_usart.o
                0x08004ae8                USART_Init
 .text.USART_ClockInit
                0x08004b98       0x20 ./Drivers/SLP/src/stm32f4xx_usart.o
                0x08004b98                USART_ClockInit
 .text.USART_ClockStructInit
                0x08004bb8        0xc ./Drivers/SLP/src/stm32f4xx_usart.o
                0x08004bb8                USART_ClockStructInit
 .text.USART_Cmd
                0x08004bc4       0x18 ./Drivers/SLP/src/stm32f4xx_usart.o
                0x08004bc4                USART_Cmd
 .text.USART_ITConfig
                0x08004bdc       0x30 ./Drivers/SLP/src/stm32f4xx_usart.o
                0x08004bdc                USART_ITConfig
 .text.Reset_Handler
                0x08004c0c       0x48 ./Drivers/CMSIS/src/startup_stm32f40_41xxx.o
                0x08004c0c                Reset_Handler
 .text.Default_Handler
                0x08004c54        0x2 ./Drivers/CMSIS/src/startup_stm32f40_41xxx.o
                0x08004c54                RTC_Alarm_IRQHandler
                0x08004c54                HASH_RNG_IRQHandler
                0x08004c54                EXTI2_IRQHandler
                0x08004c54                TIM8_CC_IRQHandler
                0x08004c54                TIM1_CC_IRQHandler
                0x08004c54                DMA2_Stream5_IRQHandler
                0x08004c54                DMA1_Stream5_IRQHandler
                0x08004c54                PVD_IRQHandler
                0x08004c54                TAMP_STAMP_IRQHandler
                0x08004c54                CAN2_RX1_IRQHandler
                0x08004c54                EXTI3_IRQHandler
                0x08004c54                TIM8_TRG_COM_TIM14_IRQHandler
                0x08004c54                TIM1_UP_TIM10_IRQHandler
                0x08004c54                TIM8_UP_TIM13_IRQHandler
                0x08004c54                I2C3_ER_IRQHandler
                0x08004c54                EXTI0_IRQHandler
                0x08004c54                I2C2_EV_IRQHandler
                0x08004c54                DMA1_Stream2_IRQHandler
                0x08004c54                CAN1_RX0_IRQHandler
                0x08004c54                FPU_IRQHandler
                0x08004c54                OTG_HS_WKUP_IRQHandler
                0x08004c54                CAN2_SCE_IRQHandler
                0x08004c54                DMA2_Stream2_IRQHandler
                0x08004c54                SPI1_IRQHandler
                0x08004c54                TIM1_BRK_TIM9_IRQHandler
                0x08004c54                DCMI_IRQHandler
                0x08004c54                CAN2_RX0_IRQHandler
                0x08004c54                CRYP_IRQHandler
                0x08004c54                CAN1_RX1_IRQHandler
                0x08004c54                DMA2_Stream0_IRQHandler
                0x08004c54                TIM4_IRQHandler
                0x08004c54                I2C1_EV_IRQHandler
                0x08004c54                DMA1_Stream6_IRQHandler
                0x08004c54                DMA1_Stream1_IRQHandler
                0x08004c54                TIM3_IRQHandler
                0x08004c54                RCC_IRQHandler
                0x08004c54                TIM8_BRK_TIM12_IRQHandler
                0x08004c54                Default_Handler
                0x08004c54                EXTI15_10_IRQHandler
                0x08004c54                ADC_IRQHandler
                0x08004c54                DMA1_Stream7_IRQHandler
                0x08004c54                TIM7_IRQHandler
                0x08004c54                CAN2_TX_IRQHandler
                0x08004c54                TIM5_IRQHandler
                0x08004c54                DMA2_Stream7_IRQHandler
                0x08004c54                I2C3_EV_IRQHandler
                0x08004c54                EXTI9_5_IRQHandler
                0x08004c54                RTC_WKUP_IRQHandler
                0x08004c54                ETH_WKUP_IRQHandler
                0x08004c54                SPI2_IRQHandler
                0x08004c54                OTG_HS_EP1_IN_IRQHandler
                0x08004c54                DMA1_Stream0_IRQHandler
                0x08004c54                CAN1_TX_IRQHandler
                0x08004c54                EXTI4_IRQHandler
                0x08004c54                FSMC_IRQHandler
                0x08004c54                ETH_IRQHandler
                0x08004c54                OTG_HS_EP1_OUT_IRQHandler
                0x08004c54                WWDG_IRQHandler
                0x08004c54                TIM2_IRQHandler
                0x08004c54                OTG_FS_WKUP_IRQHandler
                0x08004c54                TIM1_TRG_COM_TIM11_IRQHandler
                0x08004c54                OTG_HS_IRQHandler
                0x08004c54                EXTI1_IRQHandler
                0x08004c54                I2C2_ER_IRQHandler
                0x08004c54                DMA2_Stream1_IRQHandler
                0x08004c54                CAN1_SCE_IRQHandler
                0x08004c54                FLASH_IRQHandler
                0x08004c54                DMA2_Stream4_IRQHandler
                0x08004c54                OTG_FS_IRQHandler
                0x08004c54                SPI3_IRQHandler
                0x08004c54                DMA1_Stream4_IRQHandler
                0x08004c54                I2C1_ER_IRQHandler
                0x08004c54                DMA2_Stream6_IRQHandler
                0x08004c54                DMA1_Stream3_IRQHandler
 *fill*         0x08004c56        0x2 
 .text.SystemInit
                0x08004c58       0xf8 ./Drivers/CMSIS/src/system_stm32f4xx.o
                0x08004c58                SystemInit
 .text.__libc_init_array
                0x08004d50       0x50 /opt/gcc-arm/bin/../lib/gcc/arm-none-eabi/5.4.1/../../../../arm-none-eabi/lib/armv7e-m/fpu/libg.a(lib_a-init.o)
                0x08004d50                __libc_init_array
 .text.memset   0x08004da0       0x9c /opt/gcc-arm/bin/../lib/gcc/arm-none-eabi/5.4.1/../../../../arm-none-eabi/lib/armv7e-m/fpu/libg.a(lib_a-memset.o)
                0x08004da0                memset
 .text.strcpy   0x08004e3c       0xbc /opt/gcc-arm/bin/../lib/gcc/arm-none-eabi/5.4.1/../../../../arm-none-eabi/lib/armv7e-m/fpu/libg.a(lib_a-strcpy.o)
                0x08004e3c                strcpy
 .text.startup.register_fini
                0x08004ef8       0x14 /opt/gcc-arm/bin/../lib/gcc/arm-none-eabi/5.4.1/../../../../arm-none-eabi/lib/armv7e-m/fpu/libg.a(lib_a-__call_atexit.o)
 .text.atexit   0x08004f0c        0xc /opt/gcc-arm/bin/../lib/gcc/arm-none-eabi/5.4.1/../../../../arm-none-eabi/lib/armv7e-m/fpu/libg.a(lib_a-atexit.o)
                0x08004f0c                atexit
 .text.__libc_fini_array
                0x08004f18       0x28 /opt/gcc-arm/bin/../lib/gcc/arm-none-eabi/5.4.1/../../../../arm-none-eabi/lib/armv7e-m/fpu/libg.a(lib_a-fini.o)
                0x08004f18                __libc_fini_array
 .text.__register_exitproc
                0x08004f40       0xa4 /opt/gcc-arm/bin/../lib/gcc/arm-none-eabi/5.4.1/../../../../arm-none-eabi/lib/armv7e-m/fpu/libg.a(lib_a-__atexit.o)
                0x08004f40                __register_exitproc
 *(.glue_7)
 .glue_7        0x08004fe4        0x0 linker stubs
 *(.glue_7t)
 .glue_7t       0x08004fe4        0x0 linker stubs
 *(.eh_frame)
 .eh_frame      0x08004fe4        0x0 /opt/gcc-arm/bin/../lib/gcc/arm-none-eabi/5.4.1/armv7e-m/fpu/crtbegin.o
 *(.init)
 .init          0x08004fe4        0x4 /opt/gcc-arm/bin/../lib/gcc/arm-none-eabi/5.4.1/armv7e-m/fpu/crti.o
                0x08004fe4                _init
 .init          0x08004fe8        0x8 /opt/gcc-arm/bin/../lib/gcc/arm-none-eabi/5.4.1/armv7e-m/fpu/crtn.o
 *(.fini)
 .fini          0x08004ff0        0x4 /opt/gcc-arm/bin/../lib/gcc/arm-none-eabi/5.4.1/armv7e-m/fpu/crti.o
                0x08004ff0                _fini
 .fini          0x08004ff4        0x8 /opt/gcc-arm/bin/../lib/gcc/arm-none-eabi/5.4.1/armv7e-m/fpu/crtn.o
                0x08004ffc                . = ALIGN (0x4)
                0x08004ffc                _etext = .

.vfp11_veneer   0x08004ffc        0x0
 .vfp11_veneer  0x08004ffc        0x0 linker stubs

.v4_bx          0x08004ffc        0x0
 .v4_bx         0x08004ffc        0x0 linker stubs

.iplt           0x08004ffc        0x0
 .iplt          0x08004ffc        0x0 /opt/gcc-arm/bin/../lib/gcc/arm-none-eabi/5.4.1/armv7e-m/fpu/crtbegin.o

.rodata         0x08004ffc      0x5e8
                0x08004ffc                . = ALIGN (0x4)
 *(.rodata)
 *(.rodata*)
 .rodata.str1.1
                0x08004ffc       0x5a ./Src/main.o
                                 0x5c (size before relaxing)
 .rodata.str1.1
                0x08005056       0x1f ./Src/uart1Task.o
 .rodata.str1.1
                0x08005075        0x5 ./FreeRTOS/src/tasks.o
 .rodata.tbl_lower.4370
                0x0800507a      0x1e0 ./FATFS_SDIO/fatfs/option/ccsbcs.o
 .rodata.Tbl    0x0800525a      0x100 ./FATFS_SDIO/fatfs/option/ccsbcs.o
 .rodata.tbl_upper.4371
                0x0800535a      0x1e0 ./FATFS_SDIO/fatfs/option/ccsbcs.o
 .rodata.str1.1
                0x0800553a       0x10 ./FATFS_SDIO/fatfs/ff.o
 .rodata.ExCvt  0x0800554a       0x80 ./FATFS_SDIO/fatfs/ff.o
 .rodata.LfnOfs
                0x080055ca        0xd ./FATFS_SDIO/fatfs/ff.o
 .rodata.str1.1
                0x080055d7        0x3 ./FATFS_SDIO/stm32_ub_fatfs.o
 *fill*         0x080055da        0x2 
 .rodata.str1.4
                0x080055dc        0x4 /opt/gcc-arm/bin/../lib/gcc/arm-none-eabi/5.4.1/../../../../arm-none-eabi/lib/armv7e-m/fpu/libg.a(lib_a-impure.o)
                                  0x2 (size before relaxing)
 .rodata._global_impure_ptr
                0x080055e0        0x4 /opt/gcc-arm/bin/../lib/gcc/arm-none-eabi/5.4.1/../../../../arm-none-eabi/lib/armv7e-m/fpu/libg.a(lib_a-impure.o)
                0x080055e0                _global_impure_ptr
                0x080055e4                . = ALIGN (0x4)

.rel.dyn        0x080055e4        0x0
 .rel.iplt      0x080055e4        0x0 /opt/gcc-arm/bin/../lib/gcc/arm-none-eabi/5.4.1/armv7e-m/fpu/crtbegin.o

.ARM.extab
 *(.ARM.extab* .gnu.linkonce.armextab.*)

.ARM            0x080055e4        0x0
                0x080055e4                __exidx_start = .
 *(.ARM.exidx*)
                0x080055e4                __exidx_end = .

.preinit_array  0x080055e4        0x0
                0x080055e4                PROVIDE (__preinit_array_start, .)
 *(.preinit_array*)
                0x080055e4                PROVIDE (__preinit_array_end, .)

.init_array     0x080055e4        0x8
                0x080055e4                PROVIDE (__init_array_start, .)
 *(SORT(.init_array.*))
 .init_array.00000
                0x080055e4        0x4 /opt/gcc-arm/bin/../lib/gcc/arm-none-eabi/5.4.1/../../../../arm-none-eabi/lib/armv7e-m/fpu/libg.a(lib_a-__call_atexit.o)
 *(.init_array*)
 .init_array    0x080055e8        0x4 /opt/gcc-arm/bin/../lib/gcc/arm-none-eabi/5.4.1/armv7e-m/fpu/crtbegin.o
                0x080055ec                PROVIDE (__init_array_end, .)

.fini_array     0x080055ec        0x4
                0x080055ec                PROVIDE (__fini_array_start, .)
 *(SORT(.fini_array.*))
 *(.fini_array*)
 .fini_array    0x080055ec        0x4 /opt/gcc-arm/bin/../lib/gcc/arm-none-eabi/5.4.1/armv7e-m/fpu/crtbegin.o
                0x080055f0                PROVIDE (__fini_array_end, .)
                0x080055f0                _sidata = LOADADDR (.data)

.data           0x20000000      0x4c0 load address 0x080055f0
                0x20000000                . = ALIGN (0x4)
                0x20000000                _sdata = .
 *(.data)
 *(.data*)
 .data.SDIO_currentPath
                0x20000000       0x80 ./Src/sd.o
                0x20000000                SDIO_currentPath
 .data.uxCriticalNesting
                0x20000080        0x4 ./FreeRTOS/src/port.o
 .data.APBAHBPrescTable
                0x20000084       0x10 ./Drivers/SLP/src/stm32f4xx_rcc.o
 *fill*         0x20000094        0x4 
 .data.impure_data
                0x20000098      0x428 /opt/gcc-arm/bin/../lib/gcc/arm-none-eabi/5.4.1/../../../../arm-none-eabi/lib/armv7e-m/fpu/libg.a(lib_a-impure.o)
                0x200004c0                . = ALIGN (0x4)
                0x200004c0                _edata = .
                0x08005ab0                _siccmram = LOADADDR (.ccmram)

.jcr            0x200004c0        0x0 load address 0x08005ab0
 .jcr           0x200004c0        0x0 /opt/gcc-arm/bin/../lib/gcc/arm-none-eabi/5.4.1/armv7e-m/fpu/crtbegin.o

.igot.plt       0x200004c0        0x0 load address 0x08005ab0
 .igot.plt      0x200004c0        0x0 /opt/gcc-arm/bin/../lib/gcc/arm-none-eabi/5.4.1/armv7e-m/fpu/crtbegin.o

.ccmram         0x10000000        0x0 load address 0x08005ab0
                0x10000000                . = ALIGN (0x4)
                0x10000000                _sccmram = .
 *(.ccmram)
 *(.ccmram*)
                0x10000000                . = ALIGN (0x4)
                0x10000000                _eccmram = .
                0x10000000                . = ALIGN (0x4)

.bss            0x200004c0    0x14368
                0x200004c0                _sbss = .
                0x200004c0                __bss_start__ = _sbss
 *(.bss)
 .bss           0x200004c0       0x1c /opt/gcc-arm/bin/../lib/gcc/arm-none-eabi/5.4.1/armv7e-m/fpu/crtbegin.o
 *(.bss*)
 .bss.sysCount  0x200004dc        0x4 ./Src/main.o
 .bss.i.10307   0x200004e0        0x1 ./Src/main.o
 *fill*         0x200004e1        0x3 
 .bss._fileInfo
                0x200004e4       0x20 ./Src/sd.o
 .bss.SDIO_filesNum
                0x20000504        0x2 ./Src/sd.o
                0x20000504                SDIO_filesNum
 .bss.i.8658    0x20000506        0x2 ./Src/sd.o
 .bss._directory
                0x20000508       0x24 ./Src/sd.o
 .bss._lfName   0x2000052c      0x100 ./Src/sd.o
 .bss._fresult  0x2000062c        0x1 ./Src/sd.o
 *fill*         0x2000062d        0x3 
 .bss.uarts     0x20000630       0x28 ./Src/uart.o
 .bss.xPrio.8282
                0x20000658        0x4 ./Src/uart.o
 .bss.xFreeBytesRemaining
                0x2000065c        0x4 ./FreeRTOS/src/heap_4.o
 .bss.pxEnd     0x20000660        0x4 ./FreeRTOS/src/heap_4.o
 .bss.xStart    0x20000664        0x8 ./FreeRTOS/src/heap_4.o
 .bss.ucHeap    0x2000066c    0x12c00 ./FreeRTOS/src/heap_4.o
 .bss.xBlockAllocatedBit
                0x2001326c        0x4 ./FreeRTOS/src/heap_4.o
 .bss.xMinimumEverFreeBytesRemaining
                0x20013270        0x4 ./FreeRTOS/src/heap_4.o
 .bss.ucMaxSysCallPriority
                0x20013274        0x1 ./FreeRTOS/src/port.o
 *fill*         0x20013275        0x3 
 .bss.ulMaxPRIGROUPValue
                0x20013278        0x4 ./FreeRTOS/src/port.o
 .bss.xNumOfOverflows
                0x2001327c        0x4 ./FreeRTOS/src/tasks.o
 .bss.pxDelayedTaskList
                0x20013280        0x4 ./FreeRTOS/src/tasks.o
 .bss.xSchedulerRunning
                0x20013284        0x4 ./FreeRTOS/src/tasks.o
 .bss.uxTasksDeleted
                0x20013288        0x4 ./FreeRTOS/src/tasks.o
 .bss.xTasksWaitingTermination
                0x2001328c       0x14 ./FreeRTOS/src/tasks.o
 .bss.xSuspendedTaskList
                0x200132a0       0x14 ./FreeRTOS/src/tasks.o
 .bss.uxPendedTicks
                0x200132b4        0x4 ./FreeRTOS/src/tasks.o
 .bss.pxReadyTasksLists
                0x200132b8       0x8c ./FreeRTOS/src/tasks.o
 .bss.uxSchedulerSuspended
                0x20013344        0x4 ./FreeRTOS/src/tasks.o
 .bss.pxCurrentTCB
                0x20013348        0x4 ./FreeRTOS/src/tasks.o
                0x20013348                pxCurrentTCB
 .bss.xNextTaskUnblockTime
                0x2001334c        0x4 ./FreeRTOS/src/tasks.o
 .bss.xTickCount
                0x20013350        0x4 ./FreeRTOS/src/tasks.o
 .bss.pxOverflowDelayedTaskList
                0x20013354        0x4 ./FreeRTOS/src/tasks.o
 .bss.xPendingReadyList
                0x20013358       0x14 ./FreeRTOS/src/tasks.o
 .bss.uxTaskNumber
                0x2001336c        0x4 ./FreeRTOS/src/tasks.o
 .bss.xDelayedTaskList1
                0x20013370       0x14 ./FreeRTOS/src/tasks.o
 .bss.xDelayedTaskList2
                0x20013384       0x14 ./FreeRTOS/src/tasks.o
 .bss.uxCurrentNumberOfTasks
                0x20013398        0x4 ./FreeRTOS/src/tasks.o
 .bss.uxTopReadyPriority
                0x2001339c        0x4 ./FreeRTOS/src/tasks.o
 .bss.xYieldPending
                0x200133a0        0x4 ./FreeRTOS/src/tasks.o
 .bss.TransferError
                0x200133a4        0x1 ./FATFS_SDIO/fatfs/lo_level_ub/stm32_ub_sdcard.o
                0x200133a4                TransferError
 *fill*         0x200133a5        0x3 
 .bss.CSD_Tab   0x200133a8       0x10 ./FATFS_SDIO/fatfs/lo_level_ub/stm32_ub_sdcard.o
 .bss.CardType  0x200133b8        0x4 ./FATFS_SDIO/fatfs/lo_level_ub/stm32_ub_sdcard.o
 .bss.CID_Tab   0x200133bc       0x10 ./FATFS_SDIO/fatfs/lo_level_ub/stm32_ub_sdcard.o
 .bss.DMAEndOfTransfer
                0x200133cc        0x4 ./FATFS_SDIO/fatfs/lo_level_ub/stm32_ub_sdcard.o
                0x200133cc                DMAEndOfTransfer
 .bss.RCA       0x200133d0        0x4 ./FATFS_SDIO/fatfs/lo_level_ub/stm32_ub_sdcard.o
 .bss.TransferEnd
                0x200133d4        0x4 ./FATFS_SDIO/fatfs/lo_level_ub/stm32_ub_sdcard.o
                0x200133d4                TransferEnd
 .bss.StopCondition
                0x200133d8        0x4 ./FATFS_SDIO/fatfs/lo_level_ub/stm32_ub_sdcard.o
                0x200133d8                StopCondition
 .bss.CurrVol   0x200133dc        0x1 ./FATFS_SDIO/fatfs/ff.o
 *fill*         0x200133dd        0x1 
 .bss.Fsid      0x200133de        0x2 ./FATFS_SDIO/fatfs/ff.o
 .bss.FatFs     0x200133e0        0x4 ./FATFS_SDIO/fatfs/ff.o
 .bss.FileSystemObject
                0x200133e4      0x238 ./FATFS_SDIO/stm32_ub_fatfs.o
 *(COMMON)
 COMMON         0x2001361c      0x108 ./Src/main.o
                0x2001361c                uart1
                0x200136d0                textBuf
                0x20013710                timetLed
                0x20013714                RCC_Clocks
 COMMON         0x20013724     0x1040 ./Src/sd.o
                0x20013724                SDIO_files
 COMMON         0x20014764       0x20 ./Src/uart1Task.o
                0x20014764                TxData
 *fill*         0x20014784        0x4 
 COMMON         0x20014788       0xa0 ./FATFS_SDIO/fatfs/lo_level_ub/stm32_ub_sdcard.o
                0x20014788                SDIO_CmdInitStructure
                0x200147a0                SDCardInfo
                0x200147f8                SDIO_InitStructure
                0x20014810                SDIO_DataInitStructure
                0x20014828                . = ALIGN (0x4)
                0x20014828                _ebss = .
                0x20014828                __bss_end__ = _ebss

._user_heap_stack
                0x20014828      0x600
                0x20014828                . = ALIGN (0x4)
                [!provide]                PROVIDE (end, .)
                [!provide]                PROVIDE (_end, .)
                0x20014a28                . = (. + _Min_Heap_Size)
 *fill*         0x20014828      0x200 
                0x20014e28                . = (. + _Min_Stack_Size)
 *fill*         0x20014a28      0x400 
                0x20014e28                . = ALIGN (0x4)

/DISCARD/
 libc.a(*)
 libm.a(*)
 libgcc.a(*)

.ARM.attributes
                0x00000000       0x30
 *(.ARM.attributes)
 .ARM.attributes
                0x00000000       0x22 /opt/gcc-arm/bin/../lib/gcc/arm-none-eabi/5.4.1/armv7e-m/fpu/crti.o
 .ARM.attributes
                0x00000022       0x34 /opt/gcc-arm/bin/../lib/gcc/arm-none-eabi/5.4.1/armv7e-m/fpu/crtbegin.o
 .ARM.attributes
                0x00000056       0x39 ./Src/freertos.o
 .ARM.attributes
                0x0000008f       0x39 ./Src/main.o
 .ARM.attributes
                0x000000c8       0x39 ./Src/perirh_init.o
 .ARM.attributes
                0x00000101       0x39 ./Src/printf.o
 .ARM.attributes
                0x0000013a       0x39 ./Src/sd.o
 .ARM.attributes
                0x00000173       0x39 ./Src/stm32f4xx_it.o
 .ARM.attributes
                0x000001ac       0x39 ./Src/tim6.o
 .ARM.attributes
                0x000001e5       0x39 ./Src/uart.o
 .ARM.attributes
                0x0000021e       0x39 ./Src/uart1Task.o
 .ARM.attributes
                0x00000257       0x39 ./FreeRTOS/src/heap_4.o
 .ARM.attributes
                0x00000290       0x39 ./FreeRTOS/src/list.o
 .ARM.attributes
                0x000002c9       0x39 ./FreeRTOS/src/port.o
 .ARM.attributes
                0x00000302       0x39 ./FreeRTOS/src/queue.o
 .ARM.attributes
                0x0000033b       0x39 ./FreeRTOS/src/tasks.o
 .ARM.attributes
                0x00000374       0x39 ./FATFS_SDIO/fatfs/option/ccsbcs.o
 .ARM.attributes
                0x000003ad       0x39 ./FATFS_SDIO/fatfs/lo_level_ub/stm32_ub_atadrive.o
 .ARM.attributes
                0x000003e6       0x39 ./FATFS_SDIO/fatfs/lo_level_ub/stm32_ub_sdcard.o
 .ARM.attributes
                0x0000041f       0x39 ./FATFS_SDIO/fatfs/lo_level_ub/stm32_ub_usbdisk.o
 .ARM.attributes
                0x00000458       0x39 ./FATFS_SDIO/fatfs/diskio.o
 .ARM.attributes
                0x00000491       0x39 ./FATFS_SDIO/fatfs/ff.o
 .ARM.attributes
                0x000004ca       0x39 ./FATFS_SDIO/stm32_ub_fatfs.o
 .ARM.attributes
                0x00000503       0x39 ./Drivers/SLP/src/stm32f4xx_dma.o
 .ARM.attributes
                0x0000053c       0x39 ./Drivers/SLP/src/stm32f4xx_gpio.o
 .ARM.attributes
                0x00000575       0x39 ./Drivers/SLP/src/stm32f4xx_rcc.o
 .ARM.attributes
                0x000005ae       0x39 ./Drivers/SLP/src/stm32f4xx_sdio.o
 .ARM.attributes
                0x000005e7       0x39 ./Drivers/SLP/src/stm32f4xx_tim.o
 .ARM.attributes
                0x00000620       0x39 ./Drivers/SLP/src/stm32f4xx_usart.o
 .ARM.attributes
                0x00000659       0x21 ./Drivers/CMSIS/src/startup_stm32f40_41xxx.o
 .ARM.attributes
                0x0000067a       0x39 ./Drivers/CMSIS/src/system_stm32f4xx.o
 .ARM.attributes
                0x000006b3       0x34 /opt/gcc-arm/bin/../lib/gcc/arm-none-eabi/5.4.1/../../../../arm-none-eabi/lib/armv7e-m/fpu/libg.a(lib_a-impure.o)
 .ARM.attributes
                0x000006e7       0x34 /opt/gcc-arm/bin/../lib/gcc/arm-none-eabi/5.4.1/../../../../arm-none-eabi/lib/armv7e-m/fpu/libg.a(lib_a-init.o)
 .ARM.attributes
                0x0000071b       0x20 /opt/gcc-arm/bin/../lib/gcc/arm-none-eabi/5.4.1/../../../../arm-none-eabi/lib/armv7e-m/fpu/libg.a(lib_a-memcpy.o)
 .ARM.attributes
                0x0000073b       0x34 /opt/gcc-arm/bin/../lib/gcc/arm-none-eabi/5.4.1/../../../../arm-none-eabi/lib/armv7e-m/fpu/libg.a(lib_a-memset.o)
 .ARM.attributes
                0x0000076f       0x34 /opt/gcc-arm/bin/../lib/gcc/arm-none-eabi/5.4.1/../../../../arm-none-eabi/lib/armv7e-m/fpu/libg.a(lib_a-strcpy.o)
 .ARM.attributes
                0x000007a3       0x34 /opt/gcc-arm/bin/../lib/gcc/arm-none-eabi/5.4.1/../../../../arm-none-eabi/lib/armv7e-m/fpu/libg.a(lib_a-__call_atexit.o)
 .ARM.attributes
                0x000007d7       0x34 /opt/gcc-arm/bin/../lib/gcc/arm-none-eabi/5.4.1/../../../../arm-none-eabi/lib/armv7e-m/fpu/libg.a(lib_a-atexit.o)
 .ARM.attributes
                0x0000080b       0x34 /opt/gcc-arm/bin/../lib/gcc/arm-none-eabi/5.4.1/../../../../arm-none-eabi/lib/armv7e-m/fpu/libg.a(lib_a-fini.o)
 .ARM.attributes
                0x0000083f       0x34 /opt/gcc-arm/bin/../lib/gcc/arm-none-eabi/5.4.1/../../../../arm-none-eabi/lib/armv7e-m/fpu/libg.a(lib_a-__atexit.o)
 .ARM.attributes
                0x00000873       0x22 /opt/gcc-arm/bin/../lib/gcc/arm-none-eabi/5.4.1/armv7e-m/fpu/crtn.o
OUTPUT(freeRtos_SPL.elf elf32-littlearm)

.debug_info     0x00000000    0x170e8
 .debug_info    0x00000000       0xc4 ./Src/freertos.o
 .debug_info    0x000000c4     0x11c9 ./Src/main.o
 .debug_info    0x0000128d      0x340 ./Src/perirh_init.o
 .debug_info    0x000015cd     0x1198 ./Src/printf.o
 .debug_info    0x00002765      0x63f ./Src/sd.o
 .debug_info    0x00002da4      0x103 ./Src/stm32f4xx_it.o
 .debug_info    0x00002ea7      0x7bd ./Src/tim6.o
 .debug_info    0x00003664     0x1330 ./Src/uart.o
 .debug_info    0x00004994      0x479 ./Src/uart1Task.o
 .debug_info    0x00004e0d      0x488 ./FreeRTOS/src/heap_4.o
 .debug_info    0x00005295      0x2a1 ./FreeRTOS/src/list.o
 .debug_info    0x00005536      0x54c ./FreeRTOS/src/port.o
 .debug_info    0x00005a82     0x1733 ./FreeRTOS/src/queue.o
 .debug_info    0x000071b5     0x2840 ./FreeRTOS/src/tasks.o
 .debug_info    0x000099f5      0x167 ./FATFS_SDIO/fatfs/option/ccsbcs.o
 .debug_info    0x00009b5c      0x1f7 ./FATFS_SDIO/fatfs/lo_level_ub/stm32_ub_atadrive.o
 .debug_info    0x00009d53     0x3694 ./FATFS_SDIO/fatfs/lo_level_ub/stm32_ub_sdcard.o
 .debug_info    0x0000d3e7      0x1f7 ./FATFS_SDIO/fatfs/lo_level_ub/stm32_ub_usbdisk.o
 .debug_info    0x0000d5de      0x455 ./FATFS_SDIO/fatfs/diskio.o
 .debug_info    0x0000da33     0x3671 ./FATFS_SDIO/fatfs/ff.o
 .debug_info    0x000110a4      0xa1d ./FATFS_SDIO/stm32_ub_fatfs.o
 .debug_info    0x00011ac1      0x700 ./Drivers/SLP/src/stm32f4xx_dma.o
 .debug_info    0x000121c1      0x746 ./Drivers/SLP/src/stm32f4xx_gpio.o
 .debug_info    0x00012907      0xea5 ./Drivers/SLP/src/stm32f4xx_rcc.o
 .debug_info    0x000137ac      0x7de ./Drivers/SLP/src/stm32f4xx_sdio.o
 .debug_info    0x00013f8a     0x1fc6 ./Drivers/SLP/src/stm32f4xx_tim.o
 .debug_info    0x00015f50      0xae1 ./Drivers/SLP/src/stm32f4xx_usart.o
 .debug_info    0x00016a31       0x88 ./Drivers/CMSIS/src/startup_stm32f40_41xxx.o
 .debug_info    0x00016ab9      0x62f ./Drivers/CMSIS/src/system_stm32f4xx.o

.debug_abbrev   0x00000000     0x3743
 .debug_abbrev  0x00000000       0x70 ./Src/freertos.o
 .debug_abbrev  0x00000070      0x31c ./Src/main.o
 .debug_abbrev  0x0000038c      0x13a ./Src/perirh_init.o
 .debug_abbrev  0x000004c6      0x32f ./Src/printf.o
 .debug_abbrev  0x000007f5      0x186 ./Src/sd.o
 .debug_abbrev  0x0000097b       0x8b ./Src/stm32f4xx_it.o
 .debug_abbrev  0x00000a06      0x1b1 ./Src/tim6.o
 .debug_abbrev  0x00000bb7      0x30c ./Src/uart.o
 .debug_abbrev  0x00000ec3      0x1b1 ./Src/uart1Task.o
 .debug_abbrev  0x00001074      0x230 ./FreeRTOS/src/heap_4.o
 .debug_abbrev  0x000012a4       0xdc ./FreeRTOS/src/list.o
 .debug_abbrev  0x00001380      0x20a ./FreeRTOS/src/port.o
 .debug_abbrev  0x0000158a      0x2e5 ./FreeRTOS/src/queue.o
 .debug_abbrev  0x0000186f      0x383 ./FreeRTOS/src/tasks.o
 .debug_abbrev  0x00001bf2       0xa8 ./FATFS_SDIO/fatfs/option/ccsbcs.o
 .debug_abbrev  0x00001c9a      0x132 ./FATFS_SDIO/fatfs/lo_level_ub/stm32_ub_atadrive.o
 .debug_abbrev  0x00001dcc      0x475 ./FATFS_SDIO/fatfs/lo_level_ub/stm32_ub_sdcard.o
 .debug_abbrev  0x00002241      0x132 ./FATFS_SDIO/fatfs/lo_level_ub/stm32_ub_usbdisk.o
 .debug_abbrev  0x00002373      0x188 ./FATFS_SDIO/fatfs/diskio.o
 .debug_abbrev  0x000024fb      0x345 ./FATFS_SDIO/fatfs/ff.o
 .debug_abbrev  0x00002840      0x208 ./FATFS_SDIO/stm32_ub_fatfs.o
 .debug_abbrev  0x00002a48      0x177 ./Drivers/SLP/src/stm32f4xx_dma.o
 .debug_abbrev  0x00002bbf      0x1e5 ./Drivers/SLP/src/stm32f4xx_gpio.o
 .debug_abbrev  0x00002da4      0x1e4 ./Drivers/SLP/src/stm32f4xx_rcc.o
 .debug_abbrev  0x00002f88      0x1e5 ./Drivers/SLP/src/stm32f4xx_sdio.o
 .debug_abbrev  0x0000316d      0x2b4 ./Drivers/SLP/src/stm32f4xx_tim.o
 .debug_abbrev  0x00003421      0x1c9 ./Drivers/SLP/src/stm32f4xx_usart.o
 .debug_abbrev  0x000035ea       0x12 ./Drivers/CMSIS/src/startup_stm32f40_41xxx.o
 .debug_abbrev  0x000035fc      0x147 ./Drivers/CMSIS/src/system_stm32f4xx.o

.debug_aranges  0x00000000     0x1250
 .debug_aranges
                0x00000000       0x20 ./Src/freertos.o
 .debug_aranges
                0x00000020       0x40 ./Src/main.o
 .debug_aranges
                0x00000060       0x20 ./Src/perirh_init.o
 .debug_aranges
                0x00000080       0xa0 ./Src/printf.o
 .debug_aranges
                0x00000120       0x30 ./Src/sd.o
 .debug_aranges
                0x00000150       0x40 ./Src/stm32f4xx_it.o
 .debug_aranges
                0x00000190       0x20 ./Src/tim6.o
 .debug_aranges
                0x000001b0       0x70 ./Src/uart.o
 .debug_aranges
                0x00000220       0x28 ./Src/uart1Task.o
 .debug_aranges
                0x00000248       0x48 ./FreeRTOS/src/heap_4.o
 .debug_aranges
                0x00000290       0x40 ./FreeRTOS/src/list.o
 .debug_aranges
                0x000002d0       0x80 ./FreeRTOS/src/port.o
 .debug_aranges
                0x00000350       0xe0 ./FreeRTOS/src/queue.o
 .debug_aranges
                0x00000430      0x190 ./FreeRTOS/src/tasks.o
 .debug_aranges
                0x000005c0       0x28 ./FATFS_SDIO/fatfs/option/ccsbcs.o
 .debug_aranges
                0x000005e8       0x40 ./FATFS_SDIO/fatfs/lo_level_ub/stm32_ub_atadrive.o
 .debug_aranges
                0x00000628      0x188 ./FATFS_SDIO/fatfs/lo_level_ub/stm32_ub_sdcard.o
 .debug_aranges
                0x000007b0       0x40 ./FATFS_SDIO/fatfs/lo_level_ub/stm32_ub_usbdisk.o
 .debug_aranges
                0x000007f0       0x48 ./FATFS_SDIO/fatfs/diskio.o
 .debug_aranges
                0x00000838      0x190 ./FATFS_SDIO/fatfs/ff.o
 .debug_aranges
                0x000009c8       0x78 ./FATFS_SDIO/stm32_ub_fatfs.o
 .debug_aranges
                0x00000a40       0xa8 ./Drivers/SLP/src/stm32f4xx_dma.o
 .debug_aranges
                0x00000ae8       0x88 ./Drivers/SLP/src/stm32f4xx_gpio.o
 .debug_aranges
                0x00000b70      0x1c0 ./Drivers/SLP/src/stm32f4xx_rcc.o
 .debug_aranges
                0x00000d30       0xf8 ./Drivers/SLP/src/stm32f4xx_sdio.o
 .debug_aranges
                0x00000e28      0x2d8 ./Drivers/SLP/src/stm32f4xx_tim.o
 .debug_aranges
                0x00001100      0x100 ./Drivers/SLP/src/stm32f4xx_usart.o
 .debug_aranges
                0x00001200       0x28 ./Drivers/CMSIS/src/startup_stm32f40_41xxx.o
 .debug_aranges
                0x00001228       0x28 ./Drivers/CMSIS/src/system_stm32f4xx.o

.debug_ranges   0x00000000     0x13a8
 .debug_ranges  0x00000000       0x10 ./Src/freertos.o
 .debug_ranges  0x00000010       0x30 ./Src/main.o
 .debug_ranges  0x00000040       0x10 ./Src/perirh_init.o
 .debug_ranges  0x00000050       0xa8 ./Src/printf.o
 .debug_ranges  0x000000f8       0x20 ./Src/sd.o
 .debug_ranges  0x00000118       0x30 ./Src/stm32f4xx_it.o
 .debug_ranges  0x00000148       0x10 ./Src/tim6.o
 .debug_ranges  0x00000158       0x90 ./Src/uart.o
 .debug_ranges  0x000001e8       0x18 ./Src/uart1Task.o
 .debug_ranges  0x00000200       0x38 ./FreeRTOS/src/heap_4.o
 .debug_ranges  0x00000238       0x30 ./FreeRTOS/src/list.o
 .debug_ranges  0x00000268       0x70 ./FreeRTOS/src/port.o
 .debug_ranges  0x000002d8       0xd0 ./FreeRTOS/src/queue.o
 .debug_ranges  0x000003a8      0x220 ./FreeRTOS/src/tasks.o
 .debug_ranges  0x000005c8       0x18 ./FATFS_SDIO/fatfs/option/ccsbcs.o
 .debug_ranges  0x000005e0       0x30 ./FATFS_SDIO/fatfs/lo_level_ub/stm32_ub_atadrive.o
 .debug_ranges  0x00000610      0x1f0 ./FATFS_SDIO/fatfs/lo_level_ub/stm32_ub_sdcard.o
 .debug_ranges  0x00000800       0x30 ./FATFS_SDIO/fatfs/lo_level_ub/stm32_ub_usbdisk.o
 .debug_ranges  0x00000830       0x38 ./FATFS_SDIO/fatfs/diskio.o
 .debug_ranges  0x00000868      0x2f0 ./FATFS_SDIO/fatfs/ff.o
 .debug_ranges  0x00000b58       0x68 ./FATFS_SDIO/stm32_ub_fatfs.o
 .debug_ranges  0x00000bc0       0x98 ./Drivers/SLP/src/stm32f4xx_dma.o
 .debug_ranges  0x00000c58       0x78 ./Drivers/SLP/src/stm32f4xx_gpio.o
 .debug_ranges  0x00000cd0      0x1b0 ./Drivers/SLP/src/stm32f4xx_rcc.o
 .debug_ranges  0x00000e80       0xe8 ./Drivers/SLP/src/stm32f4xx_sdio.o
 .debug_ranges  0x00000f68      0x300 ./Drivers/SLP/src/stm32f4xx_tim.o
 .debug_ranges  0x00001268       0xf0 ./Drivers/SLP/src/stm32f4xx_usart.o
 .debug_ranges  0x00001358       0x20 ./Drivers/CMSIS/src/startup_stm32f40_41xxx.o
 .debug_ranges  0x00001378       0x30 ./Drivers/CMSIS/src/system_stm32f4xx.o

.debug_line     0x00000000     0x6f4a
 .debug_line    0x00000000       0x8c ./Src/freertos.o
 .debug_line    0x0000008c      0x3f8 ./Src/main.o
 .debug_line    0x00000484      0x188 ./Src/perirh_init.o
 .debug_line    0x0000060c      0x2eb ./Src/printf.o
 .debug_line    0x000008f7      0x2b3 ./Src/sd.o
 .debug_line    0x00000baa      0x148 ./Src/stm32f4xx_it.o
 .debug_line    0x00000cf2      0x18c ./Src/tim6.o
 .debug_line    0x00000e7e      0x3db ./Src/uart.o
 .debug_line    0x00001259      0x247 ./Src/uart1Task.o
 .debug_line    0x000014a0      0x26e ./FreeRTOS/src/heap_4.o
 .debug_line    0x0000170e      0x18d ./FreeRTOS/src/list.o
 .debug_line    0x0000189b      0x293 ./FreeRTOS/src/port.o
 .debug_line    0x00001b2e      0x661 ./FreeRTOS/src/queue.o
 .debug_line    0x0000218f      0xae2 ./FreeRTOS/src/tasks.o
 .debug_line    0x00002c71       0xbc ./FATFS_SDIO/fatfs/option/ccsbcs.o
 .debug_line    0x00002d2d      0x1b7 ./FATFS_SDIO/fatfs/lo_level_ub/stm32_ub_atadrive.o
 .debug_line    0x00002ee4      0xbc4 ./FATFS_SDIO/fatfs/lo_level_ub/stm32_ub_sdcard.o
 .debug_line    0x00003aa8      0x1b6 ./FATFS_SDIO/fatfs/lo_level_ub/stm32_ub_usbdisk.o
 .debug_line    0x00003c5e      0x25e ./FATFS_SDIO/fatfs/diskio.o
 .debug_line    0x00003ebc      0xd76 ./FATFS_SDIO/fatfs/ff.o
 .debug_line    0x00004c32      0x338 ./FATFS_SDIO/stm32_ub_fatfs.o
 .debug_line    0x00004f6a      0x33c ./Drivers/SLP/src/stm32f4xx_dma.o
 .debug_line    0x000052a6      0x2cb ./Drivers/SLP/src/stm32f4xx_gpio.o
 .debug_line    0x00005571      0x5b5 ./Drivers/SLP/src/stm32f4xx_rcc.o
 .debug_line    0x00005b26      0x39d ./Drivers/SLP/src/stm32f4xx_sdio.o
 .debug_line    0x00005ec3      0xa22 ./Drivers/SLP/src/stm32f4xx_tim.o
 .debug_line    0x000068e5      0x44b ./Drivers/SLP/src/stm32f4xx_usart.o
 .debug_line    0x00006d30       0x8a ./Drivers/CMSIS/src/startup_stm32f40_41xxx.o
 .debug_line    0x00006dba      0x190 ./Drivers/CMSIS/src/system_stm32f4xx.o

.debug_str      0x00000000     0x5dbd
 .debug_str     0x00000000      0x1be ./Src/freertos.o
                                0x1fd (size before relaxing)
 .debug_str     0x000001be      0xad9 ./Src/main.o
                                0xce0 (size before relaxing)
 .debug_str     0x00000c97      0x18f ./Src/perirh_init.o
                                0x3d6 (size before relaxing)
 .debug_str     0x00000e26      0x488 ./Src/printf.o
                                0x6a1 (size before relaxing)
 .debug_str     0x000012ae      0x366 ./Src/sd.o
                                0x617 (size before relaxing)
 .debug_str     0x00001614       0x6f ./Src/stm32f4xx_it.o
                                0x23d (size before relaxing)
 .debug_str     0x00001683       0xbf ./Src/tim6.o
                                0x914 (size before relaxing)
 .debug_str     0x00001742      0x224 ./Src/uart.o
                                0xd36 (size before relaxing)
 .debug_str     0x00001966       0x2c ./Src/uart1Task.o
                                0x408 (size before relaxing)
 .debug_str     0x00001992      0x215 ./FreeRTOS/src/heap_4.o
                                0x3f1 (size before relaxing)
 .debug_str     0x00001ba7      0x129 ./FreeRTOS/src/list.o
                                0x319 (size before relaxing)
 .debug_str     0x00001cd0      0x256 ./FreeRTOS/src/port.o
                                0x479 (size before relaxing)
 .debug_str     0x00001f26      0x4eb ./FreeRTOS/src/queue.o
                                0x915 (size before relaxing)
 .debug_str     0x00002411      0x9b9 ./FreeRTOS/src/tasks.o
                               0x1011 (size before relaxing)
 .debug_str     0x00002dca       0x4f ./FATFS_SDIO/fatfs/option/ccsbcs.o
                                0x1cc (size before relaxing)
 .debug_str     0x00002e19       0x93 ./FATFS_SDIO/fatfs/lo_level_ub/stm32_ub_atadrive.o
                                0x284 (size before relaxing)
 .debug_str     0x00002eac     0x10bc ./FATFS_SDIO/fatfs/lo_level_ub/stm32_ub_sdcard.o
                               0x1b0c (size before relaxing)
 .debug_str     0x00003f68       0x88 ./FATFS_SDIO/fatfs/lo_level_ub/stm32_ub_usbdisk.o
                                0x282 (size before relaxing)
 .debug_str     0x00003ff0       0xb3 ./FATFS_SDIO/fatfs/diskio.o
                                0x386 (size before relaxing)
 .debug_str     0x000040a3      0x2d1 ./FATFS_SDIO/fatfs/ff.o
                                0x781 (size before relaxing)
 .debug_str     0x00004374      0x132 ./FATFS_SDIO/stm32_ub_fatfs.o
                                0x6d7 (size before relaxing)
 .debug_str     0x000044a6      0x1e7 ./Drivers/SLP/src/stm32f4xx_dma.o
                                0x5a3 (size before relaxing)
 .debug_str     0x0000468d      0x14c ./Drivers/SLP/src/stm32f4xx_gpio.o
                                0x526 (size before relaxing)
 .debug_str     0x000047d9      0x6b0 ./Drivers/SLP/src/stm32f4xx_rcc.o
                                0xa31 (size before relaxing)
 .debug_str     0x00004e89      0x1ab ./Drivers/SLP/src/stm32f4xx_sdio.o
                                0x68f (size before relaxing)
 .debug_str     0x00005034      0x9ef ./Drivers/SLP/src/stm32f4xx_tim.o
                                0xe52 (size before relaxing)
 .debug_str     0x00005a23      0x2ed ./Drivers/SLP/src/stm32f4xx_usart.o
                                0x73e (size before relaxing)
 .debug_str     0x00005d10       0xad ./Drivers/CMSIS/src/system_stm32f4xx.o
                                0x44d (size before relaxing)

.comment        0x00000000       0x6e
 .comment       0x00000000       0x6e ./Src/freertos.o
                                 0x6f (size before relaxing)
 .comment       0x0000006e       0x6f ./Src/main.o
 .comment       0x0000006e       0x6f ./Src/perirh_init.o
 .comment       0x0000006e       0x6f ./Src/printf.o
 .comment       0x0000006e       0x6f ./Src/sd.o
 .comment       0x0000006e       0x6f ./Src/stm32f4xx_it.o
 .comment       0x0000006e       0x6f ./Src/tim6.o
 .comment       0x0000006e       0x6f ./Src/uart.o
 .comment       0x0000006e       0x6f ./Src/uart1Task.o
 .comment       0x0000006e       0x6f ./FreeRTOS/src/heap_4.o
 .comment       0x0000006e       0x6f ./FreeRTOS/src/list.o
 .comment       0x0000006e       0x6f ./FreeRTOS/src/port.o
 .comment       0x0000006e       0x6f ./FreeRTOS/src/queue.o
 .comment       0x0000006e       0x6f ./FreeRTOS/src/tasks.o
 .comment       0x0000006e       0x6f ./FATFS_SDIO/fatfs/option/ccsbcs.o
 .comment       0x0000006e       0x6f ./FATFS_SDIO/fatfs/lo_level_ub/stm32_ub_atadrive.o
 .comment       0x0000006e       0x6f ./FATFS_SDIO/fatfs/lo_level_ub/stm32_ub_sdcard.o
 .comment       0x0000006e       0x6f ./FATFS_SDIO/fatfs/lo_level_ub/stm32_ub_usbdisk.o
 .comment       0x0000006e       0x6f ./FATFS_SDIO/fatfs/diskio.o
 .comment       0x0000006e       0x6f ./FATFS_SDIO/fatfs/ff.o
 .comment       0x0000006e       0x6f ./FATFS_SDIO/stm32_ub_fatfs.o
 .comment       0x0000006e       0x6f ./Drivers/SLP/src/stm32f4xx_dma.o
 .comment       0x0000006e       0x6f ./Drivers/SLP/src/stm32f4xx_gpio.o
 .comment       0x0000006e       0x6f ./Drivers/SLP/src/stm32f4xx_rcc.o
 .comment       0x0000006e       0x6f ./Drivers/SLP/src/stm32f4xx_sdio.o
 .comment       0x0000006e       0x6f ./Drivers/SLP/src/stm32f4xx_tim.o
 .comment       0x0000006e       0x6f ./Drivers/SLP/src/stm32f4xx_usart.o
 .comment       0x0000006e       0x6f ./Drivers/CMSIS/src/system_stm32f4xx.o

.debug_frame    0x00000000     0x2fb4
 .debug_frame   0x00000000       0x20 ./Src/freertos.o
 .debug_frame   0x00000020       0x8c ./Src/main.o
 .debug_frame   0x000000ac       0x28 ./Src/perirh_init.o
 .debug_frame   0x000000d4      0x1f4 ./Src/printf.o
 .debug_frame   0x000002c8       0x64 ./Src/sd.o
 .debug_frame   0x0000032c       0x70 ./Src/stm32f4xx_it.o
 .debug_frame   0x0000039c       0x2c ./Src/tim6.o
 .debug_frame   0x000003c8      0x108 ./Src/uart.o
 .debug_frame   0x000004d0       0x40 ./Src/uart1Task.o
 .debug_frame   0x00000510       0x98 ./FreeRTOS/src/heap_4.o
 .debug_frame   0x000005a8       0x6c ./FreeRTOS/src/list.o
 .debug_frame   0x00000614       0xf0 ./FreeRTOS/src/port.o
 .debug_frame   0x00000704      0x298 ./FreeRTOS/src/queue.o
 .debug_frame   0x0000099c      0x568 ./FreeRTOS/src/tasks.o
 .debug_frame   0x00000f04       0x38 ./FATFS_SDIO/fatfs/option/ccsbcs.o
 .debug_frame   0x00000f3c       0x80 ./FATFS_SDIO/fatfs/lo_level_ub/stm32_ub_atadrive.o
 .debug_frame   0x00000fbc      0x534 ./FATFS_SDIO/fatfs/lo_level_ub/stm32_ub_sdcard.o
 .debug_frame   0x000014f0       0x80 ./FATFS_SDIO/fatfs/lo_level_ub/stm32_ub_usbdisk.o
 .debug_frame   0x00001570       0x98 ./FATFS_SDIO/fatfs/diskio.o
 .debug_frame   0x00001608      0x5f0 ./FATFS_SDIO/fatfs/ff.o
 .debug_frame   0x00001bf8      0x128 ./FATFS_SDIO/stm32_ub_fatfs.o
 .debug_frame   0x00001d20      0x160 ./Drivers/SLP/src/stm32f4xx_dma.o
 .debug_frame   0x00001e80      0x124 ./Drivers/SLP/src/stm32f4xx_gpio.o
 .debug_frame   0x00001fa4      0x378 ./Drivers/SLP/src/stm32f4xx_rcc.o
 .debug_frame   0x0000231c      0x21c ./Drivers/SLP/src/stm32f4xx_sdio.o
 .debug_frame   0x00002538      0x6c8 ./Drivers/SLP/src/stm32f4xx_tim.o
 .debug_frame   0x00002c00      0x220 ./Drivers/SLP/src/stm32f4xx_usart.o
 .debug_frame   0x00002e20       0x3c ./Drivers/CMSIS/src/system_stm32f4xx.o
 .debug_frame   0x00002e5c       0x2c /opt/gcc-arm/bin/../lib/gcc/arm-none-eabi/5.4.1/../../../../arm-none-eabi/lib/armv7e-m/fpu/libg.a(lib_a-init.o)
 .debug_frame   0x00002e88       0x34 /opt/gcc-arm/bin/../lib/gcc/arm-none-eabi/5.4.1/../../../../arm-none-eabi/lib/armv7e-m/fpu/libg.a(lib_a-memset.o)
 .debug_frame   0x00002ebc       0x20 /opt/gcc-arm/bin/../lib/gcc/arm-none-eabi/5.4.1/../../../../arm-none-eabi/lib/armv7e-m/fpu/libg.a(lib_a-strcpy.o)
 .debug_frame   0x00002edc       0x50 /opt/gcc-arm/bin/../lib/gcc/arm-none-eabi/5.4.1/../../../../arm-none-eabi/lib/armv7e-m/fpu/libg.a(lib_a-__call_atexit.o)
 .debug_frame   0x00002f2c       0x20 /opt/gcc-arm/bin/../lib/gcc/arm-none-eabi/5.4.1/../../../../arm-none-eabi/lib/armv7e-m/fpu/libg.a(lib_a-atexit.o)
 .debug_frame   0x00002f4c       0x34 /opt/gcc-arm/bin/../lib/gcc/arm-none-eabi/5.4.1/../../../../arm-none-eabi/lib/armv7e-m/fpu/libg.a(lib_a-fini.o)
 .debug_frame   0x00002f80       0x34 /opt/gcc-arm/bin/../lib/gcc/arm-none-eabi/5.4.1/../../../../arm-none-eabi/lib/armv7e-m/fpu/libg.a(lib_a-__atexit.o)

.debug_loc      0x00000000     0xdcea
 .debug_loc     0x00000000       0xee ./Src/main.o
 .debug_loc     0x000000ee      0xab1 ./Src/printf.o
 .debug_loc     0x00000b9f       0x15 ./Src/tim6.o
 .debug_loc     0x00000bb4      0x32c ./Src/uart.o
 .debug_loc     0x00000ee0       0x9a ./Src/uart1Task.o
 .debug_loc     0x00000f7a      0x3a8 ./FreeRTOS/src/heap_4.o
 .debug_loc     0x00001322       0x94 ./FreeRTOS/src/list.o
 .debug_loc     0x000013b6       0xae ./FreeRTOS/src/port.o
 .debug_loc     0x00001464      0xb68 ./FreeRTOS/src/queue.o
 .debug_loc     0x00001fcc     0x1857 ./FreeRTOS/src/tasks.o
 .debug_loc     0x00003823      0x102 ./FATFS_SDIO/fatfs/option/ccsbcs.o
 .debug_loc     0x00003925       0x42 ./FATFS_SDIO/fatfs/lo_level_ub/stm32_ub_atadrive.o
 .debug_loc     0x00003967     0x174b ./FATFS_SDIO/fatfs/lo_level_ub/stm32_ub_sdcard.o
 .debug_loc     0x000050b2       0x42 ./FATFS_SDIO/fatfs/lo_level_ub/stm32_ub_usbdisk.o
 .debug_loc     0x000050f4      0x4b4 ./FATFS_SDIO/fatfs/diskio.o
 .debug_loc     0x000055a8     0x4866 ./FATFS_SDIO/fatfs/ff.o
 .debug_loc     0x00009e0e      0x7ba ./FATFS_SDIO/stm32_ub_fatfs.o
 .debug_loc     0x0000a5c8      0x43b ./Drivers/SLP/src/stm32f4xx_dma.o
 .debug_loc     0x0000aa03      0x33e ./Drivers/SLP/src/stm32f4xx_gpio.o
 .debug_loc     0x0000ad41      0xbab ./Drivers/SLP/src/stm32f4xx_rcc.o
 .debug_loc     0x0000b8ec      0x186 ./Drivers/SLP/src/stm32f4xx_sdio.o
 .debug_loc     0x0000ba72     0x1a64 ./Drivers/SLP/src/stm32f4xx_tim.o
 .debug_loc     0x0000d4d6      0x74e ./Drivers/SLP/src/stm32f4xx_usart.o
 .debug_loc     0x0000dc24       0xc6 ./Drivers/CMSIS/src/system_stm32f4xx.o
